npm warn Unknown cli config "--reporter". This will stop working in the next major version of npm.

> frontend@0.0.2 test:unit
> vitest run

11:06:08 AM [vite-plugin-svelte] invalid plugin options "hot" in inline config
{ hot: false }

[1m[46m RUN [49m[22m [36mv3.2.4 [39m[90mD:/knowledge-graph/frontend[39m

 [31mтЭп[39m src/lib/services/PreloadService.test.ts [2m([22m[2m15 tests[22m[2m | [22m[31m2 failed[39m[2m)[22m[32m 46[2mms[22m[39m
   [32mтЬУ[39m PreloadService[2m > [22mBasic Preloading[2m > [22mshould preload data when not authenticated[32m 8[2mms[22m[39m
   [32mтЬУ[39m PreloadService[2m > [22mBasic Preloading[2m > [22mshould not preload when authenticated[32m 3[2mms[22m[39m
[31m   [31m├Ч[31m PreloadService[2m > [22mBasic Preloading[2m > [22mshould handle preload errors gracefully[39m[32m 4[2mms[22m[39m
[31m     тЖТ Failed to load graph[39m
   [32mтЬУ[39m PreloadService[2m > [22mBasic Preloading[2m > [22mshould use cached graph when available[32m 2[2mms[22m[39m
   [32mтЬУ[39m PreloadService[2m > [22mBasic Preloading[2m > [22mshould fallback to fresh graph when cache is empty[32m 2[2mms[22m[39m
   [32mтЬУ[39m PreloadService[2m > [22mBasic Preloading[2m > [22mshould include delta in preloaded graph when available[32m 2[2mms[22m[39m
   [32mтЬУ[39m PreloadService[2m > [22mCache Management[2m > [22mshould cache preloaded data[32m 1[2mms[22m[39m
   [32mтЬУ[39m PreloadService[2m > [22mCache Management[2m > [22mshould clear cache[32m 1[2mms[22m[39m
   [32mтЬУ[39m PreloadService[2m > [22mCache Management[2m > [22mshould invalidate graph cache[32m 2[2mms[22m[39m
   [32mтЬУ[39m PreloadService[2m > [22mCache Management[2m > [22mshould invalidate achievements cache[32m 1[2mms[22m[39m
   [32mтЬУ[39m PreloadService[2m > [22mStatus Methods[2m > [22mshould return correct preloading status[32m 1[2mms[22m[39m
   [32mтЬУ[39m PreloadService[2m > [22mStatus Methods[2m > [22mshould return correct data availability status[32m 1[2mms[22m[39m
   [32mтЬУ[39m PreloadService[2m > [22mStatus Methods[2m > [22mshould return correct stats[32m 2[2mms[22m[39m
[31m   [31m├Ч[31m PreloadService[2m > [22mConcurrent Access[2m > [22mshould handle concurrent preload requests[39m[32m 5[2mms[22m[39m
[31m     тЖТ expected "spy" to be called 1 times, but got 0 times[39m
   [32mтЬУ[39m PreloadService[2m > [22mConcurrent Access[2m > [22mshould handle concurrent cache access[32m 1[2mms[22m[39m
stderr | src/lib/stores/auth.svelte.integration.test.ts > Auth Store Integration with PreloadService (Simplified) > Error Handling Integration > should handle preload service errors gracefully
Failed to clear preload cache on logout: Error: PreloadService error
    at D:\knowledge-graph\frontend\src\lib\stores\auth.svelte.integration.test.ts:176:11
    at mockCall (file:///D:/knowledge-graph/frontend/node_modules/@vitest/spy/dist/index.js:96:15)
    at spy (file:///D:/knowledge-graph/frontend/node_modules/tinyspy/dist/index.js:47:80)
    at Module.logout (D:\knowledge-graph\frontend\src\lib\stores\auth.svelte.ts:151:5)
    at D:\knowledge-graph\frontend\src\lib\stores\auth.svelte.integration.test.ts:253:20
    at file:///D:/knowledge-graph/frontend/node_modules/@vitest/runner/dist/chunk-hooks.js:155:11
    at file:///D:/knowledge-graph/frontend/node_modules/@vitest/runner/dist/chunk-hooks.js:752:26
    at file:///D:/knowledge-graph/frontend/node_modules/@vitest/runner/dist/chunk-hooks.js:1897:20
    at new Promise (<anonymous>)
    at runWithTimeout (file:///D:/knowledge-graph/frontend/node_modules/@vitest/runner/dist/chunk-hooks.js:1863:10)

 [31mтЭп[39m src/lib/stores/auth.svelte.integration.test.ts [2m([22m[2m11 tests[22m[2m | [22m[31m2 failed[39m[2m)[22m[32m 66[2mms[22m[39m
   [32mтЬУ[39m Auth Store Integration with PreloadService (Simplified)[2m > [22mLogout Integration[2m > [22mshould clear preload cache on logout[32m 14[2mms[22m[39m
   [32mтЬУ[39m Auth Store Integration with PreloadService (Simplified)[2m > [22mLogout Integration[2m > [22mshould clear preload cache even if logout API fails[32m 3[2mms[22m[39m
   [32mтЬУ[39m Auth Store Integration with PreloadService (Simplified)[2m > [22mLogout Integration[2m > [22mshould handle missing refresh token gracefully[32m 2[2mms[22m[39m
[31m   [31m├Ч[31m Auth Store Integration with PreloadService (Simplified)[2m > [22mLogin Flow Integration[2m > [22mshould not interfere with preload cache during login[39m[32m 16[2mms[22m[39m
[31m     тЖТ expected false to be true // Object.is equality[39m
   [32mтЬУ[39m Auth Store Integration with PreloadService (Simplified)[2m > [22mLogin Flow Integration[2m > [22mshould clear cache on failed login[32m 3[2mms[22m[39m
[31m   [31m├Ч[31m Auth Store Integration with PreloadService (Simplified)[2m > [22mAuth Initialization Integration[2m > [22mshould not start preload when user is already authenticated[39m[32m 6[2mms[22m[39m
[31m     тЖТ expected false to be true // Object.is equality[39m
   [32mтЬУ[39m Auth Store Integration with PreloadService (Simplified)[2m > [22mAuth Initialization Integration[2m > [22mshould handle auth initialization without affecting preload cache[32m 2[2mms[22m[39m
   [32mтЬУ[39m Auth Store Integration with PreloadService (Simplified)[2m > [22mBrowser Environment Integration[2m > [22mshould work correctly in browser environment[32m 1[2mms[22m[39m
   [32mтЬУ[39m Auth Store Integration with PreloadService (Simplified)[2m > [22mBrowser Environment Integration[2m > [22mshould work correctly in server environment[32m 1[2mms[22m[39m
   [32mтЬУ[39m Auth Store Integration with PreloadService (Simplified)[2m > [22mError Handling Integration[2m > [22mshould handle preload service errors gracefully[32m 8[2mms[22m[39m
   [32mтЬУ[39m Auth Store Integration with PreloadService (Simplified)[2m > [22mConcurrent Operations[2m > [22mshould handle concurrent auth operations with preload[32m 2[2mms[22m[39m
[90mstdout[2m | src/lib/components/GraphCanvas.links.visual.spec.ts[2m > [22m[2mGraphCanvas - Link Visual Correctness[2m > [22m[2mdrawAllLinks[2m > [22m[2mshould skip drawing when source node not found
[22m[39m[drawAllLinks] Total: 1, Drawn: 0, Skipped: 1

[90mstdout[2m | src/lib/components/GraphCanvas.links.visual.spec.ts[2m > [22m[2mGraphCanvas - Link Visual Correctness[2m > [22m[2mdrawAllLinks[2m > [22m[2mshould skip drawing when target node not found
[22m[39m[drawAllLinks] Total: 1, Drawn: 0, Skipped: 1

 [31mтЭп[39m src/lib/components/GraphCanvas.links.visual.spec.ts [2m([22m[2m17 tests[22m[2m | [22m[31m4 failed[39m[2m)[22m[32m 59[2mms[22m[39m
   [32mтЬУ[39m GraphCanvas - Link Visual Correctness[2m > [22mLink drawing functions[2m > [22mshould draw link from source to target coordinates[32m 9[2mms[22m[39m
[31m   [31m├Ч[31m GraphCanvas - Link Visual Correctness[2m > [22mLink drawing functions[2m > [22mshould use correct colors for reference links[39m[32m 9[2mms[22m[39m
[31m     тЖТ expected 'rgba(139, 92, 246, 0.6000000000000001)' to contain '51, 102, 255'[39m
[31m   [31m├Ч[31m GraphCanvas - Link Visual Correctness[2m > [22mLink drawing functions[2m > [22mshould use correct colors for dependency links[39m[32m 3[2mms[22m[39m
[31m     тЖТ expected 'rgba(255, 58, 47, 0.6000000000000001)' to contain '255, 102, 0'[39m
[31m   [31m├Ч[31m GraphCanvas - Link Visual Correctness[2m > [22mLink drawing functions[2m > [22mshould use correct colors for related links[39m[32m 2[2mms[22m[39m
[31m     тЖТ expected 'rgba(107, 114, 128, 0.600000000000000тАж' to contain '153, 153, 153'[39m
[31m   [31m├Ч[31m GraphCanvas - Link Visual Correctness[2m > [22mLink drawing functions[2m > [22mshould use correct colors for custom links[39m[32m 2[2mms[22m[39m
[31m     тЖТ expected 'rgba(232, 121, 249, 0.600000000000000тАж' to contain '255, 102, 255'[39m
   [32mтЬУ[39m GraphCanvas - Link Visual Correctness[2m > [22mLink drawing functions[2m > [22mshould apply opacity based on weight[32m 1[2mms[22m[39m
   [32mтЬУ[39m GraphCanvas - Link Visual Correctness[2m > [22mLine dash patterns[2m > [22mshould use solid line for reference links[32m 1[2mms[22m[39m
   [32mтЬУ[39m GraphCanvas - Link Visual Correctness[2m > [22mLine dash patterns[2m > [22mshould use dash-dot pattern for dependency links[32m 1[2mms[22m[39m
   [32mтЬУ[39m GraphCanvas - Link Visual Correctness[2m > [22mLine dash patterns[2m > [22mshould use dashed line for weak related links[32m 1[2mms[22m[39m
   [32mтЬУ[39m GraphCanvas - Link Visual Correctness[2m > [22mLine dash patterns[2m > [22mshould use solid line for strong related links[32m 1[2mms[22m[39m
   [32mтЬУ[39m GraphCanvas - Link Visual Correctness[2m > [22mLine dash patterns[2m > [22mshould use dotted pattern for custom links[32m 2[2mms[22m[39m
   [32mтЬУ[39m GraphCanvas - Link Visual Correctness[2m > [22mLink width calculation[2m > [22mshould apply thicker line for dependency links[32m 2[2mms[22m[39m
   [32mтЬУ[39m GraphCanvas - Link Visual Correctness[2m > [22mLink width calculation[2m > [22mshould apply thinner line for reference links[32m 2[2mms[22m[39m
   [32mтЬУ[39m GraphCanvas - Link Visual Correctness[2m > [22mdrawAllLinks[2m > [22mshould skip drawing when source node not found[32m 5[2mms[22m[39m
   [32mтЬУ[39m GraphCanvas - Link Visual Correctness[2m > [22mdrawAllLinks[2m > [22mshould skip drawing when target node not found[32m 2[2mms[22m[39m
   [32mтЬУ[39m GraphCanvas - Link Visual Correctness[2m > [22mdrawAllLinks[2m > [22mshould draw links when source/target ids are strings (pre-D3 shape)[32m 2[2mms[22m[39m
   [32mтЬУ[39m GraphCanvas - Link Visual Correctness[2m > [22mdrawAllLinks[2m > [22mshould draw links when source/target are node refs (post-d3-force shape)[32m 1[2mms[22m[39m
 [31mтЭп[39m src/lib/components/GraphCanvas.links-detailed.spec.ts [2m([22m[2m11 tests[22m[2m | [22m[31m5 failed[39m[2m)[22m[32m 65[2mms[22m[39m
   [32mтЬУ[39m GraphCanvas - Link Rendering Detailed[2m > [22mLink Coordinates[2m > [22mdraws link from source to target with correct coordinates[32m 9[2mms[22m[39m
   [32mтЬУ[39m GraphCanvas - Link Rendering Detailed[2m > [22mLink Coordinates[2m > [22mdraws multiple links with correct source-target pairs[32m 3[2mms[22m[39m
[31m   [31m├Ч[31m GraphCanvas - Link Rendering Detailed[2m > [22mLink Type Styles[2m > [22mreference link uses solid blue line (#3366ff)[39m[32m 12[2mms[22m[39m
[31m     тЖТ expected 'rgba(139, 92, 246, 0.7200000000000001)' to contain '51, 102, 255'[39m
[31m   [31m├Ч[31m GraphCanvas - Link Rendering Detailed[2m > [22mLink Type Styles[2m > [22mdependency link uses dashed orange line (#ff6600)[39m[32m 4[2mms[22m[39m
[31m     тЖТ expected 'rgba(255, 58, 47, 0.7200000000000001)' to contain '255, 102'[39m
[31m   [31m├Ч[31m GraphCanvas - Link Rendering Detailed[2m > [22mLink Type Styles[2m > [22mrelated link with strong weight uses solid gray line[39m[32m 5[2mms[22m[39m
[31m     тЖТ expected 'rgba(107, 114, 128, 0.720000000000000тАж' to contain '153, 153'[39m
   [32mтЬУ[39m GraphCanvas - Link Rendering Detailed[2m > [22mLink Type Styles[2m > [22mrelated link with weak weight uses dashed gray line[32m 3[2mms[22m[39m
[31m   [31m├Ч[31m GraphCanvas - Link Rendering Detailed[2m > [22mLink Type Styles[2m > [22mcustom link uses dotted pink line (#ff66ff)[39m[32m 4[2mms[22m[39m
[31m     тЖТ expected 'rgba(232, 121, 249, 0.720000000000000тАж' to contain '255, 102, 255'[39m
   [32mтЬУ[39m GraphCanvas - Link Rendering Detailed[2m > [22mLink Line Width[2m > [22mline width increases with weight[32m 3[2mms[22m[39m
   [32mтЬУ[39m GraphCanvas - Link Rendering Detailed[2m > [22mLink Line Width[2m > [22mdependency links have thicker lines[32m 3[2mms[22m[39m
[31m   [31m├Ч[31m GraphCanvas - Link Rendering Detailed[2m > [22mLink Colors Helper Functions[2m > [22mgetLinkColor returns correct color for each type[39m[32m 5[2mms[22m[39m
[31m     тЖТ expected 'rgba(139, 92, 246, 0.7200000000000001)' to contain 'rgba(51, 102, 255'[39m
   [32mтЬУ[39m GraphCanvas - Link Rendering Detailed[2m > [22mLink Colors Helper Functions[2m > [22mgetLineDash returns correct patterns for each type[32m 3[2mms[22m[39m
[90mstdout[2m | src/lib/hooks/usePreloadedData.test.ts[2m > [22m[2musePreloadedData Hooks[2m > [22m[2mgetGraphWithPreload[2m > [22m[2mshould return preloaded data when available
[22m[39m[PreloadService] Clearing preload cache...

[90mstdout[2m | src/lib/hooks/usePreloadedData.test.ts[2m > [22m[2musePreloadedData Hooks[2m > [22m[2mgetGraphWithPreload[2m > [22m[2mshould return preloaded data when available
[22m[39m[PreloadService] Starting background preload...

[90mstdout[2m | src/lib/hooks/usePreloadedData.test.ts[2m > [22m[2musePreloadedData Hooks[2m > [22m[2mgetGraphWithPreload[2m > [22m[2mshould return preloaded data when available
[22m[39m[PreloadService] Public graph preloaded successfully

[90mstdout[2m | src/lib/hooks/usePreloadedData.test.ts[2m > [22m[2musePreloadedData Hooks[2m > [22m[2mgetGraphWithPreload[2m > [22m[2mshould return preloaded data when available
[22m[39m[PreloadService] Graph preloaded successfully
[PreloadService] Achievements preloaded successfully

[90mstdout[2m | src/lib/hooks/usePreloadedData.test.ts[2m > [22m[2musePreloadedData Hooks[2m > [22m[2mgetGraphWithPreload[2m > [22m[2mshould return preloaded data when available
[22m[39m[usePreloadedData] Using preloaded graph data

[90mstdout[2m | src/lib/hooks/usePreloadedData.test.ts[2m > [22m[2musePreloadedData Hooks[2m > [22m[2mgetGraphWithPreload[2m > [22m[2mshould return preloaded data when available
[22m[39m[PreloadService] Clearing preload cache...

[90mstdout[2m | src/lib/hooks/usePreloadedData.test.ts[2m > [22m[2musePreloadedData Hooks[2m > [22m[2mgetGraphWithPreload[2m > [22m[2mshould fetch from server when no preloaded data
[22m[39m[PreloadService] Clearing preload cache...

[90mstdout[2m | src/lib/hooks/usePreloadedData.test.ts[2m > [22m[2musePreloadedData Hooks[2m > [22m[2mgetGraphWithPreload[2m > [22m[2mshould fetch from server when no preloaded data
[22m[39m[usePreloadedData] Loading graph data from server

[90mstdout[2m | src/lib/hooks/usePreloadedData.test.ts[2m > [22m[2musePreloadedData Hooks[2m > [22m[2mgetGraphWithPreload[2m > [22m[2mshould fetch from server when no preloaded data
[22m[39m[PreloadService] Clearing preload cache...

[90mstdout[2m | src/lib/hooks/usePreloadedData.test.ts[2m > [22m[2musePreloadedData Hooks[2m > [22m[2mgetGraphWithPreload[2m > [22m[2mshould use default limit when not specified
[22m[39m[PreloadService] Clearing preload cache...

[90mstdout[2m | src/lib/hooks/usePreloadedData.test.ts[2m > [22m[2musePreloadedData Hooks[2m > [22m[2mgetGraphWithPreload[2m > [22m[2mshould use default limit when not specified
[22m[39m[usePreloadedData] Loading graph data from server

[90mstdout[2m | src/lib/hooks/usePreloadedData.test.ts[2m > [22m[2musePreloadedData Hooks[2m > [22m[2mgetGraphWithPreload[2m > [22m[2mshould use default limit when not specified
[22m[39m[PreloadService] Clearing preload cache...

[90mstdout[2m | src/lib/hooks/usePreloadedData.test.ts[2m > [22m[2musePreloadedData Hooks[2m > [22m[2mgetGraphWithPreload[2m > [22m[2mshould handle server errors gracefully
[22m[39m[PreloadService] Clearing preload cache...

[90mstdout[2m | src/lib/hooks/usePreloadedData.test.ts[2m > [22m[2musePreloadedData Hooks[2m > [22m[2mgetGraphWithPreload[2m > [22m[2mshould handle server errors gracefully
[22m[39m[usePreloadedData] Loading graph data from server

[90mstdout[2m | src/lib/hooks/usePreloadedData.test.ts[2m > [22m[2musePreloadedData Hooks[2m > [22m[2mgetGraphWithPreload[2m > [22m[2mshould handle server errors gracefully
[22m[39m[PreloadService] Clearing preload cache...

[90mstdout[2m | src/lib/hooks/usePreloadedData.test.ts[2m > [22m[2musePreloadedData Hooks[2m > [22m[2mgetGraphWithPreload[2m > [22m[2mshould log when using preloaded data
[22m[39m[PreloadService] Clearing preload cache...

[90mstdout[2m | src/lib/hooks/usePreloadedData.test.ts[2m > [22m[2musePreloadedData Hooks[2m > [22m[2mgetGraphWithPreload[2m > [22m[2mshould log when using preloaded data
[22m[39m[PreloadService] Clearing preload cache...

[90mstdout[2m | src/lib/hooks/usePreloadedData.test.ts[2m > [22m[2musePreloadedData Hooks[2m > [22m[2mgetGraphWithPreload[2m > [22m[2mshould log when loading from server
[22m[39m[PreloadService] Clearing preload cache...

[90mstdout[2m | src/lib/hooks/usePreloadedData.test.ts[2m > [22m[2musePreloadedData Hooks[2m > [22m[2mgetGraphWithPreload[2m > [22m[2mshould log when loading from server
[22m[39m[PreloadService] Clearing preload cache...

[90mstdout[2m | src/lib/hooks/usePreloadedData.test.ts[2m > [22m[2musePreloadedData Hooks[2m > [22m[2mgetAchievementsWithPreload[2m > [22m[2mshould return preloaded public achievements when available
[22m[39m[PreloadService] Clearing preload cache...

[90mstdout[2m | src/lib/hooks/usePreloadedData.test.ts[2m > [22m[2musePreloadedData Hooks[2m > [22m[2mgetAchievementsWithPreload[2m > [22m[2mshould return preloaded public achievements when available
[22m[39m[PreloadService] Starting background preload...

[90mstdout[2m | src/lib/hooks/usePreloadedData.test.ts[2m > [22m[2musePreloadedData Hooks[2m > [22m[2mgetAchievementsWithPreload[2m > [22m[2mshould return preloaded public achievements when available
[22m[39m[PreloadService] Public graph preloaded successfully

[90mstdout[2m | src/lib/hooks/usePreloadedData.test.ts[2m > [22m[2musePreloadedData Hooks[2m > [22m[2mgetAchievementsWithPreload[2m > [22m[2mshould return preloaded public achievements when available
[22m[39m[PreloadService] Graph preloaded successfully
[PreloadService] Achievements preloaded successfully

[90mstdout[2m | src/lib/hooks/usePreloadedData.test.ts[2m > [22m[2musePreloadedData Hooks[2m > [22m[2mgetAchievementsWithPreload[2m > [22m[2mshould return preloaded public achievements when available
[22m[39m[usePreloadedData] Using preloaded achievements data

[90mstdout[2m | src/lib/hooks/usePreloadedData.test.ts[2m > [22m[2musePreloadedData Hooks[2m > [22m[2mgetAchievementsWithPreload[2m > [22m[2mshould return preloaded public achievements when available
[22m[39m[PreloadService] Clearing preload cache...

[90mstdout[2m | src/lib/hooks/usePreloadedData.test.ts[2m > [22m[2musePreloadedData Hooks[2m > [22m[2mgetAchievementsWithPreload[2m > [22m[2mshould fetch personal achievements when usePersonal is true
[22m[39m[PreloadService] Clearing preload cache...

[90mstdout[2m | src/lib/hooks/usePreloadedData.test.ts[2m > [22m[2musePreloadedData Hooks[2m > [22m[2mgetAchievementsWithPreload[2m > [22m[2mshould fetch personal achievements when usePersonal is true
[22m[39m[PreloadService] Starting background preload...

[90mstdout[2m | src/lib/hooks/usePreloadedData.test.ts[2m > [22m[2musePreloadedData Hooks[2m > [22m[2mgetAchievementsWithPreload[2m > [22m[2mshould fetch personal achievements when usePersonal is true
[22m[39m[PreloadService] Public graph preloaded successfully

[90mstdout[2m | src/lib/hooks/usePreloadedData.test.ts[2m > [22m[2musePreloadedData Hooks[2m > [22m[2mgetAchievementsWithPreload[2m > [22m[2mshould fetch personal achievements when usePersonal is true
[22m[39m[PreloadService] Graph preloaded successfully
[PreloadService] Achievements preloaded successfully

[90mstdout[2m | src/lib/hooks/usePreloadedData.test.ts[2m > [22m[2musePreloadedData Hooks[2m > [22m[2mgetAchievementsWithPreload[2m > [22m[2mshould fetch personal achievements when usePersonal is true
[22m[39m[usePreloadedData] Loading personal achievements from server

[90mstdout[2m | src/lib/hooks/usePreloadedData.test.ts[2m > [22m[2musePreloadedData Hooks[2m > [22m[2mgetAchievementsWithPreload[2m > [22m[2mshould fetch personal achievements when usePersonal is true
[22m[39m[PreloadService] Clearing preload cache...

[90mstdout[2m | src/lib/hooks/usePreloadedData.test.ts[2m > [22m[2musePreloadedData Hooks[2m > [22m[2mgetAchievementsWithPreload[2m > [22m[2mshould fetch public achievements when usePersonal is false and no preloaded data
[22m[39m[PreloadService] Clearing preload cache...

[90mstdout[2m | src/lib/hooks/usePreloadedData.test.ts[2m > [22m[2musePreloadedData Hooks[2m > [22m[2mgetAchievementsWithPreload[2m > [22m[2mshould fetch public achievements when usePersonal is false and no preloaded data
[22m[39m[usePreloadedData] Loading all achievements from server

[90mstdout[2m | src/lib/hooks/usePreloadedData.test.ts[2m > [22m[2musePreloadedData Hooks[2m > [22m[2mgetAchievementsWithPreload[2m > [22m[2mshould fetch public achievements when usePersonal is false and no preloaded data
[22m[39m[PreloadService] Clearing preload cache...

[90mstdout[2m | src/lib/hooks/usePreloadedData.test.ts[2m > [22m[2musePreloadedData Hooks[2m > [22m[2mgetAchievementsWithPreload[2m > [22m[2mshould fetch personal achievements when usePersonal is true and no preloaded data
[22m[39m[PreloadService] Clearing preload cache...

[90mstdout[2m | src/lib/hooks/usePreloadedData.test.ts[2m > [22m[2musePreloadedData Hooks[2m > [22m[2mgetAchievementsWithPreload[2m > [22m[2mshould fetch personal achievements when usePersonal is true and no preloaded data
[22m[39m[usePreloadedData] Loading personal achievements from server

[90mstdout[2m | src/lib/hooks/usePreloadedData.test.ts[2m > [22m[2musePreloadedData Hooks[2m > [22m[2mgetAchievementsWithPreload[2m > [22m[2mshould fetch personal achievements when usePersonal is true and no preloaded data
[22m[39m[PreloadService] Clearing preload cache...

[90mstdout[2m | src/lib/hooks/usePreloadedData.test.ts[2m > [22m[2musePreloadedData Hooks[2m > [22m[2mgetAchievementsWithPreload[2m > [22m[2mshould handle API errors gracefully
[22m[39m[PreloadService] Clearing preload cache...

[90mstdout[2m | src/lib/hooks/usePreloadedData.test.ts[2m > [22m[2musePreloadedData Hooks[2m > [22m[2mgetAchievementsWithPreload[2m > [22m[2mshould handle API errors gracefully
[22m[39m[usePreloadedData] Loading all achievements from server

[90mstdout[2m | src/lib/hooks/usePreloadedData.test.ts[2m > [22m[2musePreloadedData Hooks[2m > [22m[2mgetAchievementsWithPreload[2m > [22m[2mshould handle API errors gracefully
[22m[39m[PreloadService] Clearing preload cache...

[90mstdout[2m | src/lib/hooks/usePreloadedData.test.ts[2m > [22m[2musePreloadedData Hooks[2m > [22m[2mgetAchievementsWithPreload[2m > [22m[2mshould log when using preloaded achievements
[22m[39m[PreloadService] Clearing preload cache...

[90mstdout[2m | src/lib/hooks/usePreloadedData.test.ts[2m > [22m[2musePreloadedData Hooks[2m > [22m[2mgetAchievementsWithPreload[2m > [22m[2mshould log when using preloaded achievements
[22m[39m[PreloadService] Clearing preload cache...

[90mstdout[2m | src/lib/hooks/usePreloadedData.test.ts[2m > [22m[2musePreloadedData Hooks[2m > [22m[2mgetAchievementsWithPreload[2m > [22m[2mshould log when loading achievements from server
[22m[39m[PreloadService] Clearing preload cache...

[90mstdout[2m | src/lib/hooks/usePreloadedData.test.ts[2m > [22m[2musePreloadedData Hooks[2m > [22m[2mgetAchievementsWithPreload[2m > [22m[2mshould log when loading achievements from server
[22m[39m[PreloadService] Clearing preload cache...

[90mstdout[2m | src/lib/hooks/usePreloadedData.test.ts[2m > [22m[2musePreloadedData Hooks[2m > [22m[2musePreloadedDataStatus[2m > [22m[2mshould return correct status when no data is preloaded
[22m[39m[PreloadService] Clearing preload cache...

[90mstdout[2m | src/lib/hooks/usePreloadedData.test.ts[2m > [22m[2musePreloadedData Hooks[2m > [22m[2musePreloadedDataStatus[2m > [22m[2mshould return correct status when no data is preloaded
[22m[39m[PreloadService] Clearing preload cache...

[90mstdout[2m | src/lib/hooks/usePreloadedData.test.ts[2m > [22m[2musePreloadedData Hooks[2m > [22m[2musePreloadedDataStatus[2m > [22m[2mshould return correct status when only graph is preloaded
[22m[39m[PreloadService] Clearing preload cache...

[90mstdout[2m | src/lib/hooks/usePreloadedData.test.ts[2m > [22m[2musePreloadedData Hooks[2m > [22m[2musePreloadedDataStatus[2m > [22m[2mshould return correct status when only graph is preloaded
[22m[39m[PreloadService] Starting background preload...

stderr | src/lib/hooks/usePreloadedData.test.ts > usePreloadedData Hooks > usePreloadedDataStatus > should return correct status when only graph is preloaded
[PreloadService] Error preloading achievements: Error: Failed to load achievements
    at D:\knowledge-graph\frontend\src\lib\services\__mocks__\PreloadService.mocks.ts:122:38
    at processTicksAndRejections (node:internal/process/task_queues:105:5)
    at VitestExecutor.runModule (file:///D:/knowledge-graph/frontend/node_modules/vite-node/dist/client.mjs:397:4)
    at VitestExecutor.directRequest (file:///D:/knowledge-graph/frontend/node_modules/vite-node/dist/client.mjs:375:3)
    at VitestExecutor.cachedRequest (file:///D:/knowledge-graph/frontend/node_modules/vite-node/dist/client.mjs:189:11)
    at VitestExecutor.dependencyRequest (file:///D:/knowledge-graph/frontend/node_modules/vite-node/dist/client.mjs:239:10)
    at D:\knowledge-graph\frontend\src\lib\hooks\usePreloadedData.test.ts:7:1
    at VitestExecutor.runModule (file:///D:/knowledge-graph/frontend/node_modules/vite-node/dist/client.mjs:397:4)
    at VitestExecutor.directRequest (file:///D:/knowledge-graph/frontend/node_modules/vite-node/dist/client.mjs:375:3)
    at VitestExecutor.cachedRequest (file:///D:/knowledge-graph/frontend/node_modules/vite-node/dist/client.mjs:189:11)

[90mstdout[2m | src/lib/hooks/usePreloadedData.test.ts[2m > [22m[2musePreloadedData Hooks[2m > [22m[2musePreloadedDataStatus[2m > [22m[2mshould return correct status when only graph is preloaded
[22m[39m[PreloadService] Public graph preloaded successfully

[90mstdout[2m | src/lib/hooks/usePreloadedData.test.ts[2m > [22m[2musePreloadedData Hooks[2m > [22m[2musePreloadedDataStatus[2m > [22m[2mshould return correct status when only graph is preloaded
[22m[39m[PreloadService] Graph preloaded successfully

stderr | src/lib/hooks/usePreloadedData.test.ts > usePreloadedData Hooks > usePreloadedDataStatus > should return correct status when only graph is preloaded
[PreloadService] Failed to preload achievements: Error: Failed to load achievements
    at D:\knowledge-graph\frontend\src\lib\services\__mocks__\PreloadService.mocks.ts:122:38
    at processTicksAndRejections (node:internal/process/task_queues:105:5)
    at VitestExecutor.runModule (file:///D:/knowledge-graph/frontend/node_modules/vite-node/dist/client.mjs:397:4)
    at VitestExecutor.directRequest (file:///D:/knowledge-graph/frontend/node_modules/vite-node/dist/client.mjs:375:3)
    at VitestExecutor.cachedRequest (file:///D:/knowledge-graph/frontend/node_modules/vite-node/dist/client.mjs:189:11)
    at VitestExecutor.dependencyRequest (file:///D:/knowledge-graph/frontend/node_modules/vite-node/dist/client.mjs:239:10)
    at D:\knowledge-graph\frontend\src\lib\hooks\usePreloadedData.test.ts:7:1
    at VitestExecutor.runModule (file:///D:/knowledge-graph/frontend/node_modules/vite-node/dist/client.mjs:397:4)
    at VitestExecutor.directRequest (file:///D:/knowledge-graph/frontend/node_modules/vite-node/dist/client.mjs:375:3)
    at VitestExecutor.cachedRequest (file:///D:/knowledge-graph/frontend/node_modules/vite-node/dist/client.mjs:189:11)

[90mstdout[2m | src/lib/hooks/usePreloadedData.test.ts[2m > [22m[2musePreloadedData Hooks[2m > [22m[2musePreloadedDataStatus[2m > [22m[2mshould return correct status when only graph is preloaded
[22m[39m[PreloadService] Clearing preload cache...

[90mstdout[2m | src/lib/hooks/usePreloadedData.test.ts[2m > [22m[2musePreloadedData Hooks[2m > [22m[2musePreloadedDataStatus[2m > [22m[2mshould return correct status when only achievements are preloaded
[22m[39m[PreloadService] Clearing preload cache...

[90mstdout[2m | src/lib/hooks/usePreloadedData.test.ts[2m > [22m[2musePreloadedData Hooks[2m > [22m[2musePreloadedDataStatus[2m > [22m[2mshould return correct status when only achievements are preloaded
[22m[39m[PreloadService] Starting background preload...

stderr | src/lib/hooks/usePreloadedData.test.ts > usePreloadedData Hooks > usePreloadedDataStatus > should return correct status when only achievements are preloaded
[PreloadService] Error preloading public graph: Error: Failed to load graph
    at D:\knowledge-graph\frontend\src\lib\services\__mocks__\PreloadService.mocks.ts:121:31
    at processTicksAndRejections (node:internal/process/task_queues:105:5)
    at VitestExecutor.runModule (file:///D:/knowledge-graph/frontend/node_modules/vite-node/dist/client.mjs:397:4)
    at VitestExecutor.directRequest (file:///D:/knowledge-graph/frontend/node_modules/vite-node/dist/client.mjs:375:3)
    at VitestExecutor.cachedRequest (file:///D:/knowledge-graph/frontend/node_modules/vite-node/dist/client.mjs:189:11)
    at VitestExecutor.dependencyRequest (file:///D:/knowledge-graph/frontend/node_modules/vite-node/dist/client.mjs:239:10)
    at D:\knowledge-graph\frontend\src\lib\hooks\usePreloadedData.test.ts:7:1
    at VitestExecutor.runModule (file:///D:/knowledge-graph/frontend/node_modules/vite-node/dist/client.mjs:397:4)
    at VitestExecutor.directRequest (file:///D:/knowledge-graph/frontend/node_modules/vite-node/dist/client.mjs:375:3)
    at VitestExecutor.cachedRequest (file:///D:/knowledge-graph/frontend/node_modules/vite-node/dist/client.mjs:189:11)

[90mstdout[2m | src/lib/hooks/usePreloadedData.test.ts[2m > [22m[2musePreloadedData Hooks[2m > [22m[2musePreloadedDataStatus[2m > [22m[2mshould return correct status when only achievements are preloaded
[22m[39m[PreloadService] Achievements preloaded successfully

stderr | src/lib/hooks/usePreloadedData.test.ts > usePreloadedData Hooks > usePreloadedDataStatus > should return correct status when only achievements are preloaded
[PreloadService] Failed to preload graph: Error: Failed to load graph
    at D:\knowledge-graph\frontend\src\lib\services\__mocks__\PreloadService.mocks.ts:121:31
    at processTicksAndRejections (node:internal/process/task_queues:105:5)
    at VitestExecutor.runModule (file:///D:/knowledge-graph/frontend/node_modules/vite-node/dist/client.mjs:397:4)
    at VitestExecutor.directRequest (file:///D:/knowledge-graph/frontend/node_modules/vite-node/dist/client.mjs:375:3)
    at VitestExecutor.cachedRequest (file:///D:/knowledge-graph/frontend/node_modules/vite-node/dist/client.mjs:189:11)
    at VitestExecutor.dependencyRequest (file:///D:/knowledge-graph/frontend/node_modules/vite-node/dist/client.mjs:239:10)
    at D:\knowledge-graph\frontend\src\lib\hooks\usePreloadedData.test.ts:7:1
    at VitestExecutor.runModule (file:///D:/knowledge-graph/frontend/node_modules/vite-node/dist/client.mjs:397:4)
    at VitestExecutor.directRequest (file:///D:/knowledge-graph/frontend/node_modules/vite-node/dist/client.mjs:375:3)
    at VitestExecutor.cachedRequest (file:///D:/knowledge-graph/frontend/node_modules/vite-node/dist/client.mjs:189:11)

[90mstdout[2m | src/lib/hooks/usePreloadedData.test.ts[2m > [22m[2musePreloadedData Hooks[2m > [22m[2musePreloadedDataStatus[2m > [22m[2mshould return correct status when only achievements are preloaded
[22m[39m[PreloadService] Clearing preload cache...

[90mstdout[2m | src/lib/hooks/usePreloadedData.test.ts[2m > [22m[2musePreloadedData Hooks[2m > [22m[2musePreloadedDataStatus[2m > [22m[2mshould return correct status when both data types are preloaded
[22m[39m[PreloadService] Clearing preload cache...

[90mstdout[2m | src/lib/hooks/usePreloadedData.test.ts[2m > [22m[2musePreloadedData Hooks[2m > [22m[2musePreloadedDataStatus[2m > [22m[2mshould return correct status when both data types are preloaded
[22m[39m[PreloadService] Starting background preload...

[90mstdout[2m | src/lib/hooks/usePreloadedData.test.ts[2m > [22m[2musePreloadedData Hooks[2m > [22m[2musePreloadedDataStatus[2m > [22m[2mshould return correct status when both data types are preloaded
[22m[39m[PreloadService] Public graph preloaded successfully

[90mstdout[2m | src/lib/hooks/usePreloadedData.test.ts[2m > [22m[2musePreloadedData Hooks[2m > [22m[2musePreloadedDataStatus[2m > [22m[2mshould return correct status when both data types are preloaded
[22m[39m[PreloadService] Graph preloaded successfully
[PreloadService] Achievements preloaded successfully

[90mstdout[2m | src/lib/hooks/usePreloadedData.test.ts[2m > [22m[2musePreloadedData Hooks[2m > [22m[2musePreloadedDataStatus[2m > [22m[2mshould return correct status when both data types are preloaded
[22m[39m[PreloadService] Clearing preload cache...

[90mstdout[2m | src/lib/hooks/usePreloadedData.test.ts[2m > [22m[2musePreloadedData Hooks[2m > [22m[2museInstantData[2m > [22m[2mshould return empty data when nothing is preloaded
[22m[39m[PreloadService] Clearing preload cache...

[90mstdout[2m | src/lib/hooks/usePreloadedData.test.ts[2m > [22m[2musePreloadedData Hooks[2m > [22m[2museInstantData[2m > [22m[2mshould return empty data when nothing is preloaded
[22m[39m[PreloadService] Clearing preload cache...

[90mstdout[2m | src/lib/hooks/usePreloadedData.test.ts[2m > [22m[2musePreloadedData Hooks[2m > [22m[2museInstantData[2m > [22m[2mshould return preloaded graph when available
[22m[39m[PreloadService] Clearing preload cache...

[90mstdout[2m | src/lib/hooks/usePreloadedData.test.ts[2m > [22m[2musePreloadedData Hooks[2m > [22m[2museInstantData[2m > [22m[2mshould return preloaded graph when available
[22m[39m[PreloadService] Starting background preload...

[90mstdout[2m | src/lib/hooks/usePreloadedData.test.ts[2m > [22m[2musePreloadedData Hooks[2m > [22m[2museInstantData[2m > [22m[2mshould return preloaded graph when available
[22m[39m[PreloadService] Public graph preloaded successfully

[90mstdout[2m | src/lib/hooks/usePreloadedData.test.ts[2m > [22m[2musePreloadedData Hooks[2m > [22m[2museInstantData[2m > [22m[2mshould return preloaded graph when available
[22m[39m[PreloadService] Graph preloaded successfully
[PreloadService] Achievements preloaded successfully

[90mstdout[2m | src/lib/hooks/usePreloadedData.test.ts[2m > [22m[2musePreloadedData Hooks[2m > [22m[2museInstantData[2m > [22m[2mshould return preloaded graph when available
[22m[39m[PreloadService] Clearing preload cache...

[90mstdout[2m | src/lib/hooks/usePreloadedData.test.ts[2m > [22m[2musePreloadedData Hooks[2m > [22m[2museInstantData[2m > [22m[2mshould return partial data when only one type is preloaded
[22m[39m[PreloadService] Clearing preload cache...

[90mstdout[2m | src/lib/hooks/usePreloadedData.test.ts[2m > [22m[2musePreloadedData Hooks[2m > [22m[2museInstantData[2m > [22m[2mshould return partial data when only one type is preloaded
[22m[39m[PreloadService] Starting background preload...

stderr | src/lib/hooks/usePreloadedData.test.ts > usePreloadedData Hooks > useInstantData > should return partial data when only one type is preloaded
[PreloadService] Error preloading achievements: Error: Failed to load achievements
    at D:\knowledge-graph\frontend\src\lib\services\__mocks__\PreloadService.mocks.ts:122:38
    at processTicksAndRejections (node:internal/process/task_queues:105:5)
    at VitestExecutor.runModule (file:///D:/knowledge-graph/frontend/node_modules/vite-node/dist/client.mjs:397:4)
    at VitestExecutor.directRequest (file:///D:/knowledge-graph/frontend/node_modules/vite-node/dist/client.mjs:375:3)
    at VitestExecutor.cachedRequest (file:///D:/knowledge-graph/frontend/node_modules/vite-node/dist/client.mjs:189:11)
    at VitestExecutor.dependencyRequest (file:///D:/knowledge-graph/frontend/node_modules/vite-node/dist/client.mjs:239:10)
    at D:\knowledge-graph\frontend\src\lib\hooks\usePreloadedData.test.ts:7:1
    at VitestExecutor.runModule (file:///D:/knowledge-graph/frontend/node_modules/vite-node/dist/client.mjs:397:4)
    at VitestExecutor.directRequest (file:///D:/knowledge-graph/frontend/node_modules/vite-node/dist/client.mjs:375:3)
    at VitestExecutor.cachedRequest (file:///D:/knowledge-graph/frontend/node_modules/vite-node/dist/client.mjs:189:11)

[90mstdout[2m | src/lib/hooks/usePreloadedData.test.ts[2m > [22m[2musePreloadedData Hooks[2m > [22m[2museInstantData[2m > [22m[2mshould return partial data when only one type is preloaded
[22m[39m[PreloadService] Public graph preloaded successfully

[90mstdout[2m | src/lib/hooks/usePreloadedData.test.ts[2m > [22m[2musePreloadedData Hooks[2m > [22m[2museInstantData[2m > [22m[2mshould return partial data when only one type is preloaded
[22m[39m[PreloadService] Graph preloaded successfully

stderr | src/lib/hooks/usePreloadedData.test.ts > usePreloadedData Hooks > useInstantData > should return partial data when only one type is preloaded
[PreloadService] Failed to preload achievements: Error: Failed to load achievements
    at D:\knowledge-graph\frontend\src\lib\services\__mocks__\PreloadService.mocks.ts:122:38
    at processTicksAndRejections (node:internal/process/task_queues:105:5)
    at VitestExecutor.runModule (file:///D:/knowledge-graph/frontend/node_modules/vite-node/dist/client.mjs:397:4)
    at VitestExecutor.directRequest (file:///D:/knowledge-graph/frontend/node_modules/vite-node/dist/client.mjs:375:3)
    at VitestExecutor.cachedRequest (file:///D:/knowledge-graph/frontend/node_modules/vite-node/dist/client.mjs:189:11)
    at VitestExecutor.dependencyRequest (file:///D:/knowledge-graph/frontend/node_modules/vite-node/dist/client.mjs:239:10)
    at D:\knowledge-graph\frontend\src\lib\hooks\usePreloadedData.test.ts:7:1
    at VitestExecutor.runModule (file:///D:/knowledge-graph/frontend/node_modules/vite-node/dist/client.mjs:397:4)
    at VitestExecutor.directRequest (file:///D:/knowledge-graph/frontend/node_modules/vite-node/dist/client.mjs:375:3)
    at VitestExecutor.cachedRequest (file:///D:/knowledge-graph/frontend/node_modules/vite-node/dist/client.mjs:189:11)

[90mstdout[2m | src/lib/hooks/usePreloadedData.test.ts[2m > [22m[2musePreloadedData Hooks[2m > [22m[2museInstantData[2m > [22m[2mshould return partial data when only one type is preloaded
[22m[39m[PreloadService] Clearing preload cache...

[90mstdout[2m | src/lib/hooks/usePreloadedData.test.ts[2m > [22m[2musePreloadedData Hooks[2m > [22m[2mloadAppData[2m > [22m[2mshould load both data types using preloaded data
[22m[39m[PreloadService] Clearing preload cache...

[90mstdout[2m | src/lib/hooks/usePreloadedData.test.ts[2m > [22m[2musePreloadedData Hooks[2m > [22m[2mloadAppData[2m > [22m[2mshould load both data types using preloaded data
[22m[39m[PreloadService] Starting background preload...

[90mstdout[2m | src/lib/hooks/usePreloadedData.test.ts[2m > [22m[2musePreloadedData Hooks[2m > [22m[2mloadAppData[2m > [22m[2mshould load both data types using preloaded data
[22m[39m[PreloadService] Public graph preloaded successfully

[90mstdout[2m | src/lib/hooks/usePreloadedData.test.ts[2m > [22m[2musePreloadedData Hooks[2m > [22m[2mloadAppData[2m > [22m[2mshould load both data types using preloaded data
[22m[39m[PreloadService] Graph preloaded successfully
[PreloadService] Achievements preloaded successfully

[90mstdout[2m | src/lib/hooks/usePreloadedData.test.ts[2m > [22m[2musePreloadedData Hooks[2m > [22m[2mloadAppData[2m > [22m[2mshould load both data types using preloaded data
[22m[39m[usePreloadedData] Using preloaded graph data
[usePreloadedData] Using preloaded achievements data

[90mstdout[2m | src/lib/hooks/usePreloadedData.test.ts[2m > [22m[2musePreloadedData Hooks[2m > [22m[2mloadAppData[2m > [22m[2mshould load both data types using preloaded data
[22m[39m[PreloadService] Clearing preload cache...

[90mstdout[2m | src/lib/hooks/usePreloadedData.test.ts[2m > [22m[2musePreloadedData Hooks[2m > [22m[2mloadAppData[2m > [22m[2mshould load data from server when no preloaded data
[22m[39m[PreloadService] Clearing preload cache...

[90mstdout[2m | src/lib/hooks/usePreloadedData.test.ts[2m > [22m[2musePreloadedData Hooks[2m > [22m[2mloadAppData[2m > [22m[2mshould load data from server when no preloaded data
[22m[39m[usePreloadedData] Loading graph data from server
[usePreloadedData] Loading all achievements from server

[90mstdout[2m | src/lib/hooks/usePreloadedData.test.ts[2m > [22m[2musePreloadedData Hooks[2m > [22m[2mloadAppData[2m > [22m[2mshould load data from server when no preloaded data
[22m[39m[PreloadService] Clearing preload cache...

[90mstdout[2m | src/lib/hooks/usePreloadedData.test.ts[2m > [22m[2musePreloadedData Hooks[2m > [22m[2mloadAppData[2m > [22m[2mshould load personal achievements when specified
[22m[39m[PreloadService] Clearing preload cache...

[90mstdout[2m | src/lib/hooks/usePreloadedData.test.ts[2m > [22m[2musePreloadedData Hooks[2m > [22m[2mloadAppData[2m > [22m[2mshould load personal achievements when specified
[22m[39m[PreloadService] Starting background preload...

[90mstdout[2m | src/lib/hooks/usePreloadedData.test.ts[2m > [22m[2musePreloadedData Hooks[2m > [22m[2mloadAppData[2m > [22m[2mshould load personal achievements when specified
[22m[39m[PreloadService] Public graph preloaded successfully

[90mstdout[2m | src/lib/hooks/usePreloadedData.test.ts[2m > [22m[2musePreloadedData Hooks[2m > [22m[2mloadAppData[2m > [22m[2mshould load personal achievements when specified
[22m[39m[PreloadService] Graph preloaded successfully
[PreloadService] Achievements preloaded successfully

[90mstdout[2m | src/lib/hooks/usePreloadedData.test.ts[2m > [22m[2musePreloadedData Hooks[2m > [22m[2mloadAppData[2m > [22m[2mshould load personal achievements when specified
[22m[39m[usePreloadedData] Using preloaded graph data
[usePreloadedData] Loading personal achievements from server

[90mstdout[2m | src/lib/hooks/usePreloadedData.test.ts[2m > [22m[2musePreloadedData Hooks[2m > [22m[2mloadAppData[2m > [22m[2mshould load personal achievements when specified
[22m[39m[PreloadService] Clearing preload cache...

[90mstdout[2m | src/lib/hooks/usePreloadedData.test.ts[2m > [22m[2musePreloadedData Hooks[2m > [22m[2mloadAppData[2m > [22m[2mshould use custom limit for graph
[22m[39m[PreloadService] Clearing preload cache...

[90mstdout[2m | src/lib/hooks/usePreloadedData.test.ts[2m > [22m[2musePreloadedData Hooks[2m > [22m[2mloadAppData[2m > [22m[2mshould use custom limit for graph
[22m[39m[usePreloadedData] Loading graph data from server
[usePreloadedData] Loading all achievements from server

[90mstdout[2m | src/lib/hooks/usePreloadedData.test.ts[2m > [22m[2musePreloadedData Hooks[2m > [22m[2mloadAppData[2m > [22m[2mshould use custom limit for graph
[22m[39m[PreloadService] Clearing preload cache...

[90mstdout[2m | src/lib/hooks/usePreloadedData.test.ts[2m > [22m[2musePreloadedData Hooks[2m > [22m[2mloadAppData[2m > [22m[2mshould handle API errors when fallbackToServer is false
[22m[39m[PreloadService] Clearing preload cache...

[90mstdout[2m | src/lib/hooks/usePreloadedData.test.ts[2m > [22m[2musePreloadedData Hooks[2m > [22m[2mloadAppData[2m > [22m[2mshould handle API errors when fallbackToServer is false
[22m[39m[usePreloadedData] Loading graph data from server
[usePreloadedData] Loading all achievements from server

[90mstdout[2m | src/lib/hooks/usePreloadedData.test.ts[2m > [22m[2musePreloadedData Hooks[2m > [22m[2mloadAppData[2m > [22m[2mshould handle API errors when fallbackToServer is false
[22m[39m[PreloadService] Clearing preload cache...

[90mstdout[2m | src/lib/hooks/usePreloadedData.test.ts[2m > [22m[2musePreloadedData Hooks[2m > [22m[2mloadAppData[2m > [22m[2mshould load data in parallel
[22m[39m[PreloadService] Clearing preload cache...

[90mstdout[2m | src/lib/hooks/usePreloadedData.test.ts[2m > [22m[2musePreloadedData Hooks[2m > [22m[2mloadAppData[2m > [22m[2mshould load data in parallel
[22m[39m[usePreloadedData] Loading graph data from server
[usePreloadedData] Loading all achievements from server

[90mstdout[2m | src/lib/hooks/usePreloadedData.test.ts[2m > [22m[2musePreloadedData Hooks[2m > [22m[2mloadAppData[2m > [22m[2mshould load data in parallel
[22m[39m[PreloadService] Clearing preload cache...

[90mstdout[2m | src/lib/hooks/usePreloadedData.test.ts[2m > [22m[2musePreloadedData Hooks[2m > [22m[2mloadAppData[2m > [22m[2mshould mix preloaded and fresh data correctly
[22m[39m[PreloadService] Clearing preload cache...

[90mstdout[2m | src/lib/hooks/usePreloadedData.test.ts[2m > [22m[2musePreloadedData Hooks[2m > [22m[2mloadAppData[2m > [22m[2mshould mix preloaded and fresh data correctly
[22m[39m[PreloadService] Starting background preload...

stderr | src/lib/hooks/usePreloadedData.test.ts > usePreloadedData Hooks > loadAppData > should mix preloaded and fresh data correctly
[PreloadService] Error preloading achievements: Error: Failed to load achievements
    at D:\knowledge-graph\frontend\src\lib\services\__mocks__\PreloadService.mocks.ts:122:38
    at processTicksAndRejections (node:internal/process/task_queues:105:5)
    at VitestExecutor.runModule (file:///D:/knowledge-graph/frontend/node_modules/vite-node/dist/client.mjs:397:4)
    at VitestExecutor.directRequest (file:///D:/knowledge-graph/frontend/node_modules/vite-node/dist/client.mjs:375:3)
    at VitestExecutor.cachedRequest (file:///D:/knowledge-graph/frontend/node_modules/vite-node/dist/client.mjs:189:11)
    at VitestExecutor.dependencyRequest (file:///D:/knowledge-graph/frontend/node_modules/vite-node/dist/client.mjs:239:10)
    at D:\knowledge-graph\frontend\src\lib\hooks\usePreloadedData.test.ts:7:1
    at VitestExecutor.runModule (file:///D:/knowledge-graph/frontend/node_modules/vite-node/dist/client.mjs:397:4)
    at VitestExecutor.directRequest (file:///D:/knowledge-graph/frontend/node_modules/vite-node/dist/client.mjs:375:3)
    at VitestExecutor.cachedRequest (file:///D:/knowledge-graph/frontend/node_modules/vite-node/dist/client.mjs:189:11)

[90mstdout[2m | src/lib/hooks/usePreloadedData.test.ts[2m > [22m[2musePreloadedData Hooks[2m > [22m[2mloadAppData[2m > [22m[2mshould mix preloaded and fresh data correctly
[22m[39m[PreloadService] Public graph preloaded successfully

[90mstdout[2m | src/lib/hooks/usePreloadedData.test.ts[2m > [22m[2musePreloadedData Hooks[2m > [22m[2mloadAppData[2m > [22m[2mshould mix preloaded and fresh data correctly
[22m[39m[PreloadService] Graph preloaded successfully

stderr | src/lib/hooks/usePreloadedData.test.ts > usePreloadedData Hooks > loadAppData > should mix preloaded and fresh data correctly
[PreloadService] Failed to preload achievements: Error: Failed to load achievements
    at D:\knowledge-graph\frontend\src\lib\services\__mocks__\PreloadService.mocks.ts:122:38
    at processTicksAndRejections (node:internal/process/task_queues:105:5)
    at VitestExecutor.runModule (file:///D:/knowledge-graph/frontend/node_modules/vite-node/dist/client.mjs:397:4)
    at VitestExecutor.directRequest (file:///D:/knowledge-graph/frontend/node_modules/vite-node/dist/client.mjs:375:3)
    at VitestExecutor.cachedRequest (file:///D:/knowledge-graph/frontend/node_modules/vite-node/dist/client.mjs:189:11)
    at VitestExecutor.dependencyRequest (file:///D:/knowledge-graph/frontend/node_modules/vite-node/dist/client.mjs:239:10)
    at D:\knowledge-graph\frontend\src\lib\hooks\usePreloadedData.test.ts:7:1
    at VitestExecutor.runModule (file:///D:/knowledge-graph/frontend/node_modules/vite-node/dist/client.mjs:397:4)
    at VitestExecutor.directRequest (file:///D:/knowledge-graph/frontend/node_modules/vite-node/dist/client.mjs:375:3)
    at VitestExecutor.cachedRequest (file:///D:/knowledge-graph/frontend/node_modules/vite-node/dist/client.mjs:189:11)

[90mstdout[2m | src/lib/hooks/usePreloadedData.test.ts[2m > [22m[2musePreloadedData Hooks[2m > [22m[2mloadAppData[2m > [22m[2mshould mix preloaded and fresh data correctly
[22m[39m[usePreloadedData] Using preloaded graph data
[usePreloadedData] Loading all achievements from server

[90mstdout[2m | src/lib/hooks/usePreloadedData.test.ts[2m > [22m[2musePreloadedData Hooks[2m > [22m[2mloadAppData[2m > [22m[2mshould mix preloaded and fresh data correctly
[22m[39m[PreloadService] Clearing preload cache...

[90mstdout[2m | src/lib/hooks/usePreloadedData.test.ts[2m > [22m[2musePreloadedData Hooks[2m > [22m[2mloadAppData[2m > [22m[2mshould use default options when not specified
[22m[39m[PreloadService] Clearing preload cache...

[90mstdout[2m | src/lib/hooks/usePreloadedData.test.ts[2m > [22m[2musePreloadedData Hooks[2m > [22m[2mloadAppData[2m > [22m[2mshould use default options when not specified
[22m[39m[usePreloadedData] Loading graph data from server
[usePreloadedData] Loading all achievements from server

[90mstdout[2m | src/lib/hooks/usePreloadedData.test.ts[2m > [22m[2musePreloadedData Hooks[2m > [22m[2mloadAppData[2m > [22m[2mshould use default options when not specified
[22m[39m[PreloadService] Clearing preload cache...

 [31mтЭп[39m src/lib/hooks/usePreloadedData.test.ts [2m([22m[2m28 tests[22m[2m | [22m[31m1 failed[39m[2m)[22m[32m 163[2mms[22m[39m
   [32mтЬУ[39m usePreloadedData Hooks[2m > [22mgetGraphWithPreload[2m > [22mshould return preloaded data when available[32m 16[2mms[22m[39m
   [32mтЬУ[39m usePreloadedData Hooks[2m > [22mgetGraphWithPreload[2m > [22mshould fetch from server when no preloaded data[32m 4[2mms[22m[39m
   [32mтЬУ[39m usePreloadedData Hooks[2m > [22mgetGraphWithPreload[2m > [22mshould use default limit when not specified[32m 3[2mms[22m[39m
   [32mтЬУ[39m usePreloadedData Hooks[2m > [22mgetGraphWithPreload[2m > [22mshould handle server errors gracefully[32m 5[2mms[22m[39m
   [32mтЬУ[39m usePreloadedData Hooks[2m > [22mgetGraphWithPreload[2m > [22mshould log when using preloaded data[32m 4[2mms[22m[39m
   [32mтЬУ[39m usePreloadedData Hooks[2m > [22mgetGraphWithPreload[2m > [22mshould log when loading from server[32m 3[2mms[22m[39m
   [32mтЬУ[39m usePreloadedData Hooks[2m > [22mgetAchievementsWithPreload[2m > [22mshould return preloaded public achievements when available[32m 7[2mms[22m[39m
   [32mтЬУ[39m usePreloadedData Hooks[2m > [22mgetAchievementsWithPreload[2m > [22mshould fetch personal achievements when usePersonal is true[32m 4[2mms[22m[39m
   [32mтЬУ[39m usePreloadedData Hooks[2m > [22mgetAchievementsWithPreload[2m > [22mshould fetch public achievements when usePersonal is false and no preloaded data[32m 3[2mms[22m[39m
   [32mтЬУ[39m usePreloadedData Hooks[2m > [22mgetAchievementsWithPreload[2m > [22mshould fetch personal achievements when usePersonal is true and no preloaded data[32m 2[2mms[22m[39m
   [32mтЬУ[39m usePreloadedData Hooks[2m > [22mgetAchievementsWithPreload[2m > [22mshould handle API errors gracefully[32m 3[2mms[22m[39m
   [32mтЬУ[39m usePreloadedData Hooks[2m > [22mgetAchievementsWithPreload[2m > [22mshould log when using preloaded achievements[32m 4[2mms[22m[39m
   [32mтЬУ[39m usePreloadedData Hooks[2m > [22mgetAchievementsWithPreload[2m > [22mshould log when loading achievements from server[32m 3[2mms[22m[39m
   [32mтЬУ[39m usePreloadedData Hooks[2m > [22musePreloadedDataStatus[2m > [22mshould return correct status when no data is preloaded[32m 2[2mms[22m[39m
   [32mтЬУ[39m usePreloadedData Hooks[2m > [22musePreloadedDataStatus[2m > [22mshould return correct status when only graph is preloaded[32m 16[2mms[22m[39m
   [32mтЬУ[39m usePreloadedData Hooks[2m > [22musePreloadedDataStatus[2m > [22mshould return correct status when only achievements are preloaded[32m 6[2mms[22m[39m
   [32mтЬУ[39m usePreloadedData Hooks[2m > [22musePreloadedDataStatus[2m > [22mshould return correct status when both data types are preloaded[32m 3[2mms[22m[39m
[31m   [31m├Ч[31m usePreloadedData Hooks[2m > [22museInstantData[2m > [22mshould return empty data when nothing is preloaded[39m[32m 16[2mms[22m[39m
[31m     тЖТ expected { тАж(5) } to deeply equal { тАж(4) }[39m
   [32mтЬУ[39m usePreloadedData Hooks[2m > [22museInstantData[2m > [22mshould return preloaded graph when available[32m 5[2mms[22m[39m
   [32mтЬУ[39m usePreloadedData Hooks[2m > [22museInstantData[2m > [22mshould return partial data when only one type is preloaded[32m 4[2mms[22m[39m
   [32mтЬУ[39m usePreloadedData Hooks[2m > [22mloadAppData[2m > [22mshould load both data types using preloaded data[32m 4[2mms[22m[39m
   [32mтЬУ[39m usePreloadedData Hooks[2m > [22mloadAppData[2m > [22mshould load data from server when no preloaded data[32m 2[2mms[22m[39m
   [32mтЬУ[39m usePreloadedData Hooks[2m > [22mloadAppData[2m > [22mshould load personal achievements when specified[32m 3[2mms[22m[39m
   [32mтЬУ[39m usePreloadedData Hooks[2m > [22mloadAppData[2m > [22mshould use custom limit for graph[32m 3[2mms[22m[39m
   [32mтЬУ[39m usePreloadedData Hooks[2m > [22mloadAppData[2m > [22mshould handle API errors when fallbackToServer is false[32m 6[2mms[22m[39m
   [32mтЬУ[39m usePreloadedData Hooks[2m > [22mloadAppData[2m > [22mshould load data in parallel[32m 2[2mms[22m[39m
   [32mтЬУ[39m usePreloadedData Hooks[2m > [22mloadAppData[2m > [22mshould mix preloaded and fresh data correctly[32m 6[2mms[22m[39m
   [32mтЬУ[39m usePreloadedData Hooks[2m > [22mloadAppData[2m > [22mshould use default options when not specified[32m 6[2mms[22m[39m
[90mstdout[2m | src/lib/components/GraphCanvas.node-types.visual.spec.ts[2m > [22m[2mGraphCanvas - Visual Node Type Correctness[2m > [22m[2mStar visual properties[2m > [22m[2mshould use correct fill and stroke colors for star
[22m[39m[GraphCanvas] Received nodes types: [ [32m'star'[39m ] Total: [33m1[39m
[GraphCanvas] First node: { id: [32m'1'[39m, title: [32m'Star'[39m, type: [32m'star'[39m }
[simulation] Initial node coordinates: [ { id: [32m'1'[39m, x: [33m718.4[39m, y: [33m344[39m } ]
[drawAllLinks] Total: 0, Drawn: 0, Skipped: 0

[90mstdout[2m | src/lib/components/GraphCanvas.node-types.visual.spec.ts[2m > [22m[2mGraphCanvas - Visual Node Type Correctness[2m > [22m[2mStar visual properties[2m > [22m[2mshould use correct fill and stroke colors for star
[22m[39m[drawAllLinks] Total: 0, Drawn: 0, Skipped: 0

[90mstdout[2m | src/lib/components/GraphCanvas.node-types.spec.ts[2m > [22m[2mGraphCanvas - Node Type Rendering[2m > [22m[2mrenders star nodes with coordinates
[22m[39m[GraphCanvas] Received nodes types: [ [32m'star'[39m ] Total: [33m1[39m
[GraphCanvas] First node: { id: [32m'1'[39m, title: [32m'Star'[39m, type: [32m'star'[39m }
[simulation] Initial node coordinates: [ { id: [32m'1'[39m, x: [33m718.4[39m, y: [33m344[39m } ]
[drawAllLinks] Total: 0, Drawn: 0, Skipped: 0

[90mstdout[2m | src/lib/components/GraphCanvas.node-types.spec.ts[2m > [22m[2mGraphCanvas - Node Type Rendering[2m > [22m[2mrenders star nodes with coordinates
[22m[39m[drawAllLinks] Total: 0, Drawn: 0, Skipped: 0

[90mstdout[2m | src/lib/components/GraphCanvas.node-types.visual.spec.ts[2m > [22m[2mGraphCanvas - Visual Node Type Correctness[2m > [22m[2mStar visual properties[2m > [22m[2mshould draw star shape with 5 points
[22m[39m[GraphCanvas] Received nodes types: [ [32m'star'[39m ] Total: [33m1[39m
[GraphCanvas] First node: { id: [32m'1'[39m, title: [32m'Star'[39m, type: [32m'star'[39m }
[simulation] Initial node coordinates: [ { id: [32m'1'[39m, x: [33m718.4[39m, y: [33m344[39m } ]
[drawAllLinks] Total: 0, Drawn: 0, Skipped: 0

[90mstdout[2m | src/lib/components/GraphCanvas.node-types.spec.ts[2m > [22m[2mGraphCanvas - Node Type Rendering[2m > [22m[2mrenders planet nodes with coordinates
[22m[39m[GraphCanvas] Received nodes types: [ [32m'planet'[39m ] Total: [33m1[39m
[GraphCanvas] First node: { id: [32m'1'[39m, title: [32m'Planet'[39m, type: [32m'planet'[39m }
[simulation] Initial node coordinates: [ { id: [32m'1'[39m, x: [33m718.4[39m, y: [33m344[39m } ]
[drawAllLinks] Total: 0, Drawn: 0, Skipped: 0

[90mstdout[2m | src/lib/components/GraphCanvas.node-types.visual.spec.ts[2m > [22m[2mGraphCanvas - Visual Node Type Correctness[2m > [22m[2mStar visual properties[2m > [22m[2mshould draw star shape with 5 points
[22m[39m[drawAllLinks] Total: 0, Drawn: 0, Skipped: 0

[90mstdout[2m | src/lib/components/GraphCanvas.node-types.spec.ts[2m > [22m[2mGraphCanvas - Node Type Rendering[2m > [22m[2mrenders planet nodes with coordinates
[22m[39m[drawAllLinks] Total: 0, Drawn: 0, Skipped: 0

[90mstdout[2m | src/lib/components/GraphCanvas.node-types.visual.spec.ts[2m > [22m[2mGraphCanvas - Visual Node Type Correctness[2m > [22m[2mPlanet visual properties[2m > [22m[2mshould use correct fill colors for planet
[22m[39m[GraphCanvas] Received nodes types: [ [32m'planet'[39m ] Total: [33m1[39m
[GraphCanvas] First node: { id: [32m'1'[39m, title: [32m'Planet'[39m, type: [32m'planet'[39m }
[simulation] Initial node coordinates: [ { id: [32m'1'[39m, x: [33m718.4[39m, y: [33m344[39m } ]
[drawAllLinks] Total: 0, Drawn: 0, Skipped: 0

[90mstdout[2m | src/lib/components/GraphCanvas.node-types.spec.ts[2m > [22m[2mGraphCanvas - Node Type Rendering[2m > [22m[2mrenders comet nodes with coordinates
[22m[39m[GraphCanvas] Received nodes types: [ [32m'comet'[39m ] Total: [33m1[39m
[GraphCanvas] First node: { id: [32m'1'[39m, title: [32m'Comet'[39m, type: [32m'comet'[39m }
[simulation] Initial node coordinates: [ { id: [32m'1'[39m, x: [33m718.4[39m, y: [33m344[39m } ]
[drawAllLinks] Total: 0, Drawn: 0, Skipped: 0

[90mstdout[2m | src/lib/components/GraphCanvas.node-types.visual.spec.ts[2m > [22m[2mGraphCanvas - Visual Node Type Correctness[2m > [22m[2mPlanet visual properties[2m > [22m[2mshould use correct fill colors for planet
[22m[39m[drawAllLinks] Total: 0, Drawn: 0, Skipped: 0

[90mstdout[2m | src/lib/components/GraphCanvas.node-types.spec.ts[2m > [22m[2mGraphCanvas - Node Type Rendering[2m > [22m[2mrenders comet nodes with coordinates
[22m[39m[drawAllLinks] Total: 0, Drawn: 0, Skipped: 0

[90mstdout[2m | src/lib/components/GraphCanvas.node-types.visual.spec.ts[2m > [22m[2mGraphCanvas - Visual Node Type Correctness[2m > [22m[2mPlanet visual properties[2m > [22m[2mshould draw circular base with ellipse bands
[22m[39m[GraphCanvas] Received nodes types: [ [32m'planet'[39m ] Total: [33m1[39m
[GraphCanvas] First node: { id: [32m'1'[39m, title: [32m'Planet'[39m, type: [32m'planet'[39m }
[simulation] Initial node coordinates: [ { id: [32m'1'[39m, x: [33m718.4[39m, y: [33m344[39m } ]
[drawAllLinks] Total: 0, Drawn: 0, Skipped: 0

[90mstdout[2m | src/lib/components/GraphCanvas.node-types.spec.ts[2m > [22m[2mGraphCanvas - Node Type Rendering[2m > [22m[2mrenders galaxy nodes with coordinates
[22m[39m[GraphCanvas] Received nodes types: [ [32m'galaxy'[39m ] Total: [33m1[39m
[GraphCanvas] First node: { id: [32m'1'[39m, title: [32m'Galaxy'[39m, type: [32m'galaxy'[39m }
[simulation] Initial node coordinates: [ { id: [32m'1'[39m, x: [33m718.4[39m, y: [33m344[39m } ]
[drawAllLinks] Total: 0, Drawn: 0, Skipped: 0

[90mstdout[2m | src/lib/components/GraphCanvas.node-types.visual.spec.ts[2m > [22m[2mGraphCanvas - Visual Node Type Correctness[2m > [22m[2mPlanet visual properties[2m > [22m[2mshould draw circular base with ellipse bands
[22m[39m[drawAllLinks] Total: 0, Drawn: 0, Skipped: 0

[90mstdout[2m | src/lib/components/GraphCanvas.node-types.spec.ts[2m > [22m[2mGraphCanvas - Node Type Rendering[2m > [22m[2mrenders galaxy nodes with coordinates
[22m[39m[drawAllLinks] Total: 0, Drawn: 0, Skipped: 0

[90mstdout[2m | src/lib/components/GraphCanvas.node-types.visual.spec.ts[2m > [22m[2mGraphCanvas - Visual Node Type Correctness[2m > [22m[2mComet visual properties[2m > [22m[2mshould use correct fill colors for comet
[22m[39m[GraphCanvas] Received nodes types: [ [32m'comet'[39m ] Total: [33m1[39m
[GraphCanvas] First node: { id: [32m'1'[39m, title: [32m'Comet'[39m, type: [32m'comet'[39m }
[simulation] Initial node coordinates: [ { id: [32m'1'[39m, x: [33m718.4[39m, y: [33m344[39m } ]
[drawAllLinks] Total: 0, Drawn: 0, Skipped: 0

[90mstdout[2m | src/lib/components/GraphCanvas.node-types.spec.ts[2m > [22m[2mGraphCanvas - Node Type Rendering[2m > [22m[2mrenders asteroid nodes with coordinates
[22m[39m[GraphCanvas] Received nodes types: [ [32m'asteroid'[39m ] Total: [33m1[39m
[GraphCanvas] First node: { id: [32m'1'[39m, title: [32m'Asteroid'[39m, type: [32m'asteroid'[39m }
[simulation] Initial node coordinates: [ { id: [32m'1'[39m, x: [33m718.4[39m, y: [33m344[39m } ]
[drawAllLinks] Total: 0, Drawn: 0, Skipped: 0

 [31mтЭп[39m src/lib/components/CreateNoteModal.spec.ts [2m([22m[2m10 tests[22m[2m | [22m[31m1 failed[39m[2m)[22m[33m 1291[2mms[22m[39m
   [32mтЬУ[39m CreateNoteModal[2m > [22mrenders modal when open is true[32m 193[2mms[22m[39m
   [32mтЬУ[39m CreateNoteModal[2m > [22mdoes not render when open is false[32m 10[2mms[22m[39m
[31m   [31m├Ч[31m CreateNoteModal[2m > [22mshows validation error when title is empty[39m[32m 100[2mms[22m[39m
[31m     тЖТ Unable to find an element with the text: Title is required. This could be because the text is broken up by multiple elements. In this case, you can provide a function for your text matcher to make your matcher more flexible.

Ignored nodes: comments, script, style
[36m<body>[31m
  [36m<div>[31m
    [36m<div[31m
      [33mclass[31m=[32m"modal-overlay svelte-ta60gp"[31m
      [33mrole[31m=[32m"presentation"[31m
    [36m>[31m
      [36m<div[31m
        [33maria-labelledby[31m=[32m"modal-title"[31m
        [33maria-modal[31m=[32m"true"[31m
        [33mclass[31m=[32m"modal-container svelte-ta60gp"[31m
        [33mrole[31m=[32m"dialog"[31m
      [36m>[31m
        [36m<div[31m
          [33mclass[31m=[32m"modal-header svelte-ta60gp"[31m
        [36m>[31m
          [36m<h2[31m
            [33mclass[31m=[32m"svelte-ta60gp"[31m
            [33mid[31m=[32m"modal-title"[31m
          [36m>[31m
            [0mCreate New Note[0m
          [36m</h2>[31m
          [0m [0m
          [36m<button[31m
            [33maria-label[31m=[32m"Close"[31m
            [33mclass[31m=[32m"close-btn svelte-ta60gp"[31m
            [33mtype[31m=[32m"button"[31m
          [36m>[31m
            [36m<svg[31m
              [33mfill[31m=[32m"none"[31m
              [33mheight[31m=[32m"20"[31m
              [33mstroke[31m=[32m"currentColor"[31m
              [33mstroke-width[31m=[32m"2"[31m
              [33mviewBox[31m=[32m"0 0 24 24"[31m
              [33mwidth[31m=[32m"20"[31m
              [33mxmlns[31m=[32m"http://www.w3.org/2000/svg"[31m
            [36m>[31m
              [36m<line[31m
                [33mx1[31m=[32m"18"[31m
                [33mx2[31m=[32m"6"[31m
                [33my1[31m=[32m"6"[31m
                [33my2[31m=[32m"18"[31m
              [36m/>[31m
              [36m<line[31m
                [33mx1[31m=[32m"6"[31m
                [33mx2[31m=[32m"18"[31m
                [33my1[31m=[32m"6"[31m
                [33my2[31m=[32m"18"[31m
              [36m/>[31m
            [36m</svg>[31m
          [36m</button>[31m
        [36m</div>[31m
        [0m [0m
        [36m<div[31m
          [33mclass[31m=[32m"modal-content svelte-ta60gp"[31m
        [36m>[31m
          [36m<form>[31m
            [36m<div[31m
              [33mclass[31m=[32m"form-group svelte-1yg1em1"[31m
            [36m>[31m
              [36m<label[31m
                [33mclass[31m=[32m"svelte-1yg1em1"[31m
                [33mfor[31m=[32m"note-title"[31m
              [36m>[31m
                [0mTitle *[0m
              [36m</label>[31m
              [0m [0m
              [36m<input[31m
                [33mclass[31m=[32m"svelte-1yg1em1"[31m
                [33mdata-testid[31m=[32m"create-note-title"[31m
                [33mid[31m=[32m"note-title"[31m
                [33mname[31m=[32m"title"[31m
                [33mplaceholder[31m=[32m"Enter note title..."[31m
                [33mtype[31m=[32m"text"[31m
              [36m/>[31m
            [36m</div>[31m
            [0m [0m
            [36m<div[31m
              [33mclass[31m=[32m"form-group svelte-1yg1em1"[31m
            [36m>[31m
              [36m<label[31m
                [33mclass[31m=[32m"svelte-1yg1em1"[31m
                [33mfor[31m=[32m"note-type"[31m
              [36m>[31m
                [0mType[0m
              [36m</label>[31m
              [0m [0m
              [36m<div[31m
                [33maria-label[31m=[32m"Select celestial body type"[31m
                [33mclass[31m=[32m"type-selector svelte-1repngz"[31m
                [33mid[31m=[32m"note-type"[31m
                [33mrole[31m=[32m"group"[31m
              [36m>[31m
                [36m<button[31m
                  [33maria-pressed[31m=[32m"true"[31m
                  [33mclass[31m=[32m"type-btn svelte-1repngz active"[31m
                  [33mstyle[31m=[32m"--type-color: var(--color-star, #fbbf24); --type-bg: var(--color-star, #fbbf24)33;"[31m
                  [33mtype[31m=[32m"button"[31m
                [36m>[31m
                  [36m<span[31m
                    [33mclass[31m=[32m"emoji svelte-1repngz"[31m
                  [36m>[31m
                    [0mтнР[0m
                  [36m</span>[31m
                  [0m [0m
                  [36m<span[31m
                    [33mclass[31m=[32m"label svelte-1repngz"[31m
                  [36m>[31m
                    [0mStar[0m
                  [36m</span>[31m
                [36m</button>[31m
                [36m<button[31m
                  [33maria-pressed[31m=[32m"false"[31m
                  [33mclass[31m=[32m"type-btn svelte-1repngz"[31m
                  [33mstyle[31m=[32m"--type-color: var(--color-planet, #60a5fa); --type-bg: var(--color-planet, #60a5fa)33;"[31m
                  [33mtype[31m=[32m"button"[31m
                [36m>[31m
                  [36m<span[31m
                    [33mclass[31m=[32m"emoji svelte-1repngz"[31m
                  [36m>[31m
                    [0mЁЯкР[0m
                  [36m</span>[31m
                  [0m [0m
                  [36m<span[31m
                    [33mclass[31m=[32m"label svelte-1repngz"[31m
                  [36m>[31m
                    [0mPlanet[0m
                  [36m</span>[31m
                [36m</button>[31m
                [36m<button[31m
                  [33maria-pressed[31m=[32m"false"[31m
                  [33mclass[31m=[32m"type-btn svelte-1repngz"[31m
                  [33mstyle[31m=[32m"--type-color: var(--color-comet, #f472b6); --type-bg: var(--color-comet, #f472b6)33;"[31m
                  [33mtype[31m=[32m"button"[31m
                [36m>[31m
                  [36m<span[31m
                    [33mclass[31m=[32m"emoji svelte-1repngz"[31m
                  [36m>[31m
                    [0mтШДя╕П[0m
                  [36m</span>[31m
                  [0m [0m
                  [36m<span[31m
                    [33mclass[31m=[32m"label svelte-1repngz"[31m
                  [36m>[31m
                    [0mComet[0m
                  [36m</span>[31m
                [36m</button>[31m
                [36m<button[31m
                  [33maria-pressed[31m=[32m"false"[31m
                  [33mclass[31m=[32m"type-btn svelte-1repngz"[31m
                  [33mstyle[31m=[32m"--type-color: var(--color-galaxy, #a78bfa); --type-bg: var(--color-galaxy, #a78bfa)33;"[31m
                  [33mtype[31m=[32m"button"[31m
                [36m>[31m
                  [36m<span[31m
                    [33mclass[31m=[32m"emoji svelte-1repngz"[31m
                  [36m>[31m
                    [0mЁЯМА[0m
                  [36m</span>[31m
                  [0m [0m
                  [36m<span[31m
                    [33mclass[31m=[32m"label svelte-1repngz"[31m
                  [36m>[31m
                    [0mGalaxy[0m
                  [36m</span>[31m
                [36m</button>[31m
                [36m<button[31m
                  [33maria-pressed[31m=[32m"false"[31m
                  [33mclass[31m=[32m"type-btn svelte-1repngz"[31m
                  [33mstyle[31m=[32m"--type-color: var(--color-asteroid, #94a3b8); --type-bg: var(--color-asteroid, #94a3b8)33;"[31m
                  [33mtype[31m=[32m"button"[31m
                [36m>[31m
                  [36m<span[31m
                    [33mclass[31m=[32m"emoji svelte-1repngz"[31m
                  [36m>[31m
                    [0mтШБя╕П[0m
                  [36m</span>[31m
                  [0m [0m
                  [36m<span[31m
                    [33mclass[31m=[32m"label svelte-1repngz"[31m
                  [36m>[31m
                    [0mAsteroid[0m
                  [36m</span>[31m
                [36m</button>[31m
                [36m<button[31m
                  [33maria-pressed[31m=[32m"false"[31m
                  [33mclass[31m=[32m"type-btn svelte-1repngz"[31m
                  [33mstyle[31m=[32m"--type-color: var(--color-satellite, #a1a1aa); --type-bg: var(--color-satellite, #a1a1aa)33;"[31m
                  [33mtype[31m=[32m"button"[31m
                [36m>[31m
                  [36m<span[31m
                    [33mclass[31m=[32m"emoji svelte-1repngz"[31m
                  [36m>[31m
                    [0mЁЯЫ░я╕П[0m
                  [36m</span>[31m
                  [0m [0m
                  [36m<span[31m
                    [33mclass[31m=[32m"label svelte-1repngz"[31m
                  [36m>[31m
                    [0mSatellite[0m
                  [36m</span>[31m
                [36m</button>[31m
                [36m<button[31m
                  [33maria-pressed[31m=[32m"false"[31m
                  [33mclass[31m=[32m"type-btn svelte-1repngz"[31m
                  [33mstyle[31m=[32m"--type-color: var(--color-debris, #71717a); --type-bg: var(--color-debris, #71717a)33;"[31m
                  [33mtype[31m=[32m"button"[31m
                [36m>[31m
                  [36m<span[31m
                    [33mclass[31m=[32m"emoji svelte-1repngz"[31m
                  [36m>[31m
                    [0mЁЯЧСя╕П[0m
                  [36m</span>[31m
                  [0m [0m
                  [36m<span[31m
                    [33mclass[31m=[32m"label svelte-1repngz"[31m
                  [36m>[31m
                    [0mDebris[0m
                  [36m</span>[31m
                [36m</button>[31m
                [36m<button[31m
                  [33maria-pressed[31m=[32m"false"[31m
                  [33mclass[31m=[32m"type-btn svelte-1repngz"[31m
                  [33mstyle[31m=[32m"--type-color: var(--color-nebula, #c084fc); --type-bg: var(--color-nebula, #c084fc)33;"[31m
                  [33mtype[31m=[32m"button"[31m
                [36m>[31m
                  [36m<span[31m
                    [33mclass[31m=[32m"emoji svelte-1repngz"[31m
                  [36m>[31m
                    [0mЁЯММ[0m
                  [36m</span>[31m
                  [0m [0m
                  [36m<span[31m
                    [33mclass[31m=[32m"label svelte-1repngz"[31m
                  [36m>[31m
                    [0mNebula[0m
                  [36m</span>[31m
                [36m</button>[31m
                [36m<button[31m
                  [33maria-pressed[31m=[32m"false"[31m
                  [33mclass[31m=[32m"type-btn svelte-1repngz"[31m
                  [33mstyle[31m=[32m"--type-color: var(--color-dust, #fbbf24); --type-bg: var(--color-dust, #fbbf24)33;"[31m
                  [33mtype[31m=[32m"button"[31m
                [36m>[31m
                  [36m<span[31m
                    [33mclass[31m=[32m"emoji svelte-1repngz"[31m
                  [36m>[31m
                    [0mтЬи[0m
                  [36m</span>[31m
                  [0m [0m
                  [36m<span[31m
                    [33mclass[31m=[32m"label svelte-1repngz"[31m
                  [36m>[31m
                    [0mCosmic Dust[0m
                  [36m</span>[31m
                [36m</button>[31m
                [0m[0m
              [36m</div>[31m
            [36m</div>[31m
            [0m [0m
            [36m<div[31m
              [33mclass[31m=[32m"form-group svelte-1yg1em1"[31m
            [36m>[31m
              [36m<label[31m
                [33mclass[31m=[32m"svelte-1yg1em1"[31m
                [33mfor[31m=[32m"note-content"[31m
              [36m>[31m
                [0mContent[0m
              [36m</label>[31m
              [0m [0m
              [36m<textarea[31m
                [33mclass[31m=[32m"svelte-1yg1em1"[31m
                [33mdata-testid[31m=[32m"create-note-content"[31m
                [33mid[31m=[32m"note-content"[31m
                [33mname[31m=[32m"content"[31m
                [33mplaceholder[31m=[32m"Enter note content..."[31m
                [33mrows[31m=[32m"6"[31m
              [36m/>[31m
            [36m</div>[31m
            [0m [0m
            [36m<div[31m
              [33maria-live[31m=[32m"assertive"[31m
              [33mclass[31m=[32m"error-container svelte-8dic2w"[31m
              [33mrole[31m=[32m"alert"[31m
            [36m>[31m
              [36m<button[31m
                [33maria-label[31m=[32m"╨Ч╨░╨║╤А╤Л╤В╤М ╨╛╤И╨╕╨▒╨║╤Г"[31m
                [33mclass[31m=[32m"close-button svelte-8dic2w"[31m
                [33mtype[31m=[32m"button"[31m
              [36m>[31m
                [0m├Ч[0m
              [36m</button>[31m
              [0m [0m
              [36m<div[31m
                [33mclass[31m=[32m"error-header svelte-8dic2w"[31m
              [36m>[31m
                [36m<span[31m
                  [33maria-hidden[31m=[32m"true"[31m
                  [33mclass[31m=[32m"error-icon svelte-8dic2w"[31m
                [36m>[31m
                  [0mтЪая╕П[0m
                [36m</span>[31m
                [0m [0m
                [36m<span[31m
                  [33mclass[31m=[32m"error-code svelte-8dic2w"[31m
                [36m>[31m
                  [0m╨Ю╤И╨╕╨▒╨║╨░: VALIDATION_ERROR[0m
                [36m</span>[31m
              [36m</div>[31m
              [0m [0m
              [36m<p[31m
                [33mclass[31m=[32m"error-message svelte-8dic2w"[31m
              [36m>[31m
                [0m...[0m
              [36m</p>[31m
              [0m [0m
            [36m</div>[31m
            [0m[0m
            [0m [0m
            [36m<div[31m
              [33mclass[31m=[32m"form-actions svelte-1yg1em1"[31m
            [36m>[31m
              [36m<button[31m
                [33mclass[31m=[32m"button secondary svelte-18sv61c"[31m
                [33mtype[31m=[32m"button"[31m
              [36m>[31m
                [0mCancel[0m
              [36m</button>[31m
              [0m [0m
              [36m<button[31m
                [33mclass[31m=[32m"button primary svelte-18sv61c"[31m
                [33mtype[31m=[32m"submit"[31m
              [36m>[31m
                [0mCreate Note[0m
              [36m</button>[31m
            [36m</div>[31m
          [36m</form>[31m
        [36m</div>[31m
      [36m</div>[31m
    [36m</div>[31m
    [0m[0m
    [0m[0m
  [36m</div>[31m
[36m</body>[31m[39m
   [32mтЬУ[39m CreateNoteModal[2m > [22mcreates note successfully and calls onSuccess[32m 275[2mms[22m[39m
   [32mтЬУ[39m CreateNoteModal[2m > [22mhandles API error and displays error message[32m 149[2mms[22m[39m
   [32mтЬУ[39m CreateNoteModal[2m > [22mcloses modal on Cancel button click[32m 91[2mms[22m[39m
   [32mтЬУ[39m CreateNoteModal[2m > [22mcloses modal on close button click[32m 38[2mms[22m[39m
   [32mтЬУ[39m CreateNoteModal[2m > [22mallows selecting different note types[32m 174[2mms[22m[39m
   [32mтЬУ[39m CreateNoteModal[2m > [22mdisables submit button while loading[32m 156[2mms[22m[39m
   [32mтЬУ[39m CreateNoteModal[2m > [22mclears form after successful creation[32m 93[2mms[22m[39m
[90mstdout[2m | src/lib/components/GraphCanvas.node-types.visual.spec.ts[2m > [22m[2mGraphCanvas - Visual Node Type Correctness[2m > [22m[2mComet visual properties[2m > [22m[2mshould use correct fill colors for comet
[22m[39m[drawAllLinks] Total: 0, Drawn: 0, Skipped: 0

[90mstdout[2m | src/lib/components/GraphCanvas.node-types.spec.ts[2m > [22m[2mGraphCanvas - Node Type Rendering[2m > [22m[2mrenders asteroid nodes with coordinates
[22m[39m[drawAllLinks] Total: 0, Drawn: 0, Skipped: 0

[90mstdout[2m | src/lib/components/GraphCanvas.node-types.visual.spec.ts[2m > [22m[2mGraphCanvas - Visual Node Type Correctness[2m > [22m[2mComet visual properties[2m > [22m[2mshould draw comet with tail
[22m[39m[GraphCanvas] Received nodes types: [ [32m'comet'[39m ] Total: [33m1[39m
[GraphCanvas] First node: { id: [32m'1'[39m, title: [32m'Comet'[39m, type: [32m'comet'[39m }
[simulation] Initial node coordinates: [ { id: [32m'1'[39m, x: [33m718.4[39m, y: [33m344[39m } ]
[drawAllLinks] Total: 0, Drawn: 0, Skipped: 0

[90mstdout[2m | src/lib/components/GraphCanvas.node-types.spec.ts[2m > [22m[2mGraphCanvas - Node Type Rendering[2m > [22m[2mrenders unknown type nodes without type property
[22m[39m[GraphCanvas] Received nodes types: [ [32m'undefined'[39m ] Total: [33m1[39m
[GraphCanvas] First node: { id: [32m'1'[39m, title: [32m'Unknown'[39m }
[simulation] Initial node coordinates: [ { id: [32m'1'[39m, x: [33m718.4[39m, y: [33m344[39m } ]
[drawAllLinks] Total: 0, Drawn: 0, Skipped: 0

 [31mтЭп[39m src/lib/components/EditNoteModal.spec.ts [2m([22m[2m12 tests[22m[2m | [22m[31m1 failed[39m[2m)[22m[33m 1609[2mms[22m[39m
   [33m[2mтЬУ[22m[39m EditNoteModal[2m > [22mrenders modal when open is true [33m 489[2mms[22m[39m
   [32mтЬУ[39m EditNoteModal[2m > [22mdoes not render when open is false[32m 14[2mms[22m[39m
   [32mтЬУ[39m EditNoteModal[2m > [22mloads note data when opened[32m 165[2mms[22m[39m
   [32mтЬУ[39m EditNoteModal[2m > [22mshows loading state while loading[32m 56[2mms[22m[39m
   [32mтЬУ[39m EditNoteModal[2m > [22mshows error when loading fails[32m 63[2mms[22m[39m
[31m   [31m├Ч[31m EditNoteModal[2m > [22mshows validation error when title is empty[39m[32m 156[2mms[22m[39m
[31m     тЖТ Unable to find an element with the text: Title is required. This could be because the text is broken up by multiple elements. In this case, you can provide a function for your text matcher to make your matcher more flexible.

Ignored nodes: comments, script, style
[36m<body>[31m
  [36m<div>[31m
    [36m<div[31m
      [33mclass[31m=[32m"modal-overlay svelte-ta60gp"[31m
      [33mrole[31m=[32m"presentation"[31m
    [36m>[31m
      [36m<div[31m
        [33maria-labelledby[31m=[32m"modal-title"[31m
        [33maria-modal[31m=[32m"true"[31m
        [33mclass[31m=[32m"modal-container svelte-ta60gp"[31m
        [33mrole[31m=[32m"dialog"[31m
      [36m>[31m
        [36m<div[31m
          [33mclass[31m=[32m"modal-header svelte-ta60gp"[31m
        [36m>[31m
          [36m<h2[31m
            [33mclass[31m=[32m"svelte-ta60gp"[31m
            [33mid[31m=[32m"modal-title"[31m
          [36m>[31m
            [0mEdit Note[0m
          [36m</h2>[31m
          [0m [0m
          [36m<button[31m
            [33maria-label[31m=[32m"Close"[31m
            [33mclass[31m=[32m"close-btn svelte-ta60gp"[31m
            [33mtype[31m=[32m"button"[31m
          [36m>[31m
            [36m<svg[31m
              [33mfill[31m=[32m"none"[31m
              [33mheight[31m=[32m"20"[31m
              [33mstroke[31m=[32m"currentColor"[31m
              [33mstroke-width[31m=[32m"2"[31m
              [33mviewBox[31m=[32m"0 0 24 24"[31m
              [33mwidth[31m=[32m"20"[31m
              [33mxmlns[31m=[32m"http://www.w3.org/2000/svg"[31m
            [36m>[31m
              [36m<line[31m
                [33mx1[31m=[32m"18"[31m
                [33mx2[31m=[32m"6"[31m
                [33my1[31m=[32m"6"[31m
                [33my2[31m=[32m"18"[31m
              [36m/>[31m
              [36m<line[31m
                [33mx1[31m=[32m"6"[31m
                [33mx2[31m=[32m"18"[31m
                [33my1[31m=[32m"6"[31m
                [33my2[31m=[32m"18"[31m
              [36m/>[31m
            [36m</svg>[31m
          [36m</button>[31m
        [36m</div>[31m
        [0m [0m
        [36m<div[31m
          [33mclass[31m=[32m"modal-content svelte-ta60gp"[31m
        [36m>[31m
          [36m<form>[31m
            [36m<div[31m
              [33maria-live[31m=[32m"assertive"[31m
              [33mclass[31m=[32m"error-container svelte-8dic2w"[31m
              [33mrole[31m=[32m"alert"[31m
            [36m>[31m
              [36m<button[31m
                [33maria-label[31m=[32m"╨Ч╨░╨║╤А╤Л╤В╤М ╨╛╤И╨╕╨▒╨║╤Г"[31m
                [33mclass[31m=[32m"close-button svelte-8dic2w"[31m
                [33mtype[31m=[32m"button"[31m
              [36m>[31m
                [0m├Ч[0m
              [36m</button>[31m
              [0m [0m
              [36m<div[31m
                [33mclass[31m=[32m"error-header svelte-8dic2w"[31m
              [36m>[31m
                [36m<span[31m
                  [33maria-hidden[31m=[32m"true"[31m
                  [33mclass[31m=[32m"error-icon svelte-8dic2w"[31m
                [36m>[31m
                  [0mтЪая╕П[0m
                [36m</span>[31m
                [0m [0m
                [36m<span[31m
                  [33mclass[31m=[32m"error-code svelte-8dic2w"[31m
                [36m>[31m
                  [0m╨Ю╤И╨╕╨▒╨║╨░: VALIDATION_ERROR[0m
                [36m</span>[31m
              [36m</div>[31m
              [0m [0m
              [36m<p[31m
                [33mclass[31m=[32m"error-message svelte-8dic2w"[31m
              [36m>[31m
                [0m...[0m
              [36m</p>[31m
              [0m [0m
            [36m</div>[31m
            [0m[0m
            [0m [0m
            [36m<div[31m
              [33mclass[31m=[32m"form-group svelte-ry3k2t"[31m
            [36m>[31m
              [36m<label[31m
                [33mclass[31m=[32m"svelte-ry3k2t"[31m
                [33mfor[31m=[32m"edit-note-title"[31m
              [36m>[31m
                [0mTitle *[0m
              [36m</label>[31m
              [0m [0m
              [36m<input[31m
                [33mclass[31m=[32m"svelte-ry3k2t"[31m
                [33mdata-testid[31m=[32m"edit-title-input"[31m
                [33mid[31m=[32m"edit-note-title"[31m
                [33mplaceholder[31m=[32m"Enter note title"[31m
                [33mtype[31m=[32m"text"[31m
              [36m/>[31m
            [36m</div>[31m
            [0m [0m
            [36m<div[31m
              [33mclass[31m=[32m"form-group svelte-ry3k2t"[31m
            [36m>[31m
              [36m<label[31m
                [33mclass[31m=[32m"svelte-ry3k2t"[31m
                [33mfor[31m=[32m"edit-note-type"[31m
              [36m>[31m
                [0mType[0m
              [36m</label>[31m
              [0m [0m
              [36m<div[31m
                [33maria-label[31m=[32m"Select celestial body type"[31m
                [33mclass[31m=[32m"type-selector svelte-1repngz"[31m
                [33mid[31m=[32m"edit-note-type"[31m
                [33mrole[31m=[32m"group"[31m
              [36m>[31m
                [36m<button[31m
                  [33maria-pressed[31m=[32m"false"[31m
                  [33mclass[31m=[32m"type-btn svelte-1repngz"[31m
                  [33mstyle[31m=[32m"--type-color: var(--color-star, #fbbf24); --type-bg: var(--color-star, #fbbf24)33;"[31m
                  [33mtype[31m=[32m"button"[31m
                [36m>[31m
                  [36m<span[31m
                    [33mclass[31m=[32m"emoji svelte-1repngz"[31m
                  [36m>[31m
                    [0mтнР[0m
                  [36m</span>[31m
                  [0m [0m
                  [36m<span[31m
                    [33mclass[31m=[32m"label svelte-1repngz"[31m
                  [36m>[31m
                    [0mStar[0m
                  [36m</span>[31m
                [36m</button>[31m
                [36m<button[31m
                  [33maria-pressed[31m=[32m"true"[31m
                  [33mclass[31m=[32m"type-btn svelte-1repngz active"[31m
                  [33mstyle[31m=[32m"--type-color: var(--color-planet, #60a5fa); --type-bg: var(--color-planet, #60a5fa)33;"[31m
                  [33mtype[31m=[32m"button"[31m
                [36m>[31m
                  [36m<span[31m
                    [33mclass[31m=[32m"emoji svelte-1repngz"[31m
                  [36m>[31m
                    [0mЁЯкР[0m
                  [36m</span>[31m
                  [0m [0m
                  [36m<span[31m
                    [33mclass[31m=[32m"label svelte-1repngz"[31m
                  [36m>[31m
                    [0mPlanet[0m
                  [36m</span>[31m
                [36m</button>[31m
                [36m<button[31m
                  [33maria-pressed[31m=[32m"false"[31m
                  [33mclass[31m=[32m"type-btn svelte-1repngz"[31m
                  [33mstyle[31m=[32m"--type-color: var(--color-comet, #f472b6); --type-bg: var(--color-comet, #f472b6)33;"[31m
                  [33mtype[31m=[32m"button"[31m
                [36m>[31m
                  [36m<span[31m
                    [33mclass[31m=[32m"emoji svelte-1repngz"[31m
                  [36m>[31m
                    [0mтШДя╕П[0m
                  [36m</span>[31m
                  [0m [0m
                  [36m<span[31m
                    [33mclass[31m=[32m"label svelte-1repngz"[31m
                  [36m>[31m
                    [0mComet[0m
                  [36m</span>[31m
                [36m</button>[31m
                [36m<button[31m
                  [33maria-pressed[31m=[32m"false"[31m
                  [33mclass[31m=[32m"type-btn svelte-1repngz"[31m
                  [33mstyle[31m=[32m"--type-color: var(--color-galaxy, #a78bfa); --type-bg: var(--color-galaxy, #a78bfa)33;"[31m
                  [33mtype[31m=[32m"button"[31m
                [36m>[31m
                  [36m<span[31m
                    [33mclass[31m=[32m"emoji svelte-1repngz"[31m
                  [36m>[31m
                    [0mЁЯМА[0m
                  [36m</span>[31m
                  [0m [0m
                  [36m<span[31m
                    [33mclass[31m=[32m"label svelte-1repngz"[31m
                  [36m>[31m
                    [0mGalaxy[0m
                  [36m</span>[31m
                [36m</button>[31m
                [36m<button[31m
                  [33maria-pressed[31m=[32m"false"[31m
                  [33mclass[31m=[32m"type-btn svelte-1repngz"[31m
                  [33mstyle[31m=[32m"--type-color: var(--color-asteroid, #94a3b8); --type-bg: var(--color-asteroid, #94a3b8)33;"[31m
                  [33mtype[31m=[32m"button"[31m
                [36m>[31m
                  [36m<span[31m
                    [33mclass[31m=[32m"emoji svelte-1repngz"[31m
                  [36m>[31m
                    [0mтШБя╕П[0m
                  [36m</span>[31m
                  [0m [0m
                  [36m<span[31m
                    [33mclass[31m=[32m"label svelte-1repngz"[31m
                  [36m>[31m
                    [0mAsteroid[0m
                  [36m</span>[31m
                [36m</button>[31m
                [36m<button[31m
                  [33maria-pressed[31m=[32m"false"[31m
                  [33mclass[31m=[32m"type-btn svelte-1repngz"[31m
                  [33mstyle[31m=[32m"--type-color: var(--color-satellite, #a1a1aa); --type-bg: var(--color-satellite, #a1a1aa)33;"[31m
                  [33mtype[31m=[32m"button"[31m
                [36m>[31m
                  [36m<span[31m
                    [33mclass[31m=[32m"emoji svelte-1repngz"[31m
                  [36m>[31m
                    [0mЁЯЫ░я╕П[0m
                  [36m</span>[31m
                  [0m [0m
                  [36m<span[31m
                    [33mclass[31m=[32m"label svelte-1repngz"[31m
                  [36m>[31m
                    [0mSatellite[0m
                  [36m</span>[31m
                [36m</button>[31m
                [36m<button[31m
                  [33maria-pressed[31m=[32m"false"[31m
                  [33mclass[31m=[32m"type-btn svelte-1repngz"[31m
                  [33mstyle[31m=[32m"--type-color: var(--color-debris, #71717a); --type-bg: var(--color-debris, #71717a)33;"[31m
                  [33mtype[31m=[32m"button"[31m
                [36m>[31m
                  [36m<span[31m
                    [33mclass[31m=[32m"emoji svelte-1repngz"[31m
                  [36m>[31m
                    [0mЁЯЧСя╕П[0m
                  [36m</span>[31m
                  [0m [0m
                  [36m<span[31m
                    [33mclass[31m=[32m"label svelte-1repngz"[31m
                  [36m>[31m
                    [0mDebris[0m
                  [36m</span>[31m
                [36m</button>[31m
                [36m<button[31m
                  [33maria-pressed[31m=[32m"false"[31m
                  [33mclass[31m=[32m"type-btn svelte-1repngz"[31m
                  [33mstyle[31m=[32m"--type-color: var(--color-nebula, #c084fc); --type-bg: var(--color-nebula, #c084fc)33;"[31m
                  [33mtype[31m=[32m"button"[31m
                [36m>[31m
                  [36m<span[31m
                    [33mclass[31m=[32m"emoji svelte-1repngz"[31m
                  [36m>[31m
                    [0mЁЯММ[0m
                  [36m</span>[31m
                  [0m [0m
                  [36m<span[31m
                    [33mclass[31m=[32m"label svelte-1repngz"[31m
                  [36m>[31m
                    [0mNebula[0m
                  [36m</span>[31m
                [36m</button>[31m
                [36m<button[31m
                  [33maria-pressed[31m=[32m"false"[31m
                  [33mclass[31m=[32m"type-btn svelte-1repngz"[31m
                  [33mstyle[31m=[32m"--type-color: var(--color-dust, #fbbf24); --type-bg: var(--color-dust, #fbbf24)33;"[31m
                  [33mtype[31m=[32m"button"[31m
                [36m>[31m
                  [36m<span[31m
                    [33mclass[31m=[32m"emoji svelte-1repngz"[31m
                  [36m>[31m
                    [0mтЬи[0m
                  [36m</span>[31m
                  [0m [0m
                  [36m<span[31m
                    [33mclass[31m=[32m"label svelte-1repngz"[31m
                  [36m>[31m
                    [0mCosmic Dust[0m
                  [36m</span>[31m
                [36m</button>[31m
                [0m[0m
              [36m</div>[31m
            [36m</div>[31m
            [0m [0m
            [36m<div[31m
              [33mclass[31m=[32m"form-group svelte-ry3k2t"[31m
            [36m>[31m
              [36m<label[31m
                [33mclass[31m=[32m"svelte-ry3k2t"[31m
                [33mfor[31m=[32m"edit-note-content"[31m
              [36m>[31m
                [0mContent[0m
              [36m</label>[31m
              [0m [0m
              [36m<textarea[31m
                [33mclass[31m=[32m"svelte-ry3k2t"[31m
                [33mdata-testid[31m=[32m"edit-content-input"[31m
                [33mid[31m=[32m"edit-note-content"[31m
                [33mplaceholder[31m=[32m"Enter note content"[31m
                [33mrows[31m=[32m"6"[31m
              [36m/>[31m
            [36m</div>[31m
            [0m [0m
            [36m<div[31m
              [33mclass[31m=[32m"modal-footer svelte-ry3k2t"[31m
            [36m>[31m
              [36m<button[31m
                [33mclass[31m=[32m"button secondary svelte-18sv61c"[31m
                [33mtype[31m=[32m"button"[31m
              [36m>[31m
                [0mCancel[0m
              [36m</button>[31m
              [0m [0m
              [36m<button[31m
                [33mclass[31m=[32m"button primary svelte-18sv61c"[31m
                [33mtype[31m=[32m"submit"[31m
              [36m>[31m
                [0mSave Changes[0m
              [36m</button>[31m
            [36m</div>[31m
          [36m</form>[31m
          [0m[0m
        [36m</div>[31m
      [36m</div>[31m
    [36m</div>[31m
    [0m[0m
    [0m[0m
  [36m</div>[31m
[36m</body>[31m[39m
   [32mтЬУ[39m EditNoteModal[2m > [22mupdates note successfully and calls onSuccess[32m 134[2mms[22m[39m
   [32mтЬУ[39m EditNoteModal[2m > [22mshows error when update fails[32m 127[2mms[22m[39m
   [32mтЬУ[39m EditNoteModal[2m > [22mshows saving state during update[32m 120[2mms[22m[39m
   [32mтЬУ[39m EditNoteModal[2m > [22mcloses modal when cancel is clicked[32m 116[2mms[22m[39m
   [32mтЬУ[39m EditNoteModal[2m > [22mcloses modal when close button is clicked[32m 47[2mms[22m[39m
   [32mтЬУ[39m EditNoteModal[2m > [22mupdates note type selection[32m 110[2mms[22m[39m
[90mstdout[2m | src/lib/components/GraphCanvas.node-types.visual.spec.ts[2m > [22m[2mGraphCanvas - Visual Node Type Correctness[2m > [22m[2mComet visual properties[2m > [22m[2mshould draw comet with tail
[22m[39m[drawAllLinks] Total: 0, Drawn: 0, Skipped: 0

[90mstdout[2m | src/lib/components/GraphCanvas.node-types.spec.ts[2m > [22m[2mGraphCanvas - Node Type Rendering[2m > [22m[2mrenders unknown type nodes without type property
[22m[39m[drawAllLinks] Total: 0, Drawn: 0, Skipped: 0

stderr | src/lib/api/graph.test.ts > graph API > error handling > should handle network errors for getGraphData
[Graph API] Failed to load graph for note 1: TypeError: Failed to fetch
    at createNetworkError (file:///D:/knowledge-graph/frontend/node_modules/@mswjs/interceptors/src/interceptors/fetch/utils/createNetworkError.ts:2:24)
    at Object.respondWith (file:///D:/knowledge-graph/frontend/node_modules/@mswjs/interceptors/src/interceptors/fetch/index.ts:108:36)
    at RequestController.respondWith (file:///D:/knowledge-graph/frontend/node_modules/@mswjs/interceptors/src/RequestController.ts:83:17)
    at InterceptorHttpNetworkFrame.respondWith (file:///D:/knowledge-graph/frontend/node_modules/msw/src/core/experimental/sources/interceptor-source.ts:136:24)
    at InterceptorHttpNetworkFrame.resolve (file:///D:/knowledge-graph/frontend/node_modules/msw/src/core/experimental/frames/http-frame.ts:256:10)
    at Emitter.<anonymous> (file:///D:/knowledge-graph/frontend/node_modules/msw/src/core/experimental/define-network.ts:179:11)
    at Emitter.emitAsPromise (file:///D:/knowledge-graph/frontend/node_modules/rettime/src/index.ts:604:27)
    at InterceptorSource.queue (file:///D:/knowledge-graph/frontend/node_modules/msw/src/core/experimental/sources/network-source.ts:39:5)
    at InterceptorSource.#handleRequest (file:///D:/knowledge-graph/frontend/node_modules/msw/src/core/experimental/sources/interceptor-source.ts:73:5)
    at emitAsync (file:///D:/knowledge-graph/frontend/node_modules/@mswjs/interceptors/src/utils/emitAsync.ts:23:5) {
  cause: Response {
    status: 0,
    statusText: '',
    headers: Headers {},
    body: null,
    bodyUsed: false,
    ok: false,
    redirected: false,
    type: 'error',
    url: ''
  }
}

stderr | src/lib/api/graph.test.ts > graph API > error handling > should handle HTTP 404 errors for getGraphData
[Graph API] Failed to load graph for note 999: HTTPError: Request failed with status code 404 Not Found: GET http://localhost:8080/api/v1/notes/999/graph?depth=2
    at function_ (file:///D:/knowledge-graph/frontend/node_modules/ky/source/core/Ky.ts:99:17)
    at Ky.#retry (file:///D:/knowledge-graph/frontend/node_modules/ky/source/core/Ky.ts:414:11)
    at Promise.result.<computed> [as json] (file:///D:/knowledge-graph/frontend/node_modules/ky/source/core/Ky.ts:151:22)
    at getGraphData (D:\knowledge-graph\frontend\src\lib\api\graph.ts:65:22)
    at D:\knowledge-graph\frontend\src\lib\api\graph.test.ts:109:7
    at file:///D:/knowledge-graph/frontend/node_modules/@vitest/runner/dist/chunk-hooks.js:752:20 {
  response: Response {
    status: 404,
    statusText: 'Not Found',
    headers: Headers { 'content-length': '21', 'content-type': 'application/json' },
    body: ReadableStream { locked: false, state: 'readable', supportsBYOB: true },
    bodyUsed: false,
    ok: false,
    redirected: false,
    type: 'default',
    url: 'http://localhost:8080/api/v1/notes/999/graph?depth=2'
  },
  request: Request {
    method: 'GET',
    url: 'http://localhost:8080/api/v1/notes/999/graph?depth=2',
    headers: Headers { accept: 'application/json' },
    destination: '',
    referrer: 'about:client',
    referrerPolicy: '',
    mode: 'cors',
    credentials: 'same-origin',
    cache: 'default',
    redirect: 'follow',
    integrity: '',
    keepalive: false,
    isReloadNavigation: false,
    isHistoryNavigation: false,
    signal: AbortSignal {}
  },
  options: {
    prefixUrl: 'http://localhost:8080/api/',
    timeout: 30000,
    retry: {
      limit: 3,
      methods: [Array],
      statusCodes: [Array],
      afterStatusCodes: [Array],
      maxRetryAfter: Infinity,
      backoffLimit: Infinity,
      delay: [Function: delay],
      jitter: undefined,
      retryOnTimeout: false
    },
    method: 'GET',
    headers: Headers {},
    throwHttpErrors: true,
    fetch: [Function: bound ] AsyncFunction,
    context: {},
    signal: AbortSignal {},
    duplex: 'half'
  }
}

[90mstdout[2m | src/lib/components/GraphCanvas.node-types.visual.spec.ts[2m > [22m[2mGraphCanvas - Visual Node Type Correctness[2m > [22m[2mGalaxy visual properties[2m > [22m[2mshould use correct translucent colors for galaxy
[22m[39m[GraphCanvas] Received nodes types: [ [32m'galaxy'[39m ] Total: [33m1[39m
[GraphCanvas] First node: { id: [32m'1'[39m, title: [32m'Galaxy'[39m, type: [32m'galaxy'[39m }
[simulation] Initial node coordinates: [ { id: [32m'1'[39m, x: [33m718.4[39m, y: [33m344[39m } ]
[drawAllLinks] Total: 0, Drawn: 0, Skipped: 0

[90mstdout[2m | src/lib/components/GraphCanvas.node-types.spec.ts[2m > [22m[2mGraphCanvas - Node Type Rendering[2m > [22m[2mfalls back to unknown for undefined type
[22m[39m[GraphCanvas] Received nodes types: [ [32m'undefined'[39m ] Total: [33m1[39m
[GraphCanvas] First node: { id: [32m'1'[39m, title: [32m'No Type'[39m, type: [90mundefined[39m }
[simulation] Initial node coordinates: [ { id: [32m'1'[39m, x: [33m718.4[39m, y: [33m344[39m } ]
[drawAllLinks] Total: 0, Drawn: 0, Skipped: 0

[90mstdout[2m | src/lib/components/GraphCanvas.node-types.visual.spec.ts[2m > [22m[2mGraphCanvas - Visual Node Type Correctness[2m > [22m[2mGalaxy visual properties[2m > [22m[2mshould use correct translucent colors for galaxy
[22m[39m[drawAllLinks] Total: 0, Drawn: 0, Skipped: 0

[90mstdout[2m | src/lib/components/GraphCanvas.node-types.spec.ts[2m > [22m[2mGraphCanvas - Node Type Rendering[2m > [22m[2mfalls back to unknown for undefined type
[22m[39m[drawAllLinks] Total: 0, Drawn: 0, Skipped: 0

[90mstdout[2m | src/lib/components/GraphCanvas.node-types.visual.spec.ts[2m > [22m[2mGraphCanvas - Visual Node Type Correctness[2m > [22m[2mGalaxy visual properties[2m > [22m[2mshould draw multiple ellipses for galaxy arms
[22m[39m[GraphCanvas] Received nodes types: [ [32m'galaxy'[39m ] Total: [33m1[39m
[GraphCanvas] First node: { id: [32m'1'[39m, title: [32m'Galaxy'[39m, type: [32m'galaxy'[39m }
[simulation] Initial node coordinates: [ { id: [32m'1'[39m, x: [33m718.4[39m, y: [33m344[39m } ]
[drawAllLinks] Total: 0, Drawn: 0, Skipped: 0

 [31mтЭп[39m src/lib/components/GraphCanvas.node-types.spec.ts [2m([22m[2m13 tests[22m[2m | [22m[31m5 failed[39m[2m)[22m[33m 2516[2mms[22m[39m
[31m   [31m├Ч[31m GraphCanvas - Node Type Rendering[2m > [22mNode Type Colors and Styles[2m > [22mdrawStar uses correct colors (#ffdd88 fill, #cc9900 stroke)[39m[32m 19[2mms[22m[39m
[31m     тЖТ expected '#ffcc00' to be '#ffdd88' // Object.is equality[39m
[31m   [31m├Ч[31m GraphCanvas - Node Type Rendering[2m > [22mNode Type Colors and Styles[2m > [22mdrawPlanet uses correct default color (#c9b37c) for main body[39m[32m 6[2mms[22m[39m
[31m     тЖТ expected '#60a5fa' to be '#c9b37c' // Object.is equality[39m
[31m   [31m├Ч[31m GraphCanvas - Node Type Rendering[2m > [22mNode Type Colors and Styles[2m > [22mdrawComet uses correct color (#aaffdd)[39m[32m 6[2mms[22m[39m
[31m     тЖТ expected '#e879f9' to be '#aaffdd' // Object.is equality[39m
[31m   [31m├Ч[31m GraphCanvas - Node Type Rendering[2m > [22mNode Type Colors and Styles[2m > [22mdrawGalaxy uses purple spiral colors[39m[32m 7[2mms[22m[39m
[31m     тЖТ expected 'rgba(192, 132, 252, 0.099999999999999тАж' to contain 'rgba(200, 180, 255'[39m
[31m   [31m├Ч[31m GraphCanvas - Node Type Rendering[2m > [22mNode Type Colors and Styles[2m > [22mdrawAsteroid uses correct rocky color (#8b7355)[39m[32m 6[2mms[22m[39m
[31m     тЖТ expected '#94a3b8' to be '#8b7355' // Object.is equality[39m
   [32mтЬУ[39m GraphCanvas - Node Type Rendering[2m > [22mNode Type Colors and Styles[2m > [22mdrawNode sets correct fillStyle for each node type[32m 8[2mms[22m[39m
   [33m[2mтЬУ[22m[39m GraphCanvas - Node Type Rendering[2m > [22mrenders star nodes with coordinates [33m 471[2mms[22m[39m
   [33m[2mтЬУ[22m[39m GraphCanvas - Node Type Rendering[2m > [22mrenders planet nodes with coordinates [33m 333[2mms[22m[39m
   [33m[2mтЬУ[22m[39m GraphCanvas - Node Type Rendering[2m > [22mrenders comet nodes with coordinates [33m 324[2mms[22m[39m
   [33m[2mтЬУ[22m[39m GraphCanvas - Node Type Rendering[2m > [22mrenders galaxy nodes with coordinates [33m 325[2mms[22m[39m
   [33m[2mтЬУ[22m[39m GraphCanvas - Node Type Rendering[2m > [22mrenders asteroid nodes with coordinates [33m 333[2mms[22m[39m
   [33m[2mтЬУ[22m[39m GraphCanvas - Node Type Rendering[2m > [22mrenders unknown type nodes without type property [33m 333[2mms[22m[39m
   [33m[2mтЬУ[22m[39m GraphCanvas - Node Type Rendering[2m > [22mfalls back to unknown for undefined type [33m 333[2mms[22m[39m
[90mstdout[2m | src/lib/components/GraphCanvas.node-types.visual.spec.ts[2m > [22m[2mGraphCanvas - Visual Node Type Correctness[2m > [22m[2mGalaxy visual properties[2m > [22m[2mshould draw multiple ellipses for galaxy arms
[22m[39m[drawAllLinks] Total: 0, Drawn: 0, Skipped: 0

[90mstdout[2m | src/lib/components/GraphCanvas.node-types.visual.spec.ts[2m > [22m[2mGraphCanvas - Visual Node Type Correctness[2m > [22m[2mAsteroid visual properties[2m > [22m[2mshould use correct rocky colors for asteroid
[22m[39m[GraphCanvas] Received nodes types: [ [32m'asteroid'[39m ] Total: [33m1[39m
[GraphCanvas] First node: { id: [32m'1'[39m, title: [32m'Asteroid'[39m, type: [32m'asteroid'[39m }
[simulation] Initial node coordinates: [ { id: [32m'1'[39m, x: [33m718.4[39m, y: [33m344[39m } ]
[drawAllLinks] Total: 0, Drawn: 0, Skipped: 0

[90mstdout[2m | src/lib/components/GraphCanvas.node-types.visual.spec.ts[2m > [22m[2mGraphCanvas - Visual Node Type Correctness[2m > [22m[2mAsteroid visual properties[2m > [22m[2mshould use correct rocky colors for asteroid
[22m[39m[drawAllLinks] Total: 0, Drawn: 0, Skipped: 0

[90mstdout[2m | src/lib/components/GraphCanvas.node-types.visual.spec.ts[2m > [22m[2mGraphCanvas - Visual Node Type Correctness[2m > [22m[2mAsteroid visual properties[2m > [22m[2mshould draw irregular polygon shape
[22m[39m[GraphCanvas] Received nodes types: [ [32m'asteroid'[39m ] Total: [33m1[39m
[GraphCanvas] First node: { id: [32m'1'[39m, title: [32m'Asteroid'[39m, type: [32m'asteroid'[39m }
[simulation] Initial node coordinates: [ { id: [32m'1'[39m, x: [33m718.4[39m, y: [33m344[39m } ]
[drawAllLinks] Total: 0, Drawn: 0, Skipped: 0

[90mstdout[2m | src/lib/components/GraphCanvas.node-types.visual.spec.ts[2m > [22m[2mGraphCanvas - Visual Node Type Correctness[2m > [22m[2mAsteroid visual properties[2m > [22m[2mshould draw irregular polygon shape
[22m[39m[drawAllLinks] Total: 0, Drawn: 0, Skipped: 0

[90mstdout[2m | src/lib/components/GraphCanvas.node-types.visual.spec.ts[2m > [22m[2mGraphCanvas - Visual Node Type Correctness[2m > [22m[2mNebula visual properties[2m > [22m[2mshould use correct turquoise colors for nebula
[22m[39m[GraphCanvas] Received nodes types: [ [32m'nebula'[39m ] Total: [33m1[39m
[GraphCanvas] First node: { id: [32m'1'[39m, title: [32m'Nebula'[39m, type: [32m'nebula'[39m }
[simulation] Initial node coordinates: [ { id: [32m'1'[39m, x: [33m718.4[39m, y: [33m344[39m } ]
[drawAllLinks] Total: 0, Drawn: 0, Skipped: 0

[90mstdout[2m | src/lib/components/GraphCanvas.node-types.visual.spec.ts[2m > [22m[2mGraphCanvas - Visual Node Type Correctness[2m > [22m[2mNebula visual properties[2m > [22m[2mshould use correct turquoise colors for nebula
[22m[39m[drawAllLinks] Total: 0, Drawn: 0, Skipped: 0

[90mstdout[2m | src/lib/components/GraphCanvas.node-types.visual.spec.ts[2m > [22m[2mGraphCanvas - Visual Node Type Correctness[2m > [22m[2mNebula visual properties[2m > [22m[2mshould draw multiple ellipses for nebula clouds
[22m[39m[GraphCanvas] Received nodes types: [ [32m'nebula'[39m ] Total: [33m1[39m
[GraphCanvas] First node: { id: [32m'1'[39m, title: [32m'Nebula'[39m, type: [32m'nebula'[39m }
[simulation] Initial node coordinates: [ { id: [32m'1'[39m, x: [33m718.4[39m, y: [33m344[39m } ]
[drawAllLinks] Total: 0, Drawn: 0, Skipped: 0

[90mstdout[2m | src/lib/components/GraphCanvas.node-types.visual.spec.ts[2m > [22m[2mGraphCanvas - Visual Node Type Correctness[2m > [22m[2mNebula visual properties[2m > [22m[2mshould draw multiple ellipses for nebula clouds
[22m[39m[drawAllLinks] Total: 0, Drawn: 0, Skipped: 0

[90mstdout[2m | src/lib/components/GraphCanvas.rendering.spec.ts[2m > [22m[2mGraphCanvas - Rendering[2m > [22m[2mrenders canvas element
[22m[39m[GraphCanvas] Received nodes types: [ [32m'star'[39m, [32m'planet'[39m, [32m'comet'[39m ] Total: [33m3[39m
[GraphCanvas] First node: { id: [32m'1'[39m, title: [32m'Node 1'[39m, type: [32m'star'[39m }
[simulation] Initial node coordinates: [
  { id: [32m'1'[39m, x: [33m718.4[39m, y: [33m344[39m },
  { id: [32m'2'[39m, x: [33m408.80000000000007[39m, y: [33m522.7476433411082[39m },
  { id: [32m'3'[39m, x: [33m408.7999999999999[39m, y: [33m165.2523566588919[39m }
]

[90mstdout[2m | src/lib/components/GraphCanvas.node-types.visual.spec.ts[2m > [22m[2mGraphCanvas - Visual Node Type Correctness[2m > [22m[2mDebris visual properties[2m > [22m[2mshould use correct grey colors for debris
[22m[39m[GraphCanvas] Received nodes types: [ [32m'debris'[39m ] Total: [33m1[39m
[GraphCanvas] First node: { id: [32m'1'[39m, title: [32m'Debris'[39m, type: [32m'debris'[39m }
[simulation] Initial node coordinates: [ { id: [32m'1'[39m, x: [33m718.4[39m, y: [33m344[39m } ]
[drawAllLinks] Total: 0, Drawn: 0, Skipped: 0

[90mstdout[2m | src/lib/components/GraphCanvas.node-types.visual.spec.ts[2m > [22m[2mGraphCanvas - Visual Node Type Correctness[2m > [22m[2mDebris visual properties[2m > [22m[2mshould use correct grey colors for debris
[22m[39m[drawAllLinks] Total: 0, Drawn: 0, Skipped: 0

stderr | src/lib/api/graph.test.ts > graph API > error handling > should handle HTTP 500 errors for getGraphData
[Graph API] Failed to load graph for note 1: HTTPError: Request failed with status code 500 Internal Server Error: GET http://localhost:8080/api/v1/notes/1/graph?depth=2
    at function_ (file:///D:/knowledge-graph/frontend/node_modules/ky/source/core/Ky.ts:99:17)
    at Ky.#retry (file:///D:/knowledge-graph/frontend/node_modules/ky/source/core/Ky.ts:414:11)
    at Promise.result.<computed> [as json] (file:///D:/knowledge-graph/frontend/node_modules/ky/source/core/Ky.ts:151:22)
    at getGraphData (D:\knowledge-graph\frontend\src\lib\api\graph.ts:65:22)
    at D:\knowledge-graph\frontend\src\lib\api\graph.test.ts:117:7
    at file:///D:/knowledge-graph/frontend/node_modules/@vitest/runner/dist/chunk-hooks.js:752:20 {
  response: Response {
    status: 500,
    statusText: 'Internal Server Error',
    headers: Headers { 'content-length': '24', 'content-type': 'application/json' },
    body: ReadableStream { locked: false, state: 'readable', supportsBYOB: true },
    bodyUsed: false,
    ok: false,
    redirected: false,
    type: 'default',
    url: 'http://localhost:8080/api/v1/notes/1/graph?depth=2'
  },
  request: Request {
    method: 'GET',
    url: 'http://localhost:8080/api/v1/notes/1/graph?depth=2',
    headers: Headers { accept: 'application/json' },
    destination: '',
    referrer: 'about:client',
    referrerPolicy: '',
    mode: 'cors',
    credentials: 'same-origin',
    cache: 'default',
    redirect: 'follow',
    integrity: '',
    keepalive: false,
    isReloadNavigation: false,
    isHistoryNavigation: false,
    signal: AbortSignal {}
  },
  options: {
    prefixUrl: 'http://localhost:8080/api/',
    timeout: 30000,
    retry: {
      limit: 3,
      methods: [Array],
      statusCodes: [Array],
      afterStatusCodes: [Array],
      maxRetryAfter: Infinity,
      backoffLimit: Infinity,
      delay: [Function: delay],
      jitter: undefined,
      retryOnTimeout: false
    },
    method: 'GET',
    headers: Headers {},
    throwHttpErrors: true,
    fetch: [Function: bound ] AsyncFunction,
    context: {},
    signal: AbortSignal {},
    duplex: 'half'
  }
}

[90mstdout[2m | src/lib/components/GraphCanvas.rendering.spec.ts[2m > [22m[2mGraphCanvas - Rendering[2m > [22m[2mprocesses nodes and links without errors
[22m[39m[GraphCanvas] Received nodes types: [ [32m'star'[39m, [32m'planet'[39m, [32m'comet'[39m ] Total: [33m3[39m
[GraphCanvas] First node: { id: [32m'1'[39m, title: [32m'Node 1'[39m, type: [32m'star'[39m }
[simulation] Initial node coordinates: [
  { id: [32m'1'[39m, x: [33m718.4[39m, y: [33m344[39m },
  { id: [32m'2'[39m, x: [33m408.80000000000007[39m, y: [33m522.7476433411082[39m },
  { id: [32m'3'[39m, x: [33m408.7999999999999[39m, y: [33m165.2523566588919[39m }
]

stderr | src/lib/api/graph.test.ts > graph API > error handling > should handle 400 for invalid depth parameter
[Graph API] Failed to load graph for note 1: HTTPError: Request failed with status code 400 Bad Request: GET http://localhost:8080/api/v1/notes/1/graph?depth=-1
    at function_ (file:///D:/knowledge-graph/frontend/node_modules/ky/source/core/Ky.ts:99:17)
    at Ky.#retry (file:///D:/knowledge-graph/frontend/node_modules/ky/source/core/Ky.ts:414:11)
    at Promise.result.<computed> [as json] (file:///D:/knowledge-graph/frontend/node_modules/ky/source/core/Ky.ts:151:22)
    at getGraphData (D:\knowledge-graph\frontend\src\lib\api\graph.ts:65:22)
    at D:\knowledge-graph\frontend\src\lib\api\graph.test.ts:127:7
    at file:///D:/knowledge-graph/frontend/node_modules/@vitest/runner/dist/chunk-hooks.js:752:20 {
  response: Response {
    status: 400,
    statusText: 'Bad Request',
    headers: Headers { 'content-length': '35', 'content-type': 'application/json' },
    body: ReadableStream { locked: false, state: 'readable', supportsBYOB: true },
    bodyUsed: false,
    ok: false,
    redirected: false,
    type: 'default',
    url: 'http://localhost:8080/api/v1/notes/1/graph?depth=-1'
  },
  request: Request {
    method: 'GET',
    url: 'http://localhost:8080/api/v1/notes/1/graph?depth=-1',
    headers: Headers { accept: 'application/json' },
    destination: '',
    referrer: 'about:client',
    referrerPolicy: '',
    mode: 'cors',
    credentials: 'same-origin',
    cache: 'default',
    redirect: 'follow',
    integrity: '',
    keepalive: false,
    isReloadNavigation: false,
    isHistoryNavigation: false,
    signal: AbortSignal {}
  },
  options: {
    prefixUrl: 'http://localhost:8080/api/',
    timeout: 30000,
    retry: {
      limit: 3,
      methods: [Array],
      statusCodes: [Array],
      afterStatusCodes: [Array],
      maxRetryAfter: Infinity,
      backoffLimit: Infinity,
      delay: [Function: delay],
      jitter: undefined,
      retryOnTimeout: false
    },
    method: 'GET',
    headers: Headers {},
    throwHttpErrors: true,
    fetch: [Function: bound ] AsyncFunction,
    context: {},
    signal: AbortSignal {},
    duplex: 'half'
  }
}

[90mstdout[2m | src/lib/components/GraphCanvas.rendering.spec.ts[2m > [22m[2mGraphCanvas - Rendering[2m > [22m[2mrenders nodes with coordinates from simulation
[22m[39m[GraphCanvas] Received nodes types: [ [32m'star'[39m, [32m'planet'[39m, [32m'comet'[39m ] Total: [33m3[39m
[GraphCanvas] First node: { id: [32m'1'[39m, title: [32m'Node 1'[39m, type: [32m'star'[39m }
[simulation] Initial node coordinates: [
  { id: [32m'1'[39m, x: [33m718.4[39m, y: [33m344[39m },
  { id: [32m'2'[39m, x: [33m408.80000000000007[39m, y: [33m522.7476433411082[39m },
  { id: [32m'3'[39m, x: [33m408.7999999999999[39m, y: [33m165.2523566588919[39m }
]
[drawAllLinks] Total: 0, Drawn: 0, Skipped: 0

[90mstdout[2m | src/lib/components/GraphCanvas.node-types.visual.spec.ts[2m > [22m[2mGraphCanvas - Visual Node Type Correctness[2m > [22m[2mDebris visual properties[2m > [22m[2mshould draw scattered particle circles
[22m[39m[GraphCanvas] Received nodes types: [ [32m'debris'[39m ] Total: [33m1[39m
[GraphCanvas] First node: { id: [32m'1'[39m, title: [32m'Debris'[39m, type: [32m'debris'[39m }
[simulation] Initial node coordinates: [ { id: [32m'1'[39m, x: [33m718.4[39m, y: [33m344[39m } ]
[drawAllLinks] Total: 0, Drawn: 0, Skipped: 0

[90mstdout[2m | src/lib/components/GraphCanvas.rendering.spec.ts[2m > [22m[2mGraphCanvas - Rendering[2m > [22m[2mrenders nodes with coordinates from simulation
[22m[39m[drawAllLinks] Total: 0, Drawn: 0, Skipped: 0

[90mstdout[2m | src/lib/components/GraphCanvas.node-types.visual.spec.ts[2m > [22m[2mGraphCanvas - Visual Node Type Correctness[2m > [22m[2mDebris visual properties[2m > [22m[2mshould draw scattered particle circles
[22m[39m[drawAllLinks] Total: 0, Drawn: 0, Skipped: 0

[90mstdout[2m | src/lib/components/GraphCanvas.rendering.spec.ts[2m > [22m[2mGraphCanvas - Rendering[2m > [22m[2mrenders correct number of nodes
[22m[39m[GraphCanvas] Received nodes types: [ [32m'star'[39m, [32m'planet'[39m, [32m'comet'[39m ] Total: [33m3[39m
[GraphCanvas] First node: { id: [32m'1'[39m, title: [32m'Node 1'[39m, type: [32m'star'[39m }
[simulation] Initial node coordinates: [
  { id: [32m'1'[39m, x: [33m718.4[39m, y: [33m344[39m },
  { id: [32m'2'[39m, x: [33m408.80000000000007[39m, y: [33m522.7476433411082[39m },
  { id: [32m'3'[39m, x: [33m408.7999999999999[39m, y: [33m165.2523566588919[39m }
]
[drawAllLinks] Total: 0, Drawn: 0, Skipped: 0

[90mstdout[2m | src/lib/components/GraphCanvas.node-types.visual.spec.ts[2m > [22m[2mGraphCanvas - Visual Node Type Correctness[2m > [22m[2mBlack hole visual properties[2m > [22m[2mshould use black fill for event horizon
[22m[39m[GraphCanvas] Received nodes types: [ [32m'blackhole'[39m ] Total: [33m1[39m
[GraphCanvas] First node: { id: [32m'1'[39m, title: [32m'Black Hole'[39m, type: [32m'blackhole'[39m }
[simulation] Initial node coordinates: [ { id: [32m'1'[39m, x: [33m718.4[39m, y: [33m344[39m } ]
[drawAllLinks] Total: 0, Drawn: 0, Skipped: 0

[90mstdout[2m | src/lib/components/GraphCanvas.rendering.spec.ts[2m > [22m[2mGraphCanvas - Rendering[2m > [22m[2mrenders correct number of nodes
[22m[39m[drawAllLinks] Total: 0, Drawn: 0, Skipped: 0

[90mstdout[2m | src/lib/components/GraphCanvas.node-types.visual.spec.ts[2m > [22m[2mGraphCanvas - Visual Node Type Correctness[2m > [22m[2mBlack hole visual properties[2m > [22m[2mshould use black fill for event horizon
[22m[39m[drawAllLinks] Total: 0, Drawn: 0, Skipped: 0

[90mstdout[2m | src/lib/components/GraphCanvas.rendering.spec.ts[2m > [22m[2mGraphCanvas - Rendering[2m > [22m[2mrenders links between correct nodes
[22m[39m[GraphCanvas] Received nodes types: [ [32m'star'[39m, [32m'planet'[39m, [32m'comet'[39m ] Total: [33m3[39m
[GraphCanvas] First node: { id: [32m'1'[39m, title: [32m'Node 1'[39m, type: [32m'star'[39m }
[simulation] Initial node coordinates: [
  { id: [32m'1'[39m, x: [33m718.4[39m, y: [33m344[39m },
  { id: [32m'2'[39m, x: [33m408.80000000000007[39m, y: [33m522.7476433411082[39m },
  { id: [32m'3'[39m, x: [33m408.7999999999999[39m, y: [33m165.2523566588919[39m }
]

[90mstdout[2m | src/lib/components/GraphCanvas.node-types.visual.spec.ts[2m > [22m[2mGraphCanvas - Visual Node Type Correctness[2m > [22m[2mBlack hole visual properties[2m > [22m[2mshould draw accretion disk with orange glow
[22m[39m[GraphCanvas] Received nodes types: [ [32m'blackhole'[39m ] Total: [33m1[39m
[GraphCanvas] First node: { id: [32m'1'[39m, title: [32m'Black Hole'[39m, type: [32m'blackhole'[39m }
[simulation] Initial node coordinates: [ { id: [32m'1'[39m, x: [33m718.4[39m, y: [33m344[39m } ]
[drawAllLinks] Total: 0, Drawn: 0, Skipped: 0

[90mstdout[2m | src/lib/components/GraphCanvas.node-types.visual.spec.ts[2m > [22m[2mGraphCanvas - Visual Node Type Correctness[2m > [22m[2mBlack hole visual properties[2m > [22m[2mshould draw accretion disk with orange glow
[22m[39m[drawAllLinks] Total: 0, Drawn: 0, Skipped: 0

[90mstdout[2m | src/lib/components/GraphCanvas.rendering.spec.ts[2m > [22m[2mGraphCanvas - Rendering[2m > [22m[2mapplies correct cursor style
[22m[39m[GraphCanvas] Received nodes types: [ [32m'star'[39m, [32m'planet'[39m, [32m'comet'[39m ] Total: [33m3[39m
[GraphCanvas] First node: { id: [32m'1'[39m, title: [32m'Node 1'[39m, type: [32m'star'[39m }
[simulation] Initial node coordinates: [
  { id: [32m'1'[39m, x: [33m718.4[39m, y: [33m344[39m },
  { id: [32m'2'[39m, x: [33m408.80000000000007[39m, y: [33m522.7476433411082[39m },
  { id: [32m'3'[39m, x: [33m408.7999999999999[39m, y: [33m165.2523566588919[39m }
]

[90mstdout[2m | src/lib/components/GraphCanvas.node-types.visual.spec.ts[2m > [22m[2mGraphCanvas - Visual Node Type Correctness[2m > [22m[2mBlack hole visual properties[2m > [22m[2mshould draw multiple concentric rings
[22m[39m[GraphCanvas] Received nodes types: [ [32m'blackhole'[39m ] Total: [33m1[39m
[GraphCanvas] First node: { id: [32m'1'[39m, title: [32m'Black Hole'[39m, type: [32m'blackhole'[39m }
[simulation] Initial node coordinates: [ { id: [32m'1'[39m, x: [33m718.4[39m, y: [33m344[39m } ]
[drawAllLinks] Total: 0, Drawn: 0, Skipped: 0

[90mstdout[2m | src/lib/components/GraphCanvas.rendering.spec.ts[2m > [22m[2mGraphCanvas - Rendering[2m > [22m[2mrenders all nodes within canvas bounds
[22m[39m[GraphCanvas] Received nodes types: [ [32m'star'[39m, [32m'planet'[39m, [32m'comet'[39m ] Total: [33m3[39m
[GraphCanvas] First node: { id: [32m'1'[39m, title: [32m'Node 1'[39m, type: [32m'star'[39m }
[simulation] Initial node coordinates: [
  { id: [32m'1'[39m, x: [33m718.4[39m, y: [33m344[39m },
  { id: [32m'2'[39m, x: [33m408.80000000000007[39m, y: [33m522.7476433411082[39m },
  { id: [32m'3'[39m, x: [33m408.7999999999999[39m, y: [33m165.2523566588919[39m }
]
[drawAllLinks] Total: 0, Drawn: 0, Skipped: 0

[90mstdout[2m | src/lib/components/GraphCanvas.node-types.visual.spec.ts[2m > [22m[2mGraphCanvas - Visual Node Type Correctness[2m > [22m[2mBlack hole visual properties[2m > [22m[2mshould draw multiple concentric rings
[22m[39m[drawAllLinks] Total: 0, Drawn: 0, Skipped: 0

[90mstdout[2m | src/lib/components/GraphCanvas.rendering.spec.ts[2m > [22m[2mGraphCanvas - Rendering[2m > [22m[2mrenders all nodes within canvas bounds
[22m[39m[drawAllLinks] Total: 0, Drawn: 0, Skipped: 0

[90mstdout[2m | src/lib/components/GraphCanvas.links.spec.ts[2m > [22m[2mGraphCanvas - Link Type Rendering[2m > [22m[2mrenders reference links
[22m[39m[GraphCanvas] Received nodes types: [ [32m'star'[39m, [32m'planet'[39m, [32m'comet'[39m ] Total: [33m3[39m
[GraphCanvas] First node: { id: [32m'1'[39m, title: [32m'Node 1'[39m, type: [32m'star'[39m }
[simulation] Initial node coordinates: [
  { id: [32m'1'[39m, x: [33m718.4[39m, y: [33m344[39m },
  { id: [32m'2'[39m, x: [33m408.80000000000007[39m, y: [33m522.7476433411082[39m },
  { id: [32m'3'[39m, x: [33m408.7999999999999[39m, y: [33m165.2523566588919[39m }
]

[90mstdout[2m | src/lib/components/GraphCanvas.node-types.visual.spec.ts[2m > [22m[2mGraphCanvas - Visual Node Type Correctness[2m > [22m[2mMoon visual properties[2m > [22m[2mshould use correct grey colors for moon
[22m[39m[GraphCanvas] Received nodes types: [ [32m'moon'[39m ] Total: [33m1[39m
[GraphCanvas] First node: { id: [32m'1'[39m, title: [32m'Moon'[39m, type: [32m'moon'[39m }
[simulation] Initial node coordinates: [ { id: [32m'1'[39m, x: [33m718.4[39m, y: [33m344[39m } ]
[drawAllLinks] Total: 0, Drawn: 0, Skipped: 0

[90mstdout[2m | src/lib/components/GraphCanvas.rendering.spec.ts[2m > [22m[2mGraphCanvas - Rendering[2m > [22m[2mcleans up resources on unmount
[22m[39m[GraphCanvas] Received nodes types: [ [32m'star'[39m, [32m'planet'[39m, [32m'comet'[39m ] Total: [33m3[39m
[GraphCanvas] First node: { id: [32m'1'[39m, title: [32m'Node 1'[39m, type: [32m'star'[39m }
[simulation] Initial node coordinates: [
  { id: [32m'1'[39m, x: [33m718.4[39m, y: [33m344[39m },
  { id: [32m'2'[39m, x: [33m408.80000000000007[39m, y: [33m522.7476433411082[39m },
  { id: [32m'3'[39m, x: [33m408.7999999999999[39m, y: [33m165.2523566588919[39m }
]
[drawAllLinks] Total: 0, Drawn: 0, Skipped: 0

[90mstdout[2m | src/lib/components/GraphCanvas.node-types.visual.spec.ts[2m > [22m[2mGraphCanvas - Visual Node Type Correctness[2m > [22m[2mMoon visual properties[2m > [22m[2mshould use correct grey colors for moon
[22m[39m[drawAllLinks] Total: 0, Drawn: 0, Skipped: 0

[90mstdout[2m | src/lib/components/GraphCanvas.rendering.spec.ts[2m > [22m[2mGraphCanvas - Rendering[2m > [22m[2mcleans up resources on unmount
[22m[39m[drawAllLinks] Total: 0, Drawn: 0, Skipped: 0

[90mstdout[2m | src/lib/components/GraphCanvas.links.spec.ts[2m > [22m[2mGraphCanvas - Link Type Rendering[2m > [22m[2mrenders dependency links
[22m[39m[GraphCanvas] Received nodes types: [ [32m'star'[39m, [32m'planet'[39m, [32m'comet'[39m ] Total: [33m3[39m
[GraphCanvas] First node: { id: [32m'1'[39m, title: [32m'Node 1'[39m, type: [32m'star'[39m }
[simulation] Initial node coordinates: [
  { id: [32m'1'[39m, x: [33m718.4[39m, y: [33m344[39m },
  { id: [32m'2'[39m, x: [33m408.80000000000007[39m, y: [33m522.7476433411082[39m },
  { id: [32m'3'[39m, x: [33m408.7999999999999[39m, y: [33m165.2523566588919[39m }
]

[90mstdout[2m | src/lib/components/GraphCanvas.fade.spec.ts[2m > [22m[2mGraphCanvas - Fade Effect[2m > [22m[2minitializes opacity maps on simulation start
[22m[39m[GraphCanvas] Received nodes types: [ [32m'star'[39m, [32m'planet'[39m, [32m'comet'[39m ] Total: [33m3[39m
[GraphCanvas] First node: { id: [32m'1'[39m, title: [32m'Node 1'[39m, type: [32m'star'[39m }
[simulation] Initial node coordinates: [
  { id: [32m'1'[39m, x: [33m718.4[39m, y: [33m344[39m },
  { id: [32m'2'[39m, x: [33m408.80000000000007[39m, y: [33m522.7476433411082[39m },
  { id: [32m'3'[39m, x: [33m408.7999999999999[39m, y: [33m165.2523566588919[39m }
]

[90mstdout[2m | src/lib/components/GraphCanvas.fade.spec.ts[2m > [22m[2mGraphCanvas - Fade Effect[2m > [22m[2mstarts with zero opacity for nodes and links
[22m[39m[simulation] Initial node coordinates: [
  { id: [32m'1'[39m, x: [33m580[39m, y: [33m300[39m },
  { id: [32m'2'[39m, x: [33m310.00000000000006[39m, y: [33m455.88457268119896[39m },
  { id: [32m'3'[39m, x: [33m309.9999999999999[39m, y: [33m144.11542731880107[39m }
]

[90mstdout[2m | src/lib/components/GraphCanvas.node-types.visual.spec.ts[2m > [22m[2mGraphCanvas - Visual Node Type Correctness[2m > [22m[2mMoon visual properties[2m > [22m[2mshould draw moon with crater
[22m[39m[GraphCanvas] Received nodes types: [ [32m'moon'[39m ] Total: [33m1[39m
[GraphCanvas] First node: { id: [32m'1'[39m, title: [32m'Moon'[39m, type: [32m'moon'[39m }
[simulation] Initial node coordinates: [ { id: [32m'1'[39m, x: [33m718.4[39m, y: [33m344[39m } ]
[drawAllLinks] Total: 0, Drawn: 0, Skipped: 0

[90mstdout[2m | src/lib/components/GraphCanvas.node-types.visual.spec.ts[2m > [22m[2mGraphCanvas - Visual Node Type Correctness[2m > [22m[2mMoon visual properties[2m > [22m[2mshould draw moon with crater
[22m[39m[drawAllLinks] Total: 0, Drawn: 0, Skipped: 0

[90mstdout[2m | src/lib/components/GraphCanvas.interactions.spec.ts[2m > [22m[2mGraphCanvas - Interactions[2m > [22m[2mcalls onNodeClick callback is defined
[22m[39m[GraphCanvas] Received nodes types: [ [32m'star'[39m, [32m'planet'[39m, [32m'comet'[39m ] Total: [33m3[39m
[GraphCanvas] First node: { id: [32m'1'[39m, title: [32m'Node 1'[39m, type: [32m'star'[39m }
[simulation] Initial node coordinates: [
  { id: [32m'1'[39m, x: [33m718.4[39m, y: [33m344[39m },
  { id: [32m'2'[39m, x: [33m408.80000000000007[39m, y: [33m522.7476433411082[39m },
  { id: [32m'3'[39m, x: [33m408.7999999999999[39m, y: [33m165.2523566588919[39m }
]

[90mstdout[2m | src/lib/components/GraphCanvas.rendering.spec.ts[2m > [22m[2mGraphCanvas - Rendering[2m > [22m[2mupdates simulation when nodes change
[22m[39m[GraphCanvas] Received nodes types: [ [32m'star'[39m, [32m'planet'[39m, [32m'comet'[39m ] Total: [33m3[39m
[GraphCanvas] First node: { id: [32m'1'[39m, title: [32m'Node 1'[39m, type: [32m'star'[39m }
[simulation] Initial node coordinates: [
  { id: [32m'1'[39m, x: [33m718.4[39m, y: [33m344[39m },
  { id: [32m'2'[39m, x: [33m408.80000000000007[39m, y: [33m522.7476433411082[39m },
  { id: [32m'3'[39m, x: [33m408.7999999999999[39m, y: [33m165.2523566588919[39m }
]
[drawAllLinks] Total: 0, Drawn: 0, Skipped: 0

[90mstdout[2m | src/lib/components/GraphCanvas.fade.spec.ts[2m > [22m[2mGraphCanvas - Fade Effect[2m > [22m[2mupdates opacity during simulation ticks
[22m[39m[simulation] Initial node coordinates: [
  { id: [32m'1'[39m, x: [33m580[39m, y: [33m300[39m },
  { id: [32m'2'[39m, x: [33m310.00000000000006[39m, y: [33m455.88457268119896[39m },
  { id: [32m'3'[39m, x: [33m309.9999999999999[39m, y: [33m144.11542731880107[39m }
]

[90mstdout[2m | src/lib/components/GraphCanvas.links.spec.ts[2m > [22m[2mGraphCanvas - Link Type Rendering[2m > [22m[2mrenders related links
[22m[39m[GraphCanvas] Received nodes types: [ [32m'star'[39m, [32m'planet'[39m, [32m'comet'[39m ] Total: [33m3[39m
[GraphCanvas] First node: { id: [32m'1'[39m, title: [32m'Node 1'[39m, type: [32m'star'[39m }
[simulation] Initial node coordinates: [
  { id: [32m'1'[39m, x: [33m718.4[39m, y: [33m344[39m },
  { id: [32m'2'[39m, x: [33m408.80000000000007[39m, y: [33m522.7476433411082[39m },
  { id: [32m'3'[39m, x: [33m408.7999999999999[39m, y: [33m165.2523566588919[39m }
]

[90mstdout[2m | src/lib/components/GraphCanvas.rendering.spec.ts[2m > [22m[2mGraphCanvas - Rendering[2m > [22m[2mupdates simulation when nodes change
[22m[39m[drawAllLinks] Total: 0, Drawn: 0, Skipped: 0

[90mstdout[2m | src/lib/components/GraphCanvas.node-types.visual.spec.ts[2m > [22m[2mGraphCanvas - Visual Node Type Correctness[2m > [22m[2mType uniqueness[2m > [22m[2mshould use unique color schemes for each celestial type
[22m[39m[GraphCanvas] Received nodes types: [ [32m'star'[39m ] Total: [33m1[39m
[GraphCanvas] First node: { id: [32m'1'[39m, title: [32m'star'[39m, type: [32m'star'[39m }
[simulation] Initial node coordinates: [ { id: [32m'1'[39m, x: [33m718.4[39m, y: [33m344[39m } ]
[drawAllLinks] Total: 0, Drawn: 0, Skipped: 0

[90mstdout[2m | src/lib/components/GraphCanvas.fade.spec.ts[2m > [22m[2mGraphCanvas - Fade Effect[2m > [22m[2mtriggers final fade animation on simulation end
[22m[39m[GraphCanvas] Received nodes types: [ [32m'star'[39m, [32m'planet'[39m, [32m'comet'[39m ] Total: [33m3[39m
[GraphCanvas] First node: { id: [32m'1'[39m, title: [32m'Node 1'[39m, type: [32m'star'[39m }
[simulation] Initial node coordinates: [
  { id: [32m'1'[39m, x: [33m718.4[39m, y: [33m344[39m },
  { id: [32m'2'[39m, x: [33m408.80000000000007[39m, y: [33m522.7476433411082[39m },
  { id: [32m'3'[39m, x: [33m408.7999999999999[39m, y: [33m165.2523566588919[39m }
]

stderr | src/lib/api/graph.test.ts > graph API > error handling > should handle network errors for getFullGraphData
[Graph API] Failed to load full graph: TypeError: Failed to fetch
    at createNetworkError (file:///D:/knowledge-graph/frontend/node_modules/@mswjs/interceptors/src/interceptors/fetch/utils/createNetworkError.ts:2:24)
    at Object.respondWith (file:///D:/knowledge-graph/frontend/node_modules/@mswjs/interceptors/src/interceptors/fetch/index.ts:108:36)
    at RequestController.respondWith (file:///D:/knowledge-graph/frontend/node_modules/@mswjs/interceptors/src/RequestController.ts:83:17)
    at InterceptorHttpNetworkFrame.respondWith (file:///D:/knowledge-graph/frontend/node_modules/msw/src/core/experimental/sources/interceptor-source.ts:136:24)
    at InterceptorHttpNetworkFrame.resolve (file:///D:/knowledge-graph/frontend/node_modules/msw/src/core/experimental/frames/http-frame.ts:256:10)
    at Emitter.<anonymous> (file:///D:/knowledge-graph/frontend/node_modules/msw/src/core/experimental/define-network.ts:179:11)
    at Emitter.emitAsPromise (file:///D:/knowledge-graph/frontend/node_modules/rettime/src/index.ts:604:27)
    at InterceptorSource.queue (file:///D:/knowledge-graph/frontend/node_modules/msw/src/core/experimental/sources/network-source.ts:39:5)
    at InterceptorSource.#handleRequest (file:///D:/knowledge-graph/frontend/node_modules/msw/src/core/experimental/sources/interceptor-source.ts:73:5)
    at emitAsync (file:///D:/knowledge-graph/frontend/node_modules/@mswjs/interceptors/src/utils/emitAsync.ts:23:5) {
  cause: Response {
    status: 0,
    statusText: '',
    headers: Headers {},
    body: null,
    bodyUsed: false,
    ok: false,
    redirected: false,
    type: 'error',
    url: ''
  }
}

[90mstdout[2m | src/lib/components/GraphCanvas.node-types.visual.spec.ts[2m > [22m[2mGraphCanvas - Visual Node Type Correctness[2m > [22m[2mType uniqueness[2m > [22m[2mshould use unique color schemes for each celestial type
[22m[39m[drawAllLinks] Total: 0, Drawn: 0, Skipped: 0

 [32mтЬУ[39m src/lib/components/LinkCreator.spec.ts [2m([22m[2m9 tests[22m[2m)[22m[33m 2277[2mms[22m[39m
   [33m[2mтЬУ[22m[39m LinkCreator[2m > [22msearches for notes when typing in search field [33m 366[2mms[22m[39m
   [33m[2mтЬУ[22m[39m LinkCreator[2m > [22mselects target note from search results [33m 372[2mms[22m[39m
   [33m[2mтЬУ[22m[39m LinkCreator[2m > [22msuccessfully creates link and calls onSuccess callback [33m 447[2mms[22m[39m
   [33m[2mтЬУ[22m[39m LinkCreator[2m > [22mhandles 409 conflict error when creating duplicate link [33m 460[2mms[22m[39m
[90mstdout[2m | src/lib/components/GraphCanvas.interactions.spec.ts[2m > [22m[2mGraphCanvas - Interactions[2m > [22m[2mcleans up on unmount
[22m[39m[GraphCanvas] Received nodes types: [ [32m'star'[39m, [32m'planet'[39m, [32m'comet'[39m ] Total: [33m3[39m
[GraphCanvas] First node: { id: [32m'1'[39m, title: [32m'Node 1'[39m, type: [32m'star'[39m }
[simulation] Initial node coordinates: [
  { id: [32m'1'[39m, x: [33m718.4[39m, y: [33m344[39m },
  { id: [32m'2'[39m, x: [33m408.80000000000007[39m, y: [33m522.7476433411082[39m },
  { id: [32m'3'[39m, x: [33m408.7999999999999[39m, y: [33m165.2523566588919[39m }
]

[90mstdout[2m | src/lib/components/GraphCanvas.rendering.spec.ts[2m > [22m[2mGraphCanvas - Rendering[2m > [22m[2mupdates simulation when nodes change
[22m[39m[GraphCanvas] Received nodes types: [ [32m'star'[39m, [32m'planet'[39m ] Total: [33m2[39m
[GraphCanvas] First node: { id: [32m'4'[39m, title: [32m'New Node 4'[39m, type: [32m'star'[39m }
[simulation] Initial node coordinates: [ { id: [32m'4'[39m, x: [33m718.4[39m, y: [33m344[39m }, { id: [32m'5'[39m, x: [33m305.6[39m, y: [33m344[39m } ]
[drawAllLinks] Total: 0, Drawn: 0, Skipped: 0

[90mstdout[2m | src/lib/components/GraphCanvas.links.spec.ts[2m > [22m[2mGraphCanvas - Link Type Rendering[2m > [22m[2mrenders links with different weights
[22m[39m[GraphCanvas] Received nodes types: [ [32m'star'[39m, [32m'planet'[39m, [32m'comet'[39m ] Total: [33m3[39m
[GraphCanvas] First node: { id: [32m'1'[39m, title: [32m'Node 1'[39m, type: [32m'star'[39m }
[simulation] Initial node coordinates: [
  { id: [32m'1'[39m, x: [33m718.4[39m, y: [33m344[39m },
  { id: [32m'2'[39m, x: [33m408.80000000000007[39m, y: [33m522.7476433411082[39m },
  { id: [32m'3'[39m, x: [33m408.7999999999999[39m, y: [33m165.2523566588919[39m }
]

[90mstdout[2m | src/lib/components/GraphCanvas.rendering.spec.ts[2m > [22m[2mGraphCanvas - Rendering[2m > [22m[2mupdates simulation when nodes change
[22m[39m[drawAllLinks] Total: 0, Drawn: 0, Skipped: 0

[90mstdout[2m | src/lib/components/GraphCanvas.fade.spec.ts[2m > [22m[2mGraphCanvas - Fade Effect[2m > [22m[2mcancels fade animation on simulation stop
[22m[39m[GraphCanvas] Received nodes types: [ [32m'star'[39m, [32m'planet'[39m, [32m'comet'[39m ] Total: [33m3[39m
[GraphCanvas] First node: { id: [32m'1'[39m, title: [32m'Node 1'[39m, type: [32m'star'[39m }
[simulation] Initial node coordinates: [
  { id: [32m'1'[39m, x: [33m718.4[39m, y: [33m344[39m },
  { id: [32m'2'[39m, x: [33m408.80000000000007[39m, y: [33m522.7476433411082[39m },
  { id: [32m'3'[39m, x: [33m408.7999999999999[39m, y: [33m165.2523566588919[39m }
]

 [32mтЬУ[39m src/lib/components/SearchBar.spec.ts [2m([22m[2m8 tests[22m[2m)[22m[33m 1924[2mms[22m[39m
   [33m[2mтЬУ[22m[39m SearchBar[2m > [22mnavigates to search page on button click [33m 343[2mms[22m[39m
   [33m[2mтЬУ[22m[39m SearchBar[2m > [22mdebounces input and navigates after timeout [33m 437[2mms[22m[39m
   [33m[2mтЬУ[22m[39m SearchBar[2m > [22mclears debounce timer on Enter key [33m 373[2mms[22m[39m
   [33m[2mтЬУ[22m[39m SearchBar[2m > [22mtrims whitespace from query [33m 328[2mms[22m[39m
 [32mтЬУ[39m src/lib/components/GraphCanvas.interactions.spec.ts [2m([22m[2m2 tests[22m[2m)[22m[33m 574[2mms[22m[39m
   [33m[2mтЬУ[22m[39m GraphCanvas - Interactions[2m > [22mcalls onNodeClick callback is defined [33m 399[2mms[22m[39m
[90mstdout[2m | src/lib/components/GraphCanvas.node-types.visual.spec.ts[2m > [22m[2mGraphCanvas - Visual Node Type Correctness[2m > [22m[2mType uniqueness[2m > [22m[2mshould use unique color schemes for each celestial type
[22m[39m[GraphCanvas] Received nodes types: [ [32m'planet'[39m ] Total: [33m1[39m
[GraphCanvas] First node: { id: [32m'1'[39m, title: [32m'planet'[39m, type: [32m'planet'[39m }
[simulation] Initial node coordinates: [ { id: [32m'1'[39m, x: [33m718.4[39m, y: [33m344[39m } ]
[drawAllLinks] Total: 0, Drawn: 0, Skipped: 0

[90mstdout[2m | src/lib/components/GraphCanvas.rendering.spec.ts[2m > [22m[2mGraphCanvas - Rendering[2m > [22m[2mupdates simulation when links change
[22m[39m[GraphCanvas] Received nodes types: [ [32m'star'[39m, [32m'planet'[39m, [32m'comet'[39m ] Total: [33m3[39m
[GraphCanvas] First node: { id: [32m'1'[39m, title: [32m'Node 1'[39m, type: [32m'star'[39m }
[simulation] Initial node coordinates: [
  { id: [32m'1'[39m, x: [33m718.4[39m, y: [33m344[39m },
  { id: [32m'2'[39m, x: [33m408.80000000000007[39m, y: [33m522.7476433411082[39m },
  { id: [32m'3'[39m, x: [33m408.7999999999999[39m, y: [33m165.2523566588919[39m }
]
[drawAllLinks] Total: 0, Drawn: 0, Skipped: 0

[90mstdout[2m | src/lib/components/GraphCanvas.node-types.visual.spec.ts[2m > [22m[2mGraphCanvas - Visual Node Type Correctness[2m > [22m[2mType uniqueness[2m > [22m[2mshould use unique color schemes for each celestial type
[22m[39m[drawAllLinks] Total: 0, Drawn: 0, Skipped: 0

[90mstdout[2m | src/lib/components/GraphCanvas.fade.spec.ts[2m > [22m[2mGraphCanvas - Fade Effect[2m > [22m[2mprogresses opacity based on stabilized nodes
[22m[39m[GraphCanvas] Received nodes types: [ [32m'star'[39m, [32m'planet'[39m, [32m'comet'[39m ] Total: [33m3[39m
[GraphCanvas] First node: { id: [32m'1'[39m, title: [32m'Node 1'[39m, type: [32m'star'[39m }
[simulation] Initial node coordinates: [
  { id: [32m'1'[39m, x: [33m718.4[39m, y: [33m344[39m },
  { id: [32m'2'[39m, x: [33m408.80000000000007[39m, y: [33m522.7476433411082[39m },
  { id: [32m'3'[39m, x: [33m408.7999999999999[39m, y: [33m165.2523566588919[39m }
]

[90mstdout[2m | src/lib/components/GraphCanvas.rendering.spec.ts[2m > [22m[2mGraphCanvas - Rendering[2m > [22m[2mupdates simulation when links change
[22m[39m[drawAllLinks] Total: 0, Drawn: 0, Skipped: 0

 [32mтЬУ[39m src/lib/components/TagSelector.spec.ts [2m([22m[2m16 tests[22m[2m)[22m[33m 2449[2mms[22m[39m
   [33m[2mтЬУ[22m[39m TagSelector[2m > [22madds new tag on Enter key [33m 311[2mms[22m[39m
   [33m[2mтЬУ[22m[39m TagSelector[2m > [22mvalidates tag length (max 30 chars) [33m 493[2mms[22m[39m
 [32mтЬУ[39m src/lib/components/GraphCanvas.links.spec.ts [2m([22m[2m4 tests[22m[2m)[22m[33m 1361[2mms[22m[39m
   [33m[2mтЬУ[22m[39m GraphCanvas - Link Type Rendering[2m > [22mrenders reference links [33m 409[2mms[22m[39m
   [33m[2mтЬУ[22m[39m GraphCanvas - Link Type Rendering[2m > [22mrenders dependency links [33m 320[2mms[22m[39m
   [33m[2mтЬУ[22m[39m GraphCanvas - Link Type Rendering[2m > [22mrenders related links [33m 311[2mms[22m[39m
   [33m[2mтЬУ[22m[39m GraphCanvas - Link Type Rendering[2m > [22mrenders links with different weights [33m 312[2mms[22m[39m
 [32mтЬУ[39m src/lib/components/GraphCanvas.fade.spec.ts [2m([22m[2m7 tests[22m[2m)[22m[33m 1087[2mms[22m[39m
[90mstdout[2m | src/lib/components/GraphCanvas.node-types.visual.spec.ts[2m > [22m[2mGraphCanvas - Visual Node Type Correctness[2m > [22m[2mType uniqueness[2m > [22m[2mshould use unique color schemes for each celestial type
[22m[39m[GraphCanvas] Received nodes types: [ [32m'comet'[39m ] Total: [33m1[39m
[GraphCanvas] First node: { id: [32m'1'[39m, title: [32m'comet'[39m, type: [32m'comet'[39m }
[simulation] Initial node coordinates: [ { id: [32m'1'[39m, x: [33m718.4[39m, y: [33m344[39m } ]
[drawAllLinks] Total: 0, Drawn: 0, Skipped: 0

[90mstdout[2m | src/lib/components/GraphCanvas.rendering.spec.ts[2m > [22m[2mGraphCanvas - Rendering[2m > [22m[2mupdates simulation when links change
[22m[39m[GraphCanvas] Received nodes types: [ [32m'star'[39m, [32m'planet'[39m, [32m'comet'[39m ] Total: [33m3[39m
[GraphCanvas] First node: { id: [32m'1'[39m, title: [32m'Node 1'[39m, type: [32m'star'[39m }
[simulation] Initial node coordinates: [
  { id: [32m'1'[39m, x: [33m718.4[39m, y: [33m344[39m },
  { id: [32m'2'[39m, x: [33m408.80000000000007[39m, y: [33m522.7476433411082[39m },
  { id: [32m'3'[39m, x: [33m408.7999999999999[39m, y: [33m165.2523566588919[39m }
]

[90mstdout[2m | src/lib/components/GraphCanvas.node-types.visual.spec.ts[2m > [22m[2mGraphCanvas - Visual Node Type Correctness[2m > [22m[2mType uniqueness[2m > [22m[2mshould use unique color schemes for each celestial type
[22m[39m[drawAllLinks] Total: 0, Drawn: 0, Skipped: 0

 [32mтЬУ[39m src/lib/components/GraphCanvas.rendering.spec.ts [2m([22m[2m11 tests[22m[2m)[22m[33m 3326[2mms[22m[39m
   [33m[2mтЬУ[22m[39m GraphCanvas - Rendering[2m > [22mrenders nodes with coordinates from simulation [33m 329[2mms[22m[39m
   [33m[2mтЬУ[22m[39m GraphCanvas - Rendering[2m > [22mrenders correct number of nodes [33m 323[2mms[22m[39m
   [33m[2mтЬУ[22m[39m GraphCanvas - Rendering[2m > [22mrenders links between correct nodes [33m 326[2mms[22m[39m
   [33m[2mтЬУ[22m[39m GraphCanvas - Rendering[2m > [22mrenders all nodes within canvas bounds [33m 324[2mms[22m[39m
   [33m[2mтЬУ[22m[39m GraphCanvas - Rendering[2m > [22mcleans up resources on unmount [33m 390[2mms[22m[39m
   [33m[2mтЬУ[22m[39m GraphCanvas - Rendering[2m > [22mupdates simulation when nodes change [33m 542[2mms[22m[39m
   [33m[2mтЬУ[22m[39m GraphCanvas - Rendering[2m > [22mupdates simulation when links change [33m 534[2mms[22m[39m
[90mstdout[2m | src/lib/components/GraphCanvas.node-types.visual.spec.ts[2m > [22m[2mGraphCanvas - Visual Node Type Correctness[2m > [22m[2mType uniqueness[2m > [22m[2mshould use unique color schemes for each celestial type
[22m[39m[GraphCanvas] Received nodes types: [ [32m'galaxy'[39m ] Total: [33m1[39m
[GraphCanvas] First node: { id: [32m'1'[39m, title: [32m'galaxy'[39m, type: [32m'galaxy'[39m }
[simulation] Initial node coordinates: [ { id: [32m'1'[39m, x: [33m718.4[39m, y: [33m344[39m } ]
[drawAllLinks] Total: 0, Drawn: 0, Skipped: 0

[90mstdout[2m | src/lib/components/GraphCanvas.node-types.visual.spec.ts[2m > [22m[2mGraphCanvas - Visual Node Type Correctness[2m > [22m[2mType uniqueness[2m > [22m[2mshould use unique color schemes for each celestial type
[22m[39m[drawAllLinks] Total: 0, Drawn: 0, Skipped: 0

[90mstdout[2m | src/lib/components/GraphCanvas.node-types.visual.spec.ts[2m > [22m[2mGraphCanvas - Visual Node Type Correctness[2m > [22m[2mType uniqueness[2m > [22m[2mshould use unique color schemes for each celestial type
[22m[39m[GraphCanvas] Received nodes types: [ [32m'asteroid'[39m ] Total: [33m1[39m
[GraphCanvas] First node: { id: [32m'1'[39m, title: [32m'asteroid'[39m, type: [32m'asteroid'[39m }
[simulation] Initial node coordinates: [ { id: [32m'1'[39m, x: [33m718.4[39m, y: [33m344[39m } ]
[drawAllLinks] Total: 0, Drawn: 0, Skipped: 0

[90mstdout[2m | src/lib/components/GraphCanvas.node-types.visual.spec.ts[2m > [22m[2mGraphCanvas - Visual Node Type Correctness[2m > [22m[2mType uniqueness[2m > [22m[2mshould use unique color schemes for each celestial type
[22m[39m[drawAllLinks] Total: 0, Drawn: 0, Skipped: 0

[90mstdout[2m | src/lib/components/GraphCanvas.node-types.visual.spec.ts[2m > [22m[2mGraphCanvas - Visual Node Type Correctness[2m > [22m[2mType uniqueness[2m > [22m[2mshould use unique color schemes for each celestial type
[22m[39m[GraphCanvas] Received nodes types: [ [32m'nebula'[39m ] Total: [33m1[39m
[GraphCanvas] First node: { id: [32m'1'[39m, title: [32m'nebula'[39m, type: [32m'nebula'[39m }
[simulation] Initial node coordinates: [ { id: [32m'1'[39m, x: [33m718.4[39m, y: [33m344[39m } ]
[drawAllLinks] Total: 0, Drawn: 0, Skipped: 0

[90mstdout[2m | src/lib/components/GraphCanvas.node-types.visual.spec.ts[2m > [22m[2mGraphCanvas - Visual Node Type Correctness[2m > [22m[2mType uniqueness[2m > [22m[2mshould use unique color schemes for each celestial type
[22m[39m[drawAllLinks] Total: 0, Drawn: 0, Skipped: 0

[90mstdout[2m | src/lib/components/GraphCanvas.node-types.visual.spec.ts[2m > [22m[2mGraphCanvas - Visual Node Type Correctness[2m > [22m[2mType uniqueness[2m > [22m[2mshould use unique color schemes for each celestial type
[22m[39m[GraphCanvas] Received nodes types: [ [32m'debris'[39m ] Total: [33m1[39m
[GraphCanvas] First node: { id: [32m'1'[39m, title: [32m'debris'[39m, type: [32m'debris'[39m }
[simulation] Initial node coordinates: [ { id: [32m'1'[39m, x: [33m718.4[39m, y: [33m344[39m } ]
[drawAllLinks] Total: 0, Drawn: 0, Skipped: 0

[90mstdout[2m | src/lib/components/GraphCanvas.node-types.visual.spec.ts[2m > [22m[2mGraphCanvas - Visual Node Type Correctness[2m > [22m[2mType uniqueness[2m > [22m[2mshould use unique color schemes for each celestial type
[22m[39m[drawAllLinks] Total: 0, Drawn: 0, Skipped: 0

[90mstdout[2m | src/lib/components/GraphCanvas.node-types.visual.spec.ts[2m > [22m[2mGraphCanvas - Visual Node Type Correctness[2m > [22m[2mType uniqueness[2m > [22m[2mshould use unique color schemes for each celestial type
[22m[39m[GraphCanvas] Received nodes types: [ [32m'blackhole'[39m ] Total: [33m1[39m
[GraphCanvas] First node: { id: [32m'1'[39m, title: [32m'blackhole'[39m, type: [32m'blackhole'[39m }
[simulation] Initial node coordinates: [ { id: [32m'1'[39m, x: [33m718.4[39m, y: [33m344[39m } ]
[drawAllLinks] Total: 0, Drawn: 0, Skipped: 0

stderr | src/lib/api/graph.test.ts > graph API > error handling > should handle HTTP 500 errors for getFullGraphData
[Graph API] Failed to load full graph: HTTPError: Request failed with status code 500 Internal Server Error: GET http://localhost:8080/api/v1/graph/all?limit=1000&link_limit=0
    at function_ (file:///D:/knowledge-graph/frontend/node_modules/ky/source/core/Ky.ts:99:17)
    at Ky.#retry (file:///D:/knowledge-graph/frontend/node_modules/ky/source/core/Ky.ts:414:11)
    at Promise.result.<computed> [as json] (file:///D:/knowledge-graph/frontend/node_modules/ky/source/core/Ky.ts:151:22)
    at getFullGraphData (D:\knowledge-graph\frontend\src\lib\api\graph.ts:77:22)
    at D:\knowledge-graph\frontend\src\lib\api\graph.test.ts:143:7
    at file:///D:/knowledge-graph/frontend/node_modules/@vitest/runner/dist/chunk-hooks.js:752:20 {
  response: Response {
    status: 500,
    statusText: 'Internal Server Error',
    headers: Headers { 'content-length': '24', 'content-type': 'application/json' },
    body: ReadableStream { locked: false, state: 'readable', supportsBYOB: true },
    bodyUsed: false,
    ok: false,
    redirected: false,
    type: 'default',
    url: 'http://localhost:8080/api/v1/graph/all?limit=1000&link_limit=0'
  },
  request: Request {
    method: 'GET',
    url: 'http://localhost:8080/api/v1/graph/all?limit=1000&link_limit=0',
    headers: Headers { accept: 'application/json' },
    destination: '',
    referrer: 'about:client',
    referrerPolicy: '',
    mode: 'cors',
    credentials: 'same-origin',
    cache: 'default',
    redirect: 'follow',
    integrity: '',
    keepalive: false,
    isReloadNavigation: false,
    isHistoryNavigation: false,
    signal: AbortSignal {}
  },
  options: {
    prefixUrl: 'http://localhost:8080/api/',
    timeout: 30000,
    retry: {
      limit: 3,
      methods: [Array],
      statusCodes: [Array],
      afterStatusCodes: [Array],
      maxRetryAfter: Infinity,
      backoffLimit: Infinity,
      delay: [Function: delay],
      jitter: undefined,
      retryOnTimeout: false
    },
    method: 'GET',
    headers: Headers {},
    throwHttpErrors: true,
    fetch: [Function: bound ] AsyncFunction,
    context: {},
    signal: AbortSignal {},
    duplex: 'half'
  }
}

[90mstdout[2m | src/lib/components/GraphCanvas.node-types.visual.spec.ts[2m > [22m[2mGraphCanvas - Visual Node Type Correctness[2m > [22m[2mType uniqueness[2m > [22m[2mshould use unique color schemes for each celestial type
[22m[39m[drawAllLinks] Total: 0, Drawn: 0, Skipped: 0

[90mstdout[2m | src/lib/components/GraphCanvas.node-types.visual.spec.ts[2m > [22m[2mGraphCanvas - Visual Node Type Correctness[2m > [22m[2mType uniqueness[2m > [22m[2mshould use unique color schemes for each celestial type
[22m[39m[GraphCanvas] Received nodes types: [ [32m'moon'[39m ] Total: [33m1[39m
[GraphCanvas] First node: { id: [32m'1'[39m, title: [32m'moon'[39m, type: [32m'moon'[39m }
[simulation] Initial node coordinates: [ { id: [32m'1'[39m, x: [33m718.4[39m, y: [33m344[39m } ]
[drawAllLinks] Total: 0, Drawn: 0, Skipped: 0

[90mstdout[2m | src/lib/components/GraphCanvas.node-types.visual.spec.ts[2m > [22m[2mGraphCanvas - Visual Node Type Correctness[2m > [22m[2mType uniqueness[2m > [22m[2mshould use unique color schemes for each celestial type
[22m[39m[drawAllLinks] Total: 0, Drawn: 0, Skipped: 0

[90mstdout[2m | src/lib/components/GraphCanvas.node-types.visual.spec.ts[2m > [22m[2mGraphCanvas - Visual Node Type Correctness[2m > [22m[2mType uniqueness[2m > [22m[2mshould generate different variations for nodes of the same type
[22m[39m[GraphCanvas] Received nodes types: [ [32m'star'[39m ] Total: [33m2[39m
[GraphCanvas] First node: { id: [32m'star-abc123'[39m, title: [32m'Star 1'[39m, type: [32m'star'[39m }
[simulation] Initial node coordinates: [
  { id: [32m'star-abc123'[39m, x: [33m718.4[39m, y: [33m344[39m },
  { id: [32m'star-def456'[39m, x: [33m305.6[39m, y: [33m344[39m }
]
[drawAllLinks] Total: 0, Drawn: 0, Skipped: 0

[90mstdout[2m | src/lib/components/GraphCanvas.node-types.visual.spec.ts[2m > [22m[2mGraphCanvas - Visual Node Type Correctness[2m > [22m[2mType uniqueness[2m > [22m[2mshould generate different variations for nodes of the same type
[22m[39m[drawAllLinks] Total: 0, Drawn: 0, Skipped: 0

 [31mтЭп[39m src/lib/components/GraphCanvas.node-types.visual.spec.ts [2m([22m[2m21 tests[22m[2m | [22m[31m5 failed[39m[2m)[22m[33m 9529[2mms[22m[39m
   [33m[2mтЬУ[22m[39m GraphCanvas - Visual Node Type Correctness[2m > [22mStar visual properties[2m > [22mshould use correct fill and stroke colors for star [33m 483[2mms[22m[39m
   [33m[2mтЬУ[22m[39m GraphCanvas - Visual Node Type Correctness[2m > [22mStar visual properties[2m > [22mshould draw star shape with 5 points [33m 342[2mms[22m[39m
[31m   [31m├Ч[31m GraphCanvas - Visual Node Type Correctness[2m > [22mPlanet visual properties[2m > [22mshould use correct fill colors for planet[39m[33m 338[2mms[22m[39m
[31m     тЖТ expected false to be true // Object.is equality[39m
   [33m[2mтЬУ[22m[39m GraphCanvas - Visual Node Type Correctness[2m > [22mPlanet visual properties[2m > [22mshould draw circular base with ellipse bands [33m 325[2mms[22m[39m
[31m   [31m├Ч[31m GraphCanvas - Visual Node Type Correctness[2m > [22mComet visual properties[2m > [22mshould use correct fill colors for comet[39m[33m 334[2mms[22m[39m
[31m     тЖТ expected false to be true // Object.is equality[39m
   [33m[2mтЬУ[22m[39m GraphCanvas - Visual Node Type Correctness[2m > [22mComet visual properties[2m > [22mshould draw comet with tail [33m 330[2mms[22m[39m
   [33m[2mтЬУ[22m[39m GraphCanvas - Visual Node Type Correctness[2m > [22mGalaxy visual properties[2m > [22mshould use correct translucent colors for galaxy [33m 333[2mms[22m[39m
   [33m[2mтЬУ[22m[39m GraphCanvas - Visual Node Type Correctness[2m > [22mGalaxy visual properties[2m > [22mshould draw multiple ellipses for galaxy arms [33m 318[2mms[22m[39m
   [33m[2mтЬУ[22m[39m GraphCanvas - Visual Node Type Correctness[2m > [22mAsteroid visual properties[2m > [22mshould use correct rocky colors for asteroid [33m 340[2mms[22m[39m
   [33m[2mтЬУ[22m[39m GraphCanvas - Visual Node Type Correctness[2m > [22mAsteroid visual properties[2m > [22mshould draw irregular polygon shape [33m 315[2mms[22m[39m
[31m   [31m├Ч[31m GraphCanvas - Visual Node Type Correctness[2m > [22mNebula visual properties[2m > [22mshould use correct turquoise colors for nebula[39m[33m 332[2mms[22m[39m
[31m     тЖТ expected false to be true // Object.is equality[39m
   [33m[2mтЬУ[22m[39m GraphCanvas - Visual Node Type Correctness[2m > [22mNebula visual properties[2m > [22mshould draw multiple ellipses for nebula clouds [33m 332[2mms[22m[39m
   [33m[2mтЬУ[22m[39m GraphCanvas - Visual Node Type Correctness[2m > [22mDebris visual properties[2m > [22mshould use correct grey colors for debris [33m 329[2mms[22m[39m
   [33m[2mтЬУ[22m[39m GraphCanvas - Visual Node Type Correctness[2m > [22mDebris visual properties[2m > [22mshould draw scattered particle circles [33m 322[2mms[22m[39m
   [33m[2mтЬУ[22m[39m GraphCanvas - Visual Node Type Correctness[2m > [22mBlack hole visual properties[2m > [22mshould use black fill for event horizon [33m 312[2mms[22m[39m
   [33m[2mтЬУ[22m[39m GraphCanvas - Visual Node Type Correctness[2m > [22mBlack hole visual properties[2m > [22mshould draw accretion disk with orange glow [33m 329[2mms[22m[39m
   [33m[2mтЬУ[22m[39m GraphCanvas - Visual Node Type Correctness[2m > [22mBlack hole visual properties[2m > [22mshould draw multiple concentric rings [33m 325[2mms[22m[39m
   [33m[2mтЬУ[22m[39m GraphCanvas - Visual Node Type Correctness[2m > [22mMoon visual properties[2m > [22mshould use correct grey colors for moon [33m 326[2mms[22m[39m
[31m   [31m├Ч[31m GraphCanvas - Visual Node Type Correctness[2m > [22mMoon visual properties[2m > [22mshould draw moon with crater[39m[33m 309[2mms[22m[39m
[31m     тЖТ expected false to be true // Object.is equality[39m
[31m   [31m├Ч[31m GraphCanvas - Visual Node Type Correctness[2m > [22mType uniqueness[2m > [22mshould use unique color schemes for each celestial type[39m[33m 2811[2mms[22m[39m
[31m     тЖТ expected false to be true // Object.is equality[39m
   [33m[2mтЬУ[22m[39m GraphCanvas - Visual Node Type Correctness[2m > [22mType uniqueness[2m > [22mshould generate different variations for nodes of the same type [33m 328[2mms[22m[39m
11:06:25 AM [vite-plugin-svelte] src/lib/components/ShareModal.svelte:130:0 `<div>` with a click handler must have an ARIA role
https://svelte.dev/e/a11y_no_static_element_interactions
11:06:25 AM [vite-plugin-svelte] src/lib/components/ShareModal.svelte:130:28 Using `on:click` to listen to the click event is deprecated. Use the event attribute `onclick` instead
https://svelte.dev/e/event_directive_deprecated
11:06:25 AM [vite-plugin-svelte] src/lib/components/ShareModal.svelte:135:35 Using `on:click` to listen to the click event is deprecated. Use the event attribute `onclick` instead
https://svelte.dev/e/event_directive_deprecated
11:06:25 AM [vite-plugin-svelte] src/lib/components/ShareModal.svelte:142:8 Using `on:click` to listen to the click event is deprecated. Use the event attribute `onclick` instead
https://svelte.dev/e/event_directive_deprecated
11:06:25 AM [vite-plugin-svelte] src/lib/components/ShareModal.svelte:149:8 Using `on:click` to listen to the click event is deprecated. Use the event attribute `onclick` instead
https://svelte.dev/e/event_directive_deprecated
11:06:25 AM [vite-plugin-svelte] src/lib/components/ShareModal.svelte:186:12 Using `on:click` to listen to the click event is deprecated. Use the event attribute `onclick` instead
https://svelte.dev/e/event_directive_deprecated
11:06:25 AM [vite-plugin-svelte] src/lib/components/ShareModal.svelte:238:20 Using `on:click` to listen to the click event is deprecated. Use the event attribute `onclick` instead
https://svelte.dev/e/event_directive_deprecated
11:06:25 AM [vite-plugin-svelte] src/lib/components/ShareModal.svelte:249:12 Using `on:click` to listen to the click event is deprecated. Use the event attribute `onclick` instead
https://svelte.dev/e/event_directive_deprecated
stderr | src/lib/api/graph.test.ts > graph API > error handling > should handle 503 when graph service is unavailable
[Graph API] Failed to load graph for note 1: HTTPError: Request failed with status code 503 Service Unavailable: GET http://localhost:8080/api/v1/notes/1/graph?depth=2
    at function_ (file:///D:/knowledge-graph/frontend/node_modules/ky/source/core/Ky.ts:99:17)
    at Ky.#retry (file:///D:/knowledge-graph/frontend/node_modules/ky/source/core/Ky.ts:414:11)
    at Promise.result.<computed> [as json] (file:///D:/knowledge-graph/frontend/node_modules/ky/source/core/Ky.ts:151:22)
    at getGraphData (D:\knowledge-graph\frontend\src\lib\api\graph.ts:65:22)
    at D:\knowledge-graph\frontend\src\lib\api\graph.test.ts:153:7
    at file:///D:/knowledge-graph/frontend/node_modules/@vitest/runner/dist/chunk-hooks.js:752:20 {
  response: Response {
    status: 503,
    statusText: 'Service Unavailable',
    headers: Headers { 'content-length': '31', 'content-type': 'application/json' },
    body: ReadableStream { locked: false, state: 'readable', supportsBYOB: true },
    bodyUsed: false,
    ok: false,
    redirected: false,
    type: 'default',
    url: 'http://localhost:8080/api/v1/notes/1/graph?depth=2'
  },
  request: Request {
    method: 'GET',
    url: 'http://localhost:8080/api/v1/notes/1/graph?depth=2',
    headers: Headers { accept: 'application/json' },
    destination: '',
    referrer: 'about:client',
    referrerPolicy: '',
    mode: 'cors',
    credentials: 'same-origin',
    cache: 'default',
    redirect: 'follow',
    integrity: '',
    keepalive: false,
    isReloadNavigation: false,
    isHistoryNavigation: false,
    signal: AbortSignal {}
  },
  options: {
    prefixUrl: 'http://localhost:8080/api/',
    timeout: 30000,
    retry: {
      limit: 3,
      methods: [Array],
      statusCodes: [Array],
      afterStatusCodes: [Array],
      maxRetryAfter: Infinity,
      backoffLimit: Infinity,
      delay: [Function: delay],
      jitter: undefined,
      retryOnTimeout: false
    },
    method: 'GET',
    headers: Headers {},
    throwHttpErrors: true,
    fetch: [Function: bound ] AsyncFunction,
    context: {},
    signal: AbortSignal {},
    duplex: 'half'
  }
}

 [32mтЬУ[39m src/lib/components/ConfirmModal.spec.ts [2m([22m[2m5 tests[22m[2m)[22m[33m 388[2mms[22m[39m
 [32mтЬУ[39m src/lib/components/NoteSidePanel.spec.ts [2m([22m[2m10 tests[22m[2m)[22m[33m 576[2mms[22m[39m
 [32mтЬУ[39m src/lib/components/ApiErrorDisplay.spec.ts [2m([22m[2m10 tests[22m[2m)[22m[33m 314[2mms[22m[39m
 [32mтЬУ[39m src/lib/components/BackButton.spec.ts [2m([22m[2m3 tests[22m[2m)[22m[32m 214[2mms[22m[39m
 [32mтЬУ[39m src/lib/components/FloatingControls.spec.ts [2m([22m[2m15 tests[22m[2m)[22m[33m 409[2mms[22m[39m
 [32mтЬУ[39m src/lib/components/AuthCard.spec.ts [2m([22m[2m6 tests[22m[2m | [22m[33m1 skipped[39m[2m)[22m[33m 423[2mms[22m[39m
 [32mтЬУ[39m src/lib/components/NoteEditor.spec.ts [2m([22m[2m12 tests[22m[2m)[22m[33m 682[2mms[22m[39m
stderr | src/lib/api/graph.test.ts > graph API > error handling > should handle timeout errors
[Graph API] Failed to load graph for note 1: HTTPError: Request failed with status code 504 Gateway Timeout: GET http://localhost:8080/api/v1/notes/1/graph?depth=2
    at function_ (file:///D:/knowledge-graph/frontend/node_modules/ky/source/core/Ky.ts:99:17)
    at Ky.#retry (file:///D:/knowledge-graph/frontend/node_modules/ky/source/core/Ky.ts:414:11)
    at Promise.result.<computed> [as json] (file:///D:/knowledge-graph/frontend/node_modules/ky/source/core/Ky.ts:151:22)
    at getGraphData (D:\knowledge-graph\frontend\src\lib\api\graph.ts:65:22)
    at D:\knowledge-graph\frontend\src\lib\api\graph.test.ts:163:7
    at file:///D:/knowledge-graph/frontend/node_modules/@vitest/runner/dist/chunk-hooks.js:752:20 {
  response: Response {
    status: 504,
    statusText: 'Gateway Timeout',
    headers: Headers { 'content-length': '27', 'content-type': 'application/json' },
    body: ReadableStream { locked: false, state: 'readable', supportsBYOB: true },
    bodyUsed: false,
    ok: false,
    redirected: false,
    type: 'default',
    url: 'http://localhost:8080/api/v1/notes/1/graph?depth=2'
  },
  request: Request {
    method: 'GET',
    url: 'http://localhost:8080/api/v1/notes/1/graph?depth=2',
    headers: Headers { accept: 'application/json' },
    destination: '',
    referrer: 'about:client',
    referrerPolicy: '',
    mode: 'cors',
    credentials: 'same-origin',
    cache: 'default',
    redirect: 'follow',
    integrity: '',
    keepalive: false,
    isReloadNavigation: false,
    isHistoryNavigation: false,
    signal: AbortSignal {}
  },
  options: {
    prefixUrl: 'http://localhost:8080/api/',
    timeout: 30000,
    retry: {
      limit: 3,
      methods: [Array],
      statusCodes: [Array],
      afterStatusCodes: [Array],
      maxRetryAfter: Infinity,
      backoffLimit: Infinity,
      delay: [Function: delay],
      jitter: undefined,
      retryOnTimeout: false
    },
    method: 'GET',
    headers: Headers {},
    throwHttpErrors: true,
    fetch: [Function: bound ] AsyncFunction,
    context: {},
    signal: AbortSignal {},
    duplex: 'half'
  }
}

 [32mтЬУ[39m src/lib/api/graph.test.ts [2m([22m[2m13 tests[22m[2m)[22m[33m 13175[2mms[22m[39m
   [33m[2mтЬУ[22m[39m graph API[2m > [22merror handling[2m > [22mshould handle network errors for getGraphData [33m 2185[2mms[22m[39m
   [33m[2mтЬУ[22m[39m graph API[2m > [22merror handling[2m > [22mshould handle HTTP 500 errors for getGraphData [33m 2185[2mms[22m[39m
   [33m[2mтЬУ[22m[39m graph API[2m > [22merror handling[2m > [22mshould handle network errors for getFullGraphData [33m 2135[2mms[22m[39m
   [33m[2mтЬУ[22m[39m graph API[2m > [22merror handling[2m > [22mshould handle HTTP 500 errors for getFullGraphData [33m 2147[2mms[22m[39m
   [33m[2mтЬУ[22m[39m graph API[2m > [22merror handling[2m > [22mshould handle 503 when graph service is unavailable [33m 2148[2mms[22m[39m
   [33m[2mтЬУ[22m[39m graph API[2m > [22merror handling[2m > [22mshould handle timeout errors [33m 2190[2mms[22m[39m
 [32mтЬУ[39m src/lib/components/NoteCard.spec.ts [2m([22m[2m5 tests[22m[2m)[22m[32m 238[2mms[22m[39m
 [32mтЬУ[39m src/lib/api/links.test.ts [2m([22m[2m22 tests[22m[2m)[22m[33m 15274[2mms[22m[39m
   [33m[2mтЬУ[22m[39m links API[2m > [22mgetLinks[2m > [22mshould throw on 500 error [33m 2177[2mms[22m[39m
   [33m[2mтЬУ[22m[39m links API[2m > [22mgetLinks[2m > [22mshould handle network errors [33m 2161[2mms[22m[39m
   [33m[2mтЬУ[22m[39m links API[2m > [22mgetLink[2m > [22mshould throw on 500 error [33m 2139[2mms[22m[39m
   [33m[2mтЬУ[22m[39m links API[2m > [22mcreateLink[2m > [22mshould throw on 500 error [33m 2143[2mms[22m[39m
   [33m[2mтЬУ[22m[39m links API[2m > [22mcreateLink[2m > [22mshould handle network errors [33m 2146[2mms[22m[39m
   [33m[2mтЬУ[22m[39m links API[2m > [22mgetNoteLinks[2m > [22mshould throw on 500 error [33m 2137[2mms[22m[39m
   [33m[2mтЬУ[22m[39m links API[2m > [22mgetNoteLinks[2m > [22mshould handle network errors [33m 2155[2mms[22m[39m
 [32mтЬУ[39m src/lib/components/Sidebar.spec.ts [2m([22m[2m5 tests[22m[2m)[22m[32m 112[2mms[22m[39m
 [32mтЬУ[39m src/lib/components/SmartGraph.spec.ts [2m([22m[2m3 tests[22m[2m)[22m[32m 83[2mms[22m[39m
 [32mтЬУ[39m src/lib/test-utils/index.test.ts [2m([22m[2m6 tests[22m[2m)[22m[32m 197[2mms[22m[39m
[90mstdout[2m | src/lib/stores/auth.svelte.test.ts[2m > [22m[2mAuth Store Integration with PreloadService[2m > [22m[2mLogout Integration[2m > [22m[2mshould clear preload cache on logout
[22m[39m[PreloadService] Clearing preload cache...
[PreloadService] Clearing preload cache...

[90mstdout[2m | src/lib/stores/auth.svelte.test.ts[2m > [22m[2mAuth Store Integration with PreloadService[2m > [22m[2mLogout Integration[2m > [22m[2mshould clear preload cache on logout
[22m[39m[PreloadService] Starting background preload...

[90mstdout[2m | src/lib/stores/auth.svelte.test.ts[2m > [22m[2mAuth Store Integration with PreloadService[2m > [22m[2mLogout Integration[2m > [22m[2mshould clear preload cache on logout
[22m[39m[PreloadService] Public graph preloaded successfully

[90mstdout[2m | src/lib/stores/auth.svelte.test.ts[2m > [22m[2mAuth Store Integration with PreloadService[2m > [22m[2mLogout Integration[2m > [22m[2mshould clear preload cache on logout
[22m[39m[PreloadService] Graph preloaded successfully
[PreloadService] Achievements preloaded successfully

[90mstdout[2m | src/lib/stores/auth.svelte.test.ts[2m > [22m[2mAuth Store Integration with PreloadService[2m > [22m[2mLogout Integration[2m > [22m[2mshould clear preload cache on logout
[22m[39m[PreloadService] Clearing preload cache...

[90mstdout[2m | src/lib/stores/auth.svelte.test.ts[2m > [22m[2mAuth Store Integration with PreloadService[2m > [22m[2mLogout Integration[2m > [22m[2mshould clear preload cache on logout
[22m[39m[PreloadService] Clearing preload cache...

[90mstdout[2m | src/lib/stores/auth.svelte.test.ts[2m > [22m[2mAuth Store Integration with PreloadService[2m > [22m[2mLogout Integration[2m > [22m[2mshould clear preload cache even if logout API fails
[22m[39m[PreloadService] Clearing preload cache...
[PreloadService] Clearing preload cache...

[90mstdout[2m | src/lib/stores/auth.svelte.test.ts[2m > [22m[2mAuth Store Integration with PreloadService[2m > [22m[2mLogout Integration[2m > [22m[2mshould clear preload cache even if logout API fails
[22m[39m[PreloadService] Starting background preload...

[90mstdout[2m | src/lib/stores/auth.svelte.test.ts[2m > [22m[2mAuth Store Integration with PreloadService[2m > [22m[2mLogout Integration[2m > [22m[2mshould clear preload cache even if logout API fails
[22m[39m[PreloadService] Public graph preloaded successfully

[90mstdout[2m | src/lib/stores/auth.svelte.test.ts[2m > [22m[2mAuth Store Integration with PreloadService[2m > [22m[2mLogout Integration[2m > [22m[2mshould clear preload cache even if logout API fails
[22m[39m[PreloadService] Graph preloaded successfully
[PreloadService] Achievements preloaded successfully

[90mstdout[2m | src/lib/stores/auth.svelte.test.ts[2m > [22m[2mAuth Store Integration with PreloadService[2m > [22m[2mLogout Integration[2m > [22m[2mshould clear preload cache even if logout API fails
[22m[39m[PreloadService] Clearing preload cache...

[90mstdout[2m | src/lib/stores/auth.svelte.test.ts[2m > [22m[2mAuth Store Integration with PreloadService[2m > [22m[2mLogout Integration[2m > [22m[2mshould clear preload cache even if logout API fails
[22m[39m[PreloadService] Clearing preload cache...

[90mstdout[2m | src/lib/stores/auth.svelte.test.ts[2m > [22m[2mAuth Store Integration with PreloadService[2m > [22m[2mLogout Integration[2m > [22m[2mshould handle missing refresh token gracefully
[22m[39m[PreloadService] Clearing preload cache...
[PreloadService] Clearing preload cache...

[90mstdout[2m | src/lib/stores/auth.svelte.test.ts[2m > [22m[2mAuth Store Integration with PreloadService[2m > [22m[2mLogout Integration[2m > [22m[2mshould handle missing refresh token gracefully
[22m[39m[PreloadService] Starting background preload...

[90mstdout[2m | src/lib/stores/auth.svelte.test.ts[2m > [22m[2mAuth Store Integration with PreloadService[2m > [22m[2mLogout Integration[2m > [22m[2mshould handle missing refresh token gracefully
[22m[39m[PreloadService] Public graph preloaded successfully

[90mstdout[2m | src/lib/stores/auth.svelte.test.ts[2m > [22m[2mAuth Store Integration with PreloadService[2m > [22m[2mLogout Integration[2m > [22m[2mshould handle missing refresh token gracefully
[22m[39m[PreloadService] Graph preloaded successfully
[PreloadService] Achievements preloaded successfully

[90mstdout[2m | src/lib/stores/auth.svelte.test.ts[2m > [22m[2mAuth Store Integration with PreloadService[2m > [22m[2mLogout Integration[2m > [22m[2mshould handle missing refresh token gracefully
[22m[39m[PreloadService] Clearing preload cache...

[90mstdout[2m | src/lib/stores/auth.svelte.test.ts[2m > [22m[2mAuth Store Integration with PreloadService[2m > [22m[2mLogout Integration[2m > [22m[2mshould handle missing refresh token gracefully
[22m[39m[PreloadService] Clearing preload cache...

[90mstdout[2m | src/lib/stores/auth.svelte.test.ts[2m > [22m[2mAuth Store Integration with PreloadService[2m > [22m[2mLogin Flow Integration[2m > [22m[2mshould not interfere with preload cache during login
[22m[39m[PreloadService] Clearing preload cache...
[PreloadService] Clearing preload cache...

[90mstdout[2m | src/lib/stores/auth.svelte.test.ts[2m > [22m[2mAuth Store Integration with PreloadService[2m > [22m[2mLogin Flow Integration[2m > [22m[2mshould not interfere with preload cache during login
[22m[39m[PreloadService] Starting background preload...

[90mstdout[2m | src/lib/stores/auth.svelte.test.ts[2m > [22m[2mAuth Store Integration with PreloadService[2m > [22m[2mLogin Flow Integration[2m > [22m[2mshould not interfere with preload cache during login
[22m[39m[PreloadService] Public graph preloaded successfully

[90mstdout[2m | src/lib/stores/auth.svelte.test.ts[2m > [22m[2mAuth Store Integration with PreloadService[2m > [22m[2mLogin Flow Integration[2m > [22m[2mshould not interfere with preload cache during login
[22m[39m[PreloadService] Graph preloaded successfully
[PreloadService] Achievements preloaded successfully

stderr | src/lib/stores/auth.svelte.test.ts > Auth Store Integration with PreloadService > Login Flow Integration > should not interfere with preload cache during login
[PreloadService] Error during authenticated graph preload: Error: [vitest] No "getCachedGraph" export is defined on the "../api/graph" mock. Did you forget to return it from "vi.mock"?
If you need to partially mock a module, you can use "importOriginal" helper inside:

    at VitestMocker.createError (file:///D:/knowledge-graph/frontend/node_modules/vitest/dist/chunks/execute.B7h3T_Hc.js:284:17)
    at Object.get (file:///D:/knowledge-graph/frontend/node_modules/vitest/dist/chunks/execute.B7h3T_Hc.js:330:16)
    at PreloadServiceClass.performAuthenticatedPreload (D:\knowledge-graph\frontend\src\lib\services\PreloadService.ts:130:9)
    at PreloadServiceClass.preloadAuthenticatedGraph (D:\knowledge-graph\frontend\src\lib\services\PreloadService.ts:84:32)
    at preloadAuthenticatedGraph (D:\knowledge-graph\frontend\src\lib\services\PreloadService.ts:319:25)
    at Module.login (D:\knowledge-graph\frontend\src\lib\stores\auth.svelte.ts:96:10)
    at processTicksAndRejections (node:internal/process/task_queues:105:5)
    at Module.track_reactivity_loss (D:\knowledge-graph\frontend\node_modules\svelte\src\internal\client\reactivity\async.js:179:14)
    at D:\knowledge-graph\frontend\src\lib\stores\auth.svelte.test.ts:163:13
    at file:///D:/knowledge-graph/frontend/node_modules/@vitest/runner/dist/chunk-hooks.js:752:20 {
  codeFrame: 'vi\x1B[33m.\x1B[39m\x1B[34mmock\x1B[39m(\x1B[35mimport\x1B[39m(\x1B[32m"../api/graph"\x1B[39m)\x1B[33m,\x1B[39m \x1B[35masync\x1B[39m (importOriginal) \x1B[33m=>\x1B[39m {\n' +
    '  \x1B[35mconst\x1B[39m actual \x1B[33m=\x1B[39m \x1B[35mawait\x1B[39m \x1B[34mimportOriginal\x1B[39m()\n' +
    '  \x1B[35mreturn\x1B[39m {\n' +
    '    \x1B[33m...\x1B[39mactual\x1B[33m,\x1B[39m\n' +
    '    \x1B[90m// your mocked methods\x1B[39m\n' +
    '  }\n' +
    '})'
}

[90mstdout[2m | src/lib/stores/auth.svelte.test.ts[2m > [22m[2mAuth Store Integration with PreloadService[2m > [22m[2mLogin Flow Integration[2m > [22m[2mshould not interfere with preload cache during login
[22m[39m[PreloadService] Starting authenticated graph preload...

[90mstdout[2m | src/lib/stores/auth.svelte.test.ts[2m > [22m[2mAuth Store Integration with PreloadService[2m > [22m[2mLogin Flow Integration[2m > [22m[2mshould not interfere with preload cache during login
[22m[39m[PreloadService] Clearing preload cache...

[90mstdout[2m | src/lib/stores/auth.svelte.test.ts[2m > [22m[2mAuth Store Integration with PreloadService[2m > [22m[2mLogin Flow Integration[2m > [22m[2mshould clear cache on failed login
[22m[39m[PreloadService] Clearing preload cache...

[90mstdout[2m | src/lib/stores/auth.svelte.test.ts[2m > [22m[2mAuth Store Integration with PreloadService[2m > [22m[2mLogin Flow Integration[2m > [22m[2mshould clear cache on failed login
[22m[39m[PreloadService] Clearing preload cache...

[90mstdout[2m | src/lib/stores/auth.svelte.test.ts[2m > [22m[2mAuth Store Integration with PreloadService[2m > [22m[2mLogin Flow Integration[2m > [22m[2mshould clear cache on failed login
[22m[39m[PreloadService] Starting background preload...

[90mstdout[2m | src/lib/stores/auth.svelte.test.ts[2m > [22m[2mAuth Store Integration with PreloadService[2m > [22m[2mLogin Flow Integration[2m > [22m[2mshould clear cache on failed login
[22m[39m[PreloadService] Public graph preloaded successfully

[90mstdout[2m | src/lib/stores/auth.svelte.test.ts[2m > [22m[2mAuth Store Integration with PreloadService[2m > [22m[2mLogin Flow Integration[2m > [22m[2mshould clear cache on failed login
[22m[39m[PreloadService] Graph preloaded successfully
[PreloadService] Achievements preloaded successfully

[90mstdout[2m | src/lib/stores/auth.svelte.test.ts[2m > [22m[2mAuth Store Integration with PreloadService[2m > [22m[2mLogin Flow Integration[2m > [22m[2mshould clear cache on failed login
[22m[39m[PreloadService] Clearing preload cache...

[90mstdout[2m | src/lib/stores/auth.svelte.test.ts[2m > [22m[2mAuth Store Integration with PreloadService[2m > [22m[2mAuth Initialization Integration[2m > [22m[2mshould not start preload when user is already authenticated
[22m[39m[PreloadService] Clearing preload cache...
[PreloadService] Clearing preload cache...

stderr | src/lib/stores/auth.svelte.test.ts > Auth Store Integration with PreloadService > Auth Initialization Integration > should not start preload when user is already authenticated
[PreloadService] Error during authenticated graph preload: Error: [vitest] No "getCachedGraph" export is defined on the "../api/graph" mock. Did you forget to return it from "vi.mock"?
If you need to partially mock a module, you can use "importOriginal" helper inside:

    at VitestMocker.createError (file:///D:/knowledge-graph/frontend/node_modules/vitest/dist/chunks/execute.B7h3T_Hc.js:284:17)
    at Object.get (file:///D:/knowledge-graph/frontend/node_modules/vitest/dist/chunks/execute.B7h3T_Hc.js:330:16)
    at PreloadServiceClass.performAuthenticatedPreload (D:\knowledge-graph\frontend\src\lib\services\PreloadService.ts:130:9)
    at PreloadServiceClass.preloadAuthenticatedGraph (D:\knowledge-graph\frontend\src\lib\services\PreloadService.ts:84:32)
    at preloadAuthenticatedGraph (D:\knowledge-graph\frontend\src\lib\services\PreloadService.ts:319:25)
    at Module.initAuth (D:\knowledge-graph\frontend\src\lib\stores\auth.svelte.ts:66:14)
    at processTicksAndRejections (node:internal/process/task_queues:105:5)
    at Module.track_reactivity_loss (D:\knowledge-graph\frontend\node_modules\svelte\src\internal\client\reactivity\async.js:179:14)
    at D:\knowledge-graph\frontend\src\lib\stores\auth.svelte.test.ts:158:5
    at file:///D:/knowledge-graph/frontend/node_modules/@vitest/runner/dist/chunk-hooks.js:752:20 {
  codeFrame: 'vi\x1B[33m.\x1B[39m\x1B[34mmock\x1B[39m(\x1B[35mimport\x1B[39m(\x1B[32m"../api/graph"\x1B[39m)\x1B[33m,\x1B[39m \x1B[35masync\x1B[39m (importOriginal) \x1B[33m=>\x1B[39m {\n' +
    '  \x1B[35mconst\x1B[39m actual \x1B[33m=\x1B[39m \x1B[35mawait\x1B[39m \x1B[34mimportOriginal\x1B[39m()\n' +
    '  \x1B[35mreturn\x1B[39m {\n' +
    '    \x1B[33m...\x1B[39mactual\x1B[33m,\x1B[39m\n' +
    '    \x1B[90m// your mocked methods\x1B[39m\n' +
    '  }\n' +
    '})'
}

[90mstdout[2m | src/lib/stores/auth.svelte.test.ts[2m > [22m[2mAuth Store Integration with PreloadService[2m > [22m[2mAuth Initialization Integration[2m > [22m[2mshould not start preload when user is already authenticated
[22m[39m[PreloadService] Starting authenticated graph preload...

[90mstdout[2m | src/lib/stores/auth.svelte.test.ts[2m > [22m[2mAuth Store Integration with PreloadService[2m > [22m[2mAuth Initialization Integration[2m > [22m[2mshould not start preload when user is already authenticated
[22m[39m[PreloadService] Clearing preload cache...

[90mstdout[2m | src/lib/stores/auth.svelte.test.ts[2m > [22m[2mAuth Store Integration with PreloadService[2m > [22m[2mAuth Initialization Integration[2m > [22m[2mshould handle auth initialization without affecting preload cache
[22m[39m[PreloadService] Clearing preload cache...

[90mstdout[2m | src/lib/stores/auth.svelte.test.ts[2m > [22m[2mAuth Store Integration with PreloadService[2m > [22m[2mAuth Initialization Integration[2m > [22m[2mshould handle auth initialization without affecting preload cache
[22m[39m[PreloadService] Clearing preload cache...

[90mstdout[2m | src/lib/stores/auth.svelte.test.ts[2m > [22m[2mAuth Store Integration with PreloadService[2m > [22m[2mAuth Initialization Integration[2m > [22m[2mshould handle auth initialization without affecting preload cache
[22m[39m[PreloadService] Starting background preload...

[90mstdout[2m | src/lib/stores/auth.svelte.test.ts[2m > [22m[2mAuth Store Integration with PreloadService[2m > [22m[2mAuth Initialization Integration[2m > [22m[2mshould handle auth initialization without affecting preload cache
[22m[39m[PreloadService] Public graph preloaded successfully

[90mstdout[2m | src/lib/stores/auth.svelte.test.ts[2m > [22m[2mAuth Store Integration with PreloadService[2m > [22m[2mAuth Initialization Integration[2m > [22m[2mshould handle auth initialization without affecting preload cache
[22m[39m[PreloadService] Graph preloaded successfully
[PreloadService] Achievements preloaded successfully

[90mstdout[2m | src/lib/stores/auth.svelte.test.ts[2m > [22m[2mAuth Store Integration with PreloadService[2m > [22m[2mAuth Initialization Integration[2m > [22m[2mshould handle auth initialization without affecting preload cache
[22m[39m[PreloadService] Clearing preload cache...

[90mstdout[2m | src/lib/stores/auth.svelte.test.ts[2m > [22m[2mAuth Store Integration with PreloadService[2m > [22m[2mBrowser Environment Integration[2m > [22m[2mshould work correctly in browser environment
[22m[39m[PreloadService] Clearing preload cache...
[PreloadService] Clearing preload cache...

[90mstdout[2m | src/lib/stores/auth.svelte.test.ts[2m > [22m[2mAuth Store Integration with PreloadService[2m > [22m[2mBrowser Environment Integration[2m > [22m[2mshould work correctly in browser environment
[22m[39m[PreloadService] Starting background preload...

[90mstdout[2m | src/lib/stores/auth.svelte.test.ts[2m > [22m[2mAuth Store Integration with PreloadService[2m > [22m[2mBrowser Environment Integration[2m > [22m[2mshould work correctly in browser environment
[22m[39m[PreloadService] Public graph preloaded successfully

[90mstdout[2m | src/lib/stores/auth.svelte.test.ts[2m > [22m[2mAuth Store Integration with PreloadService[2m > [22m[2mBrowser Environment Integration[2m > [22m[2mshould work correctly in browser environment
[22m[39m[PreloadService] Graph preloaded successfully
[PreloadService] Achievements preloaded successfully

[90mstdout[2m | src/lib/stores/auth.svelte.test.ts[2m > [22m[2mAuth Store Integration with PreloadService[2m > [22m[2mBrowser Environment Integration[2m > [22m[2mshould work correctly in browser environment
[22m[39m[PreloadService] Clearing preload cache...

[90mstdout[2m | src/lib/stores/auth.svelte.test.ts[2m > [22m[2mAuth Store Integration with PreloadService[2m > [22m[2mBrowser Environment Integration[2m > [22m[2mshould work correctly in browser environment
[22m[39m[PreloadService] Clearing preload cache...

[90mstdout[2m | src/lib/stores/auth.svelte.test.ts[2m > [22m[2mAuth Store Integration with PreloadService[2m > [22m[2mBrowser Environment Integration[2m > [22m[2mshould work correctly in server environment
[22m[39m[PreloadService] Clearing preload cache...
[PreloadService] Clearing preload cache...

[90mstdout[2m | src/lib/stores/auth.svelte.test.ts[2m > [22m[2mAuth Store Integration with PreloadService[2m > [22m[2mBrowser Environment Integration[2m > [22m[2mshould work correctly in server environment
[22m[39m[PreloadService] Clearing preload cache...

[90mstdout[2m | src/lib/stores/auth.svelte.test.ts[2m > [22m[2mAuth Store Integration with PreloadService[2m > [22m[2mBrowser Environment Integration[2m > [22m[2mshould work correctly in server environment
[22m[39m[PreloadService] Clearing preload cache...

[90mstdout[2m | src/lib/stores/auth.svelte.test.ts[2m > [22m[2mAuth Store Integration with PreloadService[2m > [22m[2mError Handling Integration[2m > [22m[2mshould handle preload service errors gracefully
[22m[39m[PreloadService] Clearing preload cache...
[PreloadService] Clearing preload cache...

[90mstdout[2m | src/lib/stores/auth.svelte.test.ts[2m > [22m[2mAuth Store Integration with PreloadService[2m > [22m[2mError Handling Integration[2m > [22m[2mshould handle preload service errors gracefully
[22m[39m[PreloadService] Clearing preload cache...

[90mstdout[2m | src/lib/stores/auth.svelte.test.ts[2m > [22m[2mAuth Store Integration with PreloadService[2m > [22m[2mError Handling Integration[2m > [22m[2mshould handle preload service errors gracefully
[22m[39m[PreloadService] Clearing preload cache...

[90mstdout[2m | src/lib/stores/auth.svelte.test.ts[2m > [22m[2mAuth Store Integration with PreloadService[2m > [22m[2mConcurrent Operations[2m > [22m[2mshould handle concurrent auth operations with preload
[22m[39m[PreloadService] Clearing preload cache...
[PreloadService] Clearing preload cache...

[90mstdout[2m | src/lib/stores/auth.svelte.test.ts[2m > [22m[2mAuth Store Integration with PreloadService[2m > [22m[2mConcurrent Operations[2m > [22m[2mshould handle concurrent auth operations with preload
[22m[39m[PreloadService] Starting background preload...

[90mstdout[2m | src/lib/stores/auth.svelte.test.ts[2m > [22m[2mAuth Store Integration with PreloadService[2m > [22m[2mConcurrent Operations[2m > [22m[2mshould handle concurrent auth operations with preload
[22m[39m[PreloadService] Public graph preloaded successfully

[90mstdout[2m | src/lib/stores/auth.svelte.test.ts[2m > [22m[2mAuth Store Integration with PreloadService[2m > [22m[2mConcurrent Operations[2m > [22m[2mshould handle concurrent auth operations with preload
[22m[39m[PreloadService] Graph preloaded successfully
[PreloadService] Achievements preloaded successfully

[90mstdout[2m | src/lib/stores/auth.svelte.test.ts[2m > [22m[2mAuth Store Integration with PreloadService[2m > [22m[2mConcurrent Operations[2m > [22m[2mshould handle concurrent auth operations with preload
[22m[39m[PreloadService] Clearing preload cache...

stderr | src/lib/stores/auth.svelte.test.ts > Auth Store Integration with PreloadService > Concurrent Operations > should handle concurrent auth operations with preload
[PreloadService] Error during authenticated graph preload: Error: [vitest] No "getCachedGraph" export is defined on the "../api/graph" mock. Did you forget to return it from "vi.mock"?
If you need to partially mock a module, you can use "importOriginal" helper inside:

    at VitestMocker.createError (file:///D:/knowledge-graph/frontend/node_modules/vitest/dist/chunks/execute.B7h3T_Hc.js:284:17)
    at Object.get (file:///D:/knowledge-graph/frontend/node_modules/vitest/dist/chunks/execute.B7h3T_Hc.js:330:16)
    at PreloadServiceClass.performAuthenticatedPreload (D:\knowledge-graph\frontend\src\lib\services\PreloadService.ts:130:9)
    at PreloadServiceClass.preloadAuthenticatedGraph (D:\knowledge-graph\frontend\src\lib\services\PreloadService.ts:84:32)
    at preloadAuthenticatedGraph (D:\knowledge-graph\frontend\src\lib\services\PreloadService.ts:319:25)
    at Module.login (D:\knowledge-graph\frontend\src\lib\stores\auth.svelte.ts:96:10)
    at processTicksAndRejections (node:internal/process/task_queues:105:5)
    at async Promise.allSettled (index 0)
    at Module.track_reactivity_loss (D:\knowledge-graph\frontend\node_modules\svelte\src\internal\client\reactivity\async.js:179:14)
    at D:\knowledge-graph\frontend\src\lib\stores\auth.svelte.test.ts:306:13 {
  codeFrame: 'vi\x1B[33m.\x1B[39m\x1B[34mmock\x1B[39m(\x1B[35mimport\x1B[39m(\x1B[32m"../api/graph"\x1B[39m)\x1B[33m,\x1B[39m \x1B[35masync\x1B[39m (importOriginal) \x1B[33m=>\x1B[39m {\n' +
    '  \x1B[35mconst\x1B[39m actual \x1B[33m=\x1B[39m \x1B[35mawait\x1B[39m \x1B[34mimportOriginal\x1B[39m()\n' +
    '  \x1B[35mreturn\x1B[39m {\n' +
    '    \x1B[33m...\x1B[39mactual\x1B[33m,\x1B[39m\n' +
    '    \x1B[90m// your mocked methods\x1B[39m\n' +
    '  }\n' +
    '})'
}

[90mstdout[2m | src/lib/stores/auth.svelte.test.ts[2m > [22m[2mAuth Store Integration with PreloadService[2m > [22m[2mConcurrent Operations[2m > [22m[2mshould handle concurrent auth operations with preload
[22m[39m[PreloadService] Starting authenticated graph preload...

[90mstdout[2m | src/lib/stores/auth.svelte.test.ts[2m > [22m[2mAuth Store Integration with PreloadService[2m > [22m[2mConcurrent Operations[2m > [22m[2mshould handle concurrent auth operations with preload
[22m[39m[PreloadService] Clearing preload cache...

 [32mтЬУ[39m src/lib/stores/auth.svelte.test.ts [2m([22m[2m11 tests[22m[2m)[22m[32m 140[2mms[22m[39m
 [32mтЬУ[39m src/lib/api/auth.test.ts [2m([22m[2m9 tests[22m[2m)[22m[32m 36[2mms[22m[39m
 [32mтЬУ[39m src/lib/components/CosmicBackground.spec.ts [2m([22m[2m5 tests[22m[2m | [22m[33m1 skipped[39m[2m)[22m[32m 113[2mms[22m[39m
 [32mтЬУ[39m src/lib/utils/galactic-lexicon.test.ts [2m([22m[2m31 tests[22m[2m)[22m[32m 48[2mms[22m[39m
 [32mтЬУ[39m src/lib/api/notes.test.ts [2m([22m[2m26 tests[22m[2m | [22m[33m5 skipped[39m[2m)[22m[33m 13274[2mms[22m[39m
   [33m[2mтЬУ[22m[39m notes API[2m > [22merror handling[2m > [22mshould handle network errors for getNote [33m 2143[2mms[22m[39m
   [33m[2mтЬУ[22m[39m notes API[2m > [22merror handling[2m > [22mshould handle HTTP 500 errors for getNote [33m 2135[2mms[22m[39m
   [33m[2mтЬУ[22m[39m notes API[2m > [22merror handling[2m > [22mshould handle 500 for updateNote [33m 2170[2mms[22m[39m
   [33m[2mтЬУ[22m[39m notes API[2m > [22merror handling[2m > [22mshould handle 500 for getSuggestions [33m 2161[2mms[22m[39m
   [33m[2mтЬУ[22m[39m notes API[2m > [22merror handling[2m > [22mshould handle network errors for searchNotes [33m 2172[2mms[22m[39m
   [33m[2mтЬУ[22m[39m notes API[2m > [22merror handling[2m > [22mshould handle 500 for getNotes [33m 2178[2mms[22m[39m
 [32mтЬУ[39m src/lib/components/GraphCanvas.links.connection.spec.ts [2m([22m[2m7 tests[22m[2m)[22m[32m 32[2mms[22m[39m
 [32mтЬУ[39m src/lib/utils/variation.test.ts [2m([22m[2m14 tests[22m[2m)[22m[32m 24[2mms[22m[39m
 [32mтЬУ[39m src/lib/types/errors.test.ts [2m([22m[2m8 tests[22m[2m)[22m[32m 48[2mms[22m[39m
 [2m[90mтЖУ[39m[22m src/lib/services/PreloadService.edge-cases.test.ts [2m([22m[2m17 tests[22m[2m | [22m[33m17 skipped[39m[2m)[22m
 [32mтЬУ[39m src/lib/utils/deviceCapabilities.test.ts [2m([22m[2m6 tests[22m[2m)[22m[32m 13[2mms[22m[39m
 [2m[90mтЖУ[39m[22m src/lib/components/PreloadIndicator.svelte.test.ts [2m([22m[2m3 tests[22m[2m | [22m[33m3 skipped[39m[2m)[22m
 [2m[90mтЖУ[39m[22m src/lib/utils/galactic-lexicon.placeholder.spec.ts [2m([22m[2m1 test[22m[2m | [22m[33m1 skipped[39m[2m)[22m

тОптОптОптОптОптОп Failed Tests 26 тОптОптОптОптОптОптОп

 FAIL  src/lib/hooks/usePreloadedData.test.ts > usePreloadedData Hooks > useInstantData > should return empty data when nothing is preloaded
AssertionError: expected { тАж(5) } to deeply equal { тАж(4) }

- Expected
+ Received

@@ -1,7 +1,8 @@
  {
    "achievements": [],
+   "delta": null,
    "graph": {
      "links": [],
      "nodes": [],
    },
    "hasInstantData": false,

 тЭп src/lib/hooks/usePreloadedData.test.ts:239:27
    237|       const instantData = useInstantData();
    238|       
    239|       expect(instantData).toEqual({
       |                           ^
    240|         graph: { nodes: [], links: [] },
    241|         achievements: [],

тОптОптОптОптОптОптОптОптОптОптОптОптОптОптОптОптОптОптОптОптОптОптОп[1/26]тОп

 FAIL  src/lib/services/PreloadService.test.ts > PreloadService > Basic Preloading > should handle preload errors gracefully
Error: Failed to load graph
 тЭп src/lib/services/__mocks__/PreloadService.mocks.ts:121:31
    119| 
    120| // ╨Ь╨╛╨║╨╕ ╨┤╨╗╤П ╨╛╤И╨╕╨▒╨╛╨║
    121| export const mockGraphError = new Error('Failed to load graph');
       |                               ^
    122| export const mockAchievementsError = new Error('Failed to load achieveтАж
    123| 
 тЭп src/lib/services/PreloadService.test.ts:7:1

тОптОптОптОптОптОптОптОптОптОптОптОптОптОптОптОптОптОптОптОптОптОптОп[2/26]тОп

 FAIL  src/lib/services/PreloadService.test.ts > PreloadService > Concurrent Access > should handle concurrent preload requests
AssertionError: expected "spy" to be called 1 times, but got 0 times
 тЭп src/lib/services/PreloadService.test.ts:307:41
    305|       
    306|       // API ╨┤╨╛╨╗╨╢╨╡╨╜ ╨▓╤Л╨╖╨▓╨░╤В╤М╤Б╤П ╤В╨╛╨╗╤М╨║╨╛ ╨╛╨┤╨╕╨╜ ╤А╨░╨╖
    307|       expect(graphApi.getFullGraphData).toHaveBeenCalledTimes(1);
       |                                         ^
    308|       expect(usersApi.getAllAchievements).toHaveBeenCalledTimes(1);
    309|     });

тОптОптОптОптОптОптОптОптОптОптОптОптОптОптОптОптОптОптОптОптОптОптОп[3/26]тОп

 FAIL  src/lib/components/CreateNoteModal.spec.ts > CreateNoteModal > shows validation error when title is empty
TestingLibraryElementError: Unable to find an element with the text: Title is required. This could be because the text is broken up by multiple elements. In this case, you can provide a function for your text matcher to make your matcher more flexible.

Ignored nodes: comments, script, style
<body>
  <div>
    <div
      class="modal-overlay svelte-ta60gp"
      role="presentation"
    >
      <div
        aria-labelledby="modal-title"
        aria-modal="true"
        class="modal-container svelte-ta60gp"
        role="dialog"
      >
        <div
          class="modal-header svelte-ta60gp"
        >
          <h2
            class="svelte-ta60gp"
            id="modal-title"
          >
            Create New Note
          </h2>
           
          <button
            aria-label="Close"
            class="close-btn svelte-ta60gp"
            type="button"
          >
            <svg
              fill="none"
              height="20"
              stroke="currentColor"
              stroke-width="2"
              viewBox="0 0 24 24"
              width="20"
              xmlns="http://www.w3.org/2000/svg"
            >
              <line
                x1="18"
                x2="6"
                y1="6"
                y2="18"
              />
              <line
                x1="6"
                x2="18"
                y1="6"
                y2="18"
              />
            </svg>
          </button>
        </div>
         
        <div
          class="modal-content svelte-ta60gp"
        >
          <form>
            <div
              class="form-group svelte-1yg1em1"
            >
              <label
                class="svelte-1yg1em1"
                for="note-title"
              >
                Title *
              </label>
               
              <input
                class="svelte-1yg1em1"
                data-testid="create-note-title"
                id="note-title"
                name="title"
                placeholder="Enter note title..."
                type="text"
              />
            </div>
             
            <div
              class="form-group svelte-1yg1em1"
            >
              <label
                class="svelte-1yg1em1"
                for="note-type"
              >
                Type
              </label>
               
              <div
                aria-label="Select celestial body type"
                class="type-selector svelte-1repngz"
                id="note-type"
                role="group"
              >
                <button
                  aria-pressed="true"
                  class="type-btn svelte-1repngz active"
                  style="--type-color: var(--color-star, #fbbf24); --type-bg: var(--color-star, #fbbf24)33;"
                  type="button"
                >
                  <span
                    class="emoji svelte-1repngz"
                  >
                    тнР
                  </span>
                   
                  <span
                    class="label svelte-1repngz"
                  >
                    Star
                  </span>
                </button>
                <button
                  aria-pressed="false"
                  class="type-btn svelte-1repngz"
                  style="--type-color: var(--color-planet, #60a5fa); --type-bg: var(--color-planet, #60a5fa)33;"
                  type="button"
                >
                  <span
                    class="emoji svelte-1repngz"
                  >
                    ЁЯкР
                  </span>
                   
                  <span
                    class="label svelte-1repngz"
                  >
                    Planet
                  </span>
                </button>
                <button
                  aria-pressed="false"
                  class="type-btn svelte-1repngz"
                  style="--type-color: var(--color-comet, #f472b6); --type-bg: var(--color-comet, #f472b6)33;"
                  type="button"
                >
                  <span
                    class="emoji svelte-1repngz"
                  >
                    тШДя╕П
                  </span>
                   
                  <span
                    class="label svelte-1repngz"
                  >
                    Comet
                  </span>
                </button>
                <button
                  aria-pressed="false"
                  class="type-btn svelte-1repngz"
                  style="--type-color: var(--color-galaxy, #a78bfa); --type-bg: var(--color-galaxy, #a78bfa)33;"
                  type="button"
                >
                  <span
                    class="emoji svelte-1repngz"
                  >
                    ЁЯМА
                  </span>
                   
                  <span
                    class="label svelte-1repngz"
                  >
                    Galaxy
                  </span>
                </button>
                <button
                  aria-pressed="false"
                  class="type-btn svelte-1repngz"
                  style="--type-color: var(--color-asteroid, #94a3b8); --type-bg: var(--color-asteroid, #94a3b8)33;"
                  type="button"
                >
                  <span
                    class="emoji svelte-1repngz"
                  >
                    тШБя╕П
                  </span>
                   
                  <span
                    class="label svelte-1repngz"
                  >
                    Asteroid
                  </span>
                </button>
                <button
                  aria-pressed="false"
                  class="type-btn svelte-1repngz"
                  style="--type-color: var(--color-satellite, #a1a1aa); --type-bg: var(--color-satellite, #a1a1aa)33;"
                  type="button"
                >
                  <span
                    class="emoji svelte-1repngz"
                  >
                    ЁЯЫ░я╕П
                  </span>
                   
                  <span
                    class="label svelte-1repngz"
                  >
                    Satellite
                  </span>
                </button>
                <button
                  aria-pressed="false"
                  class="type-btn svelte-1repngz"
                  style="--type-color: var(--color-debris, #71717a); --type-bg: var(--color-debris, #71717a)33;"
                  type="button"
                >
                  <span
                    class="emoji svelte-1repngz"
                  >
                    ЁЯЧСя╕П
                  </span>
                   
                  <span
                    class="label svelte-1repngz"
                  >
                    Debris
                  </span>
                </button>
                <button
                  aria-pressed="false"
                  class="type-btn svelte-1repngz"
                  style="--type-color: var(--color-nebula, #c084fc); --type-bg: var(--color-nebula, #c084fc)33;"
                  type="button"
                >
                  <span
                    class="emoji svelte-1repngz"
                  >
                    ЁЯММ
                  </span>
                   
                  <span
                    class="label svelte-1repngz"
                  >
                    Nebula
                  </span>
                </button>
                <button
                  aria-pressed="false"
                  class="type-btn svelte-1repngz"
                  style="--type-color: var(--color-dust, #fbbf24); --type-bg: var(--color-dust, #fbbf24)33;"
                  type="button"
                >
                  <span
                    class="emoji svelte-1repngz"
                  >
                    тЬи
                  </span>
                   
                  <span
                    class="label svelte-1repngz"
                  >
                    Cosmic Dust
                  </span>
                </button>
                
              </div>
            </div>
             
            <div
              class="form-group svelte-1yg1em1"
            >
              <label
                class="svelte-1yg1em1"
                for="note-content"
              >
                Content
              </label>
               
              <textarea
                class="svelte-1yg1em1"
                data-testid="create-note-content"
                id="note-content"
                name="content"
                placeholder="Enter note content..."
                rows="6"
              />
            </div>
             
            <div
              aria-live="assertive"
              class="error-container svelte-8dic2w"
              role="alert"
            >
              <button
                aria-label="╨Ч╨░╨║╤А╤Л╤В╤М ╨╛╤И╨╕╨▒╨║╤Г"
                class="close-button svelte-8dic2w"
                type="button"
              >
                ├Ч
              </button>
               
              <div
                class="error-header svelte-8dic2w"
              >
                <span
                  aria-hidden="true"
                  class="error-icon svelte-8dic2w"
                >
                  тЪая╕П
                </span>
                 
                <span
                  class="error-code svelte-8dic2w"
                >
                  ╨Ю╤И╨╕╨▒╨║╨░: VALIDATION_ERROR
                </span>
              </div>
               
              <p
                class="error-message svelte-8dic2w"
              >
                ...
              </p>
               
            </div>
            
             
            <div
              class="form-actions svelte-1yg1em1"
            >
              <button
                class="button secondary svelte-18sv61c"
                type="button"
              >
                Cancel
              </button>
               
              <button
                class="button primary svelte-18sv61c"
                type="submit"
              >
                Create Note
              </button>
            </div>
          </form>
        </div>
      </div>
    </div>
    
    
  </div>
</body>
 тЭп Object.getElementError node_modules/@testing-library/dom/dist/config.js:37:19
 тЭп node_modules/@testing-library/dom/dist/query-helpers.js:76:38
 тЭп node_modules/@testing-library/dom/dist/query-helpers.js:52:17
 тЭп node_modules/@testing-library/dom/dist/query-helpers.js:95:19
 тЭп src/lib/components/CreateNoteModal.spec.ts:49:19
     47|     await tick();
     48|     
     49|     expect(screen.getByText('Title is required')).toBeInTheDocument();
       |                   ^
     50|     expect(createNote).not.toHaveBeenCalled();
     51|   });

тОптОптОптОптОптОптОптОптОптОптОптОптОптОптОптОптОптОптОптОптОптОптОп[4/26]тОп

 FAIL  src/lib/components/EditNoteModal.spec.ts > EditNoteModal > shows validation error when title is empty
TestingLibraryElementError: Unable to find an element with the text: Title is required. This could be because the text is broken up by multiple elements. In this case, you can provide a function for your text matcher to make your matcher more flexible.

Ignored nodes: comments, script, style
<body>
  <div>
    <div
      class="modal-overlay svelte-ta60gp"
      role="presentation"
    >
      <div
        aria-labelledby="modal-title"
        aria-modal="true"
        class="modal-container svelte-ta60gp"
        role="dialog"
      >
        <div
          class="modal-header svelte-ta60gp"
        >
          <h2
            class="svelte-ta60gp"
            id="modal-title"
          >
            Edit Note
          </h2>
           
          <button
            aria-label="Close"
            class="close-btn svelte-ta60gp"
            type="button"
          >
            <svg
              fill="none"
              height="20"
              stroke="currentColor"
              stroke-width="2"
              viewBox="0 0 24 24"
              width="20"
              xmlns="http://www.w3.org/2000/svg"
            >
              <line
                x1="18"
                x2="6"
                y1="6"
                y2="18"
              />
              <line
                x1="6"
                x2="18"
                y1="6"
                y2="18"
              />
            </svg>
          </button>
        </div>
         
        <div
          class="modal-content svelte-ta60gp"
        >
          <form>
            <div
              aria-live="assertive"
              class="error-container svelte-8dic2w"
              role="alert"
            >
              <button
                aria-label="╨Ч╨░╨║╤А╤Л╤В╤М ╨╛╤И╨╕╨▒╨║╤Г"
                class="close-button svelte-8dic2w"
                type="button"
              >
                ├Ч
              </button>
               
              <div
                class="error-header svelte-8dic2w"
              >
                <span
                  aria-hidden="true"
                  class="error-icon svelte-8dic2w"
                >
                  тЪая╕П
                </span>
                 
                <span
                  class="error-code svelte-8dic2w"
                >
                  ╨Ю╤И╨╕╨▒╨║╨░: VALIDATION_ERROR
                </span>
              </div>
               
              <p
                class="error-message svelte-8dic2w"
              >
                ...
              </p>
               
            </div>
            
             
            <div
              class="form-group svelte-ry3k2t"
            >
              <label
                class="svelte-ry3k2t"
                for="edit-note-title"
              >
                Title *
              </label>
               
              <input
                class="svelte-ry3k2t"
                data-testid="edit-title-input"
                id="edit-note-title"
                placeholder="Enter note title"
                type="text"
              />
            </div>
             
            <div
              class="form-group svelte-ry3k2t"
            >
              <label
                class="svelte-ry3k2t"
                for="edit-note-type"
              >
                Type
              </label>
               
              <div
                aria-label="Select celestial body type"
                class="type-selector svelte-1repngz"
                id="edit-note-type"
                role="group"
              >
                <button
                  aria-pressed="false"
                  class="type-btn svelte-1repngz"
                  style="--type-color: var(--color-star, #fbbf24); --type-bg: var(--color-star, #fbbf24)33;"
                  type="button"
                >
                  <span
                    class="emoji svelte-1repngz"
                  >
                    тнР
                  </span>
                   
                  <span
                    class="label svelte-1repngz"
                  >
                    Star
                  </span>
                </button>
                <button
                  aria-pressed="true"
                  class="type-btn svelte-1repngz active"
                  style="--type-color: var(--color-planet, #60a5fa); --type-bg: var(--color-planet, #60a5fa)33;"
                  type="button"
                >
                  <span
                    class="emoji svelte-1repngz"
                  >
                    ЁЯкР
                  </span>
                   
                  <span
                    class="label svelte-1repngz"
                  >
                    Planet
                  </span>
                </button>
                <button
                  aria-pressed="false"
                  class="type-btn svelte-1repngz"
                  style="--type-color: var(--color-comet, #f472b6); --type-bg: var(--color-comet, #f472b6)33;"
                  type="button"
                >
                  <span
                    class="emoji svelte-1repngz"
                  >
                    тШДя╕П
                  </span>
                   
                  <span
                    class="label svelte-1repngz"
                  >
                    Comet
                  </span>
                </button>
                <button
                  aria-pressed="false"
                  class="type-btn svelte-1repngz"
                  style="--type-color: var(--color-galaxy, #a78bfa); --type-bg: var(--color-galaxy, #a78bfa)33;"
                  type="button"
                >
                  <span
                    class="emoji svelte-1repngz"
                  >
                    ЁЯМА
                  </span>
                   
                  <span
                    class="label svelte-1repngz"
                  >
                    Galaxy
                  </span>
                </button>
                <button
                  aria-pressed="false"
                  class="type-btn svelte-1repngz"
                  style="--type-color: var(--color-asteroid, #94a3b8); --type-bg: var(--color-asteroid, #94a3b8)33;"
                  type="button"
                >
                  <span
                    class="emoji svelte-1repngz"
                  >
                    тШБя╕П
                  </span>
                   
                  <span
                    class="label svelte-1repngz"
                  >
                    Asteroid
                  </span>
                </button>
                <button
                  aria-pressed="false"
                  class="type-btn svelte-1repngz"
                  style="--type-color: var(--color-satellite, #a1a1aa); --type-bg: var(--color-satellite, #a1a1aa)33;"
                  type="button"
                >
                  <span
                    class="emoji svelte-1repngz"
                  >
                    ЁЯЫ░я╕П
                  </span>
                   
                  <span
                    class="label svelte-1repngz"
                  >
                    Satellite
                  </span>
                </button>
                <button
                  aria-pressed="false"
                  class="type-btn svelte-1repngz"
                  style="--type-color: var(--color-debris, #71717a); --type-bg: var(--color-debris, #71717a)33;"
                  type="button"
                >
                  <span
                    class="emoji svelte-1repngz"
                  >
                    ЁЯЧСя╕П
                  </span>
                   
                  <span
                    class="label svelte-1repngz"
                  >
                    Debris
                  </span>
                </button>
                <button
                  aria-pressed="false"
                  class="type-btn svelte-1repngz"
                  style="--type-color: var(--color-nebula, #c084fc); --type-bg: var(--color-nebula, #c084fc)33;"
                  type="button"
                >
                  <span
                    class="emoji svelte-1repngz"
                  >
                    ЁЯММ
                  </span>
                   
                  <span
                    class="label svelte-1repngz"
                  >
                    Nebula
                  </span>
                </button>
                <button
                  aria-pressed="false"
                  class="type-btn svelte-1repngz"
                  style="--type-color: var(--color-dust, #fbbf24); --type-bg: var(--color-dust, #fbbf24)33;"
                  type="button"
                >
                  <span
                    class="emoji svelte-1repngz"
                  >
                    тЬи
                  </span>
                   
                  <span
                    class="label svelte-1repngz"
                  >
                    Cosmic Dust
                  </span>
                </button>
                
              </div>
            </div>
             
            <div
              class="form-group svelte-ry3k2t"
            >
              <label
                class="svelte-ry3k2t"
                for="edit-note-content"
              >
                Content
              </label>
               
              <textarea
                class="svelte-ry3k2t"
                data-testid="edit-content-input"
                id="edit-note-content"
                placeholder="Enter note content"
                rows="6"
              />
            </div>
             
            <div
              class="modal-footer svelte-ry3k2t"
            >
              <button
                class="button secondary svelte-18sv61c"
                type="button"
              >
                Cancel
              </button>
               
              <button
                class="button primary svelte-18sv61c"
                type="submit"
              >
                Save Changes
              </button>
            </div>
          </form>
          
        </div>
      </div>
    </div>
    
    
  </div>
</body>
 тЭп Object.getElementError node_modules/@testing-library/dom/dist/config.js:37:19
 тЭп node_modules/@testing-library/dom/dist/query-helpers.js:76:38
 тЭп node_modules/@testing-library/dom/dist/query-helpers.js:52:17
 тЭп node_modules/@testing-library/dom/dist/query-helpers.js:95:19
 тЭп src/lib/components/EditNoteModal.spec.ts:125:19
    123|     await tick();
    124| 
    125|     expect(screen.getByText('Title is required')).toBeInTheDocument();
       |                   ^
    126|     expect(mockUpdateNote).not.toHaveBeenCalled();
    127|   });

тОптОптОптОптОптОптОптОптОптОптОптОптОптОптОптОптОптОптОптОптОптОптОп[5/26]тОп

 FAIL  src/lib/components/GraphCanvas.links-detailed.spec.ts > GraphCanvas - Link Rendering Detailed > Link Type Styles > reference link uses solid blue line (#3366ff)
AssertionError: expected 'rgba(139, 92, 246, 0.7200000000000001)' to contain '51, 102, 255'

Expected: "51, 102, 255"
Received: "rgba(139, 92, 246, 0.7200000000000001)"

 тЭп src/lib/components/GraphCanvas.links-detailed.spec.ts:115:39
    113|       const strokeCall = ctxCalls.find(c => c.method === 'stroke');
    114|       expect(strokeCall).toBeDefined();
    115|       expect(strokeCall?.strokeStyle).toContain('51, 102, 255'); // rgтАж
       |                                       ^
    116| 
    117|       // Check dash is empty (solid line)

тОптОптОптОптОптОптОптОптОптОптОптОптОптОптОптОптОптОптОптОптОптОптОп[6/26]тОп

 FAIL  src/lib/components/GraphCanvas.links-detailed.spec.ts > GraphCanvas - Link Rendering Detailed > Link Type Styles > dependency link uses dashed orange line (#ff6600)
AssertionError: expected 'rgba(255, 58, 47, 0.7200000000000001)' to contain '255, 102'

Expected: "255, 102"
Received: "rgba(255, 58, 47, 0.7200000000000001)"

 тЭп src/lib/components/GraphCanvas.links-detailed.spec.ts:133:39
    131|       const strokeCall = ctxCalls.find(c => c.method === 'stroke');
    132|       expect(strokeCall).toBeDefined();
    133|       expect(strokeCall?.strokeStyle).toContain('255, 102'); // rgba wтАж
       |                                       ^
    134| 
    135|       // Check for dash pattern

тОптОптОптОптОптОптОптОптОптОптОптОптОптОптОптОптОптОптОптОптОптОптОп[7/26]тОп

 FAIL  src/lib/components/GraphCanvas.links-detailed.spec.ts > GraphCanvas - Link Rendering Detailed > Link Type Styles > related link with strong weight uses solid gray line
AssertionError: expected 'rgba(107, 114, 128, 0.720000000000000тАж' to contain '153, 153'

Expected: "153, 153"
Received: "rgba(107, 114, 128, 0.7200000000000001)"

 тЭп src/lib/components/GraphCanvas.links-detailed.spec.ts:150:39
    148|       const strokeCall = ctxCalls.find(c => c.method === 'stroke');
    149|       expect(strokeCall).toBeDefined();
    150|       expect(strokeCall?.strokeStyle).toContain('153, 153'); // gray
       |                                       ^
    151|     });
    152| 

тОптОптОптОптОптОптОптОптОптОптОптОптОптОптОптОптОптОптОптОптОптОптОп[8/26]тОп

 FAIL  src/lib/components/GraphCanvas.links-detailed.spec.ts > GraphCanvas - Link Rendering Detailed > Link Type Styles > custom link uses dotted pink line (#ff66ff)
AssertionError: expected 'rgba(232, 121, 249, 0.720000000000000тАж' to contain '255, 102, 255'

Expected: "255, 102, 255"
Received: "rgba(232, 121, 249, 0.7200000000000001)"

 тЭп src/lib/components/GraphCanvas.links-detailed.spec.ts:178:39
    176|       const strokeCall = ctxCalls.find(c => c.method === 'stroke');
    177|       expect(strokeCall).toBeDefined();
    178|       expect(strokeCall?.strokeStyle).toContain('255, 102, 255'); // pтАж
       |                                       ^
    179| 
    180|       // Check for dotted pattern

тОптОптОптОптОптОптОптОптОптОптОптОптОптОптОптОптОптОптОптОптОптОптОп[9/26]тОп

 FAIL  src/lib/components/GraphCanvas.links-detailed.spec.ts > GraphCanvas - Link Rendering Detailed > Link Colors Helper Functions > getLinkColor returns correct color for each type
AssertionError: expected 'rgba(139, 92, 246, 0.7200000000000001)' to contain 'rgba(51, 102, 255'

Expected: "rgba(51, 102, 255"
Received: "rgba(139, 92, 246, 0.7200000000000001)"

 тЭп src/lib/components/GraphCanvas.links-detailed.spec.ts:232:30
    230|     it('getLinkColor returns correct color for each type', () => {
    231|       const referenceColor = renderer.getLinkColor(0.8, 'reference');
    232|       expect(referenceColor).toContain('rgba(51, 102, 255');
       |                              ^
    233| 
    234|       const dependencyColor = renderer.getLinkColor(0.8, 'dependency');

тОптОптОптОптОптОптОптОптОптОптОптОптОптОптОптОптОптОптОптОптОптОп[10/26]тОп

 FAIL  src/lib/components/GraphCanvas.links.visual.spec.ts > GraphCanvas - Link Visual Correctness > Link drawing functions > should use correct colors for reference links
AssertionError: expected 'rgba(139, 92, 246, 0.6000000000000001)' to contain '51, 102, 255'

Expected: "51, 102, 255"
Received: "rgba(139, 92, 246, 0.6000000000000001)"

 тЭп src/lib/components/GraphCanvas.links.visual.spec.ts:37:21
     35|     it('should use correct colors for reference links', () => {
     36|       const color = renderer.getLinkColor(0.5, 'reference');
     37|       expect(color).toContain('51, 102, 255'); // Blue reference color
       |                     ^
     38|     });
     39| 

тОптОптОптОптОптОптОптОптОптОптОптОптОптОптОптОптОптОптОптОптОптОп[11/26]тОп

 FAIL  src/lib/components/GraphCanvas.links.visual.spec.ts > GraphCanvas - Link Visual Correctness > Link drawing functions > should use correct colors for dependency links
AssertionError: expected 'rgba(255, 58, 47, 0.6000000000000001)' to contain '255, 102, 0'

Expected: "255, 102, 0"
Received: "rgba(255, 58, 47, 0.6000000000000001)"

 тЭп src/lib/components/GraphCanvas.links.visual.spec.ts:42:21
     40|     it('should use correct colors for dependency links', () => {
     41|       const color = renderer.getLinkColor(0.5, 'dependency');
     42|       expect(color).toContain('255, 102, 0'); // Orange dependency colтАж
       |                     ^
     43|     });
     44| 

тОптОптОптОптОптОптОптОптОптОптОптОптОптОптОптОптОптОптОптОптОптОп[12/26]тОп

 FAIL  src/lib/components/GraphCanvas.links.visual.spec.ts > GraphCanvas - Link Visual Correctness > Link drawing functions > should use correct colors for related links
AssertionError: expected 'rgba(107, 114, 128, 0.600000000000000тАж' to contain '153, 153, 153'

Expected: "153, 153, 153"
Received: "rgba(107, 114, 128, 0.6000000000000001)"

 тЭп src/lib/components/GraphCanvas.links.visual.spec.ts:47:21
     45|     it('should use correct colors for related links', () => {
     46|       const color = renderer.getLinkColor(0.5, 'related');
     47|       expect(color).toContain('153, 153, 153'); // Gray related color
       |                     ^
     48|     });
     49| 

тОптОптОптОптОптОптОптОптОптОптОптОптОптОптОптОптОптОптОптОптОптОп[13/26]тОп

 FAIL  src/lib/components/GraphCanvas.links.visual.spec.ts > GraphCanvas - Link Visual Correctness > Link drawing functions > should use correct colors for custom links
AssertionError: expected 'rgba(232, 121, 249, 0.600000000000000тАж' to contain '255, 102, 255'

Expected: "255, 102, 255"
Received: "rgba(232, 121, 249, 0.6000000000000001)"

 тЭп src/lib/components/GraphCanvas.links.visual.spec.ts:52:21
     50|     it('should use correct colors for custom links', () => {
     51|       const color = renderer.getLinkColor(0.5, 'custom');
     52|       expect(color).toContain('255, 102, 255'); // Pink custom color
       |                     ^
     53|     });
     54| 

тОптОптОптОптОптОптОптОптОптОптОптОптОптОптОптОптОптОптОптОптОптОп[14/26]тОп

 FAIL  src/lib/components/GraphCanvas.node-types.spec.ts > GraphCanvas - Node Type Rendering > Node Type Colors and Styles > drawStar uses correct colors (#ffdd88 fill, #cc9900 stroke)
AssertionError: expected '#ffcc00' to be '#ffdd88' // Object.is equality

Expected: "#ffdd88"
Received: "#ffcc00"

 тЭп src/lib/components/GraphCanvas.node-types.spec.ts:128:29
    126|       renderer.drawStar(ctx, 100, 100, 20, 0);
    127| 
    128|       expect(ctx.fillStyle).toBe('#ffdd88');
       |                             ^
    129|       expect(ctx.strokeStyle).toBe('#cc9900');
    130|       expect(ctx.lineWidth).toBe(2);

тОптОптОптОптОптОптОптОптОптОптОптОптОптОптОптОптОптОптОптОптОптОп[15/26]тОп

 FAIL  src/lib/components/GraphCanvas.node-types.spec.ts > GraphCanvas - Node Type Rendering > Node Type Colors and Styles > drawPlanet uses correct default color (#c9b37c) for main body
AssertionError: expected '#60a5fa' to be '#c9b37c' // Object.is equality

Expected: "#c9b37c"
Received: "#60a5fa"

 тЭп src/lib/components/GraphCanvas.node-types.spec.ts:149:29
    147| 
    148|       // First fillStyle should be the main planet color #c9b37c
    149|       expect(fillStyles[0]).toBe('#c9b37c');
       |                             ^
    150|     });
    151| 

тОптОптОптОптОптОптОптОптОптОптОптОптОптОптОптОптОптОптОптОптОптОп[16/26]тОп

 FAIL  src/lib/components/GraphCanvas.node-types.spec.ts > GraphCanvas - Node Type Rendering > Node Type Colors and Styles > drawComet uses correct color (#aaffdd)
AssertionError: expected '#e879f9' to be '#aaffdd' // Object.is equality

Expected: "#aaffdd"
Received: "#e879f9"

 тЭп src/lib/components/GraphCanvas.node-types.spec.ts:167:29
    165|       renderer.drawComet(ctx, 100, 100, 20, 0);
    166| 
    167|       expect(ctx.fillStyle).toBe('#aaffdd');
       |                             ^
    168|       expect(ctx.strokeStyle).toBe('rgba(170, 255, 221, 0.6)');
    169|       expect(ctx.lineWidth).toBe(4);

тОптОптОптОптОптОптОптОптОптОптОптОптОптОптОптОптОптОптОптОптОптОп[17/26]тОп

 FAIL  src/lib/components/GraphCanvas.node-types.spec.ts > GraphCanvas - Node Type Rendering > Node Type Colors and Styles > drawGalaxy uses purple spiral colors
AssertionError: expected 'rgba(192, 132, 252, 0.099999999999999тАж' to contain 'rgba(200, 180, 255'

Expected: "rgba(200, 180, 255"
Received: "rgba(192, 132, 252, 0.09999999999999998)"

 тЭп src/lib/components/GraphCanvas.node-types.spec.ts:187:29
    185| 
    186|       // Galaxy uses rgba with purple/white colors
    187|       expect(ctx.fillStyle).toContain('rgba(200, 180, 255');
       |                             ^
    188|     });
    189| 

тОптОптОптОптОптОптОптОптОптОптОптОптОптОптОптОптОптОптОптОптОптОп[18/26]тОп

 FAIL  src/lib/components/GraphCanvas.node-types.spec.ts > GraphCanvas - Node Type Rendering > Node Type Colors and Styles > drawAsteroid uses correct rocky color (#8b7355)
AssertionError: expected '#94a3b8' to be '#8b7355' // Object.is equality

Expected: "#8b7355"
Received: "#94a3b8"

 тЭп src/lib/components/GraphCanvas.node-types.spec.ts:205:29
    203|       renderer.drawAsteroid(ctx, 100, 100, 20, 0);
    204| 
    205|       expect(ctx.fillStyle).toBe('#8b7355');
       |                             ^
    206|       expect(ctx.strokeStyle).toBe('#5c4a3a');
    207|     });

тОптОптОптОптОптОптОптОптОптОптОптОптОптОптОптОптОптОптОптОптОптОп[19/26]тОп

 FAIL  src/lib/components/GraphCanvas.node-types.visual.spec.ts > GraphCanvas - Visual Node Type Correctness > Planet visual properties > should use correct fill colors for planet
AssertionError: expected false to be true // Object.is equality

- Expected
+ Received

- true
+ false

 тЭп src/lib/components/GraphCanvas.node-types.visual.spec.ts:210:107
    208|       
    209|       // Planet should use earthy/golden colors (with hue shift variatтАж
    210|       expect(fillStyleCalls.some((c) => c.value.startsWith('#') && ['cтАж
       |                                                                                                           ^
    211|     });
    212| 

тОптОптОптОптОптОптОптОптОптОптОптОптОптОптОптОптОптОптОптОптОптОп[20/26]тОп

 FAIL  src/lib/components/GraphCanvas.node-types.visual.spec.ts > GraphCanvas - Visual Node Type Correctness > Comet visual properties > should use correct fill colors for comet
AssertionError: expected false to be true // Object.is equality

- Expected
+ Received

- true
+ false

 тЭп src/lib/components/GraphCanvas.node-types.visual.spec.ts:239:11
    237|         const color = c.value as string;
    238|         return color.startsWith('#') && color[1] === 'a'; // Cyan/aquaтАж
    239|       })).toBe(true);
       |           ^
    240|     });
    241| 

тОптОптОптОптОптОптОптОптОптОптОптОптОптОптОптОптОптОптОптОптОптОп[21/26]тОп

 FAIL  src/lib/components/GraphCanvas.node-types.visual.spec.ts > GraphCanvas - Visual Node Type Correctness > Nebula visual properties > should use correct turquoise colors for nebula
AssertionError: expected false to be true // Object.is equality

- Expected
+ Received

- true
+ false

 тЭп src/lib/components/GraphCanvas.node-types.visual.spec.ts:318:101
    316| 
    317|       // Nebula should use turquoise colors
    318|       expect(fillStyleCalls.some((c: CanvasCall) => (c.value as stringтАж
       |                                                                                                     ^
    319|       expect(fillStyleCalls.some((c: CanvasCall) => (c.value as stringтАж
    320|     });

тОптОптОптОптОптОптОптОптОптОптОптОптОптОптОптОптОптОптОптОптОптОп[22/26]тОп

 FAIL  src/lib/components/GraphCanvas.node-types.visual.spec.ts > GraphCanvas - Visual Node Type Correctness > Moon visual properties > should draw moon with crater
AssertionError: expected false to be true // Object.is equality

- Expected
+ Received

- true
+ false

 тЭп src/lib/components/GraphCanvas.node-types.visual.spec.ts:408:83
    406| 
    407|       // Moon has body (light grey) and crater (darker grey)
    408|       expect(fillStyleCalls.some((c) => c.value.startsWith('#') && c[1тАж
       |                                                                                   ^
    409|       expect(fillStyleCalls.some((c) => c.value.startsWith('#') && c[1тАж
    410|     });

тОптОптОптОптОптОптОптОптОптОптОптОптОптОптОптОптОптОптОптОптОптОп[23/26]тОп

 FAIL  src/lib/components/GraphCanvas.node-types.visual.spec.ts > GraphCanvas - Visual Node Type Correctness > Type uniqueness > should use unique color schemes for each celestial type
AssertionError: expected false to be true // Object.is equality

- Expected
+ Received

- true
+ false

 тЭп src/lib/components/GraphCanvas.node-types.visual.spec.ts:433:99
    431|       // Verify each type has unique primary color (with hue shift varтАж
    432|       expect(typeColors['star'].some(c => c.startsWith('#') && c[1] ==тАж
    433|       expect(typeColors['planet'].some(c => c.startsWith('#') && ['c',тАж
       |                                                                                                   ^
    434|       expect(typeColors['comet'].some(c => c.startsWith('#') && c[1] =тАж
    435|       expect(typeColors['galaxy'].some(c => c.includes('rgba'))).toBe(тАж

тОптОптОптОптОптОптОптОптОптОптОптОптОптОптОптОптОптОптОптОптОптОп[24/26]тОп

 FAIL  src/lib/stores/auth.svelte.integration.test.ts > Auth Store Integration with PreloadService (Simplified) > Login Flow Integration > should not interfere with preload cache during login
AssertionError: expected false to be true // Object.is equality

- Expected
+ Received

- true
+ false

 тЭп src/lib/stores/auth.svelte.integration.test.ts:148:27
    146|       const loginResult = await login('testuser', 'password');
    147|       
    148|       expect(loginResult).toBe(true);
       |                           ^
    149|       
    150|       // clearPreloadCache ╨╜╨╡ ╨┤╨╛╨╗╨╢╨╡╨╜ ╨▓╤Л╨╖╤Л╨▓╨░╤В╤М╤Б╤П ╨┐╤А╨╕ ╨▓╤Е╨╛╨┤╨╡

тОптОптОптОптОптОптОптОптОптОптОптОптОптОптОптОптОптОптОптОптОптОп[25/26]тОп

 FAIL  src/lib/stores/auth.svelte.integration.test.ts > Auth Store Integration with PreloadService (Simplified) > Auth Initialization Integration > should not start preload when user is already authenticated
AssertionError: expected false to be true // Object.is equality

- Expected
+ Received

- true
+ false

 тЭп src/lib/stores/auth.svelte.integration.test.ts:196:33
    194|       
    195|       // ╨Я╤А╨╛╨▓╨╡╤А╤П╨╡╨╝, ╤З╤В╨╛ ╨┐╨╛╨╗╤М╨╖╨╛╨▓╨░╤В╨╡╨╗╤М ╨░╤Г╤В╨╡╨╜╤В╨╕╤Д╨╕╤Ж╨╕╤А╨╛╨▓╨░╨╜
    196|       expect(isAuthenticated()).toBe(true);
       |                                 ^
    197|       
    198|       // clearPreloadCache ╨╜╨╡ ╨┤╨╛╨╗╨╢╨╡╨╜ ╨▓╤Л╨╖╤Л╨▓╨░╤В╤М╤Б╤П ╨┐╤А╨╕ ╨╕╨╜╨╕╤Ж╨╕╨░╨╗╨╕╨╖╨░╤Ж╨╕╨╕

тОптОптОптОптОптОптОптОптОптОптОптОптОптОптОптОптОптОптОптОптОптОп[26/26]тОп

тОптОптОптОптОптОп Unhandled Errors тОптОптОптОптОптОп

Vitest caught 3 unhandled errors during the test run.
This might cause false positive tests. Resolve unhandled errors to make sure your tests are not affected.

тОптОптОптОп Unhandled Rejection тОптОптОптОптОп
Error: [vitest] No "getCachedGraph" export is defined on the "../api/graph" mock. Did you forget to return it from "vi.mock"?
If you need to partially mock a module, you can use "importOriginal" helper inside:

vi.mock(import("../api/graph"), async (importOriginal) => {
  const actual = await importOriginal()
  return {
    ...actual,
    // your mocked methods
  }
})

 тЭп VitestMocker.createError node_modules/vitest/dist/chunks/execute.B7h3T_Hc.js:284:17
 тЭп Object.get node_modules/vitest/dist/chunks/execute.B7h3T_Hc.js:330:16
 тЭп PreloadServiceClass.performAuthenticatedPreload src/lib/services/PreloadService.ts:130:9
    128|     try {
    129|       const [cachedResult, freshResult] = await Promise.allSettled([
    130|         getCachedGraph(),
       |         ^
    131|         getFreshGraph()
    132|       ]);
 тЭп PreloadServiceClass.preloadAuthenticatedGraph src/lib/services/PreloadService.ts:84:32
 тЭп preloadAuthenticatedGraph src/lib/services/PreloadService.ts:319:25
 тЭп Module.login src/lib/stores/auth.svelte.ts:96:10
 тЭп processTicksAndRejections node:internal/process/task_queues:105:5
 тЭп Module.track_reactivity_loss node_modules/svelte/src/internal/client/reactivity/async.js:179:14
 тЭп src/lib/stores/auth.svelte.test.ts:163:13
 тЭп node_modules/@vitest/runner/dist/chunk-hooks.js:752:20

This error originated in "src/lib/stores/auth.svelte.test.ts" test file. It doesn't mean the error was thrown inside the file itself, but while it was running.

тОптОптОптОп Unhandled Rejection тОптОптОптОптОп
Error: [vitest] No "getCachedGraph" export is defined on the "../api/graph" mock. Did you forget to return it from "vi.mock"?
If you need to partially mock a module, you can use "importOriginal" helper inside:

vi.mock(import("../api/graph"), async (importOriginal) => {
  const actual = await importOriginal()
  return {
    ...actual,
    // your mocked methods
  }
})

 тЭп VitestMocker.createError node_modules/vitest/dist/chunks/execute.B7h3T_Hc.js:284:17
 тЭп Object.get node_modules/vitest/dist/chunks/execute.B7h3T_Hc.js:330:16
 тЭп PreloadServiceClass.performAuthenticatedPreload src/lib/services/PreloadService.ts:130:9
    128|     try {
    129|       const [cachedResult, freshResult] = await Promise.allSettled([
    130|         getCachedGraph(),
       |         ^
    131|         getFreshGraph()
    132|       ]);
 тЭп PreloadServiceClass.preloadAuthenticatedGraph src/lib/services/PreloadService.ts:84:32
 тЭп preloadAuthenticatedGraph src/lib/services/PreloadService.ts:319:25
 тЭп Module.initAuth src/lib/stores/auth.svelte.ts:66:14
 тЭп processTicksAndRejections node:internal/process/task_queues:105:5
 тЭп Module.track_reactivity_loss node_modules/svelte/src/internal/client/reactivity/async.js:179:14
 тЭп src/lib/stores/auth.svelte.test.ts:158:5
 тЭп node_modules/@vitest/runner/dist/chunk-hooks.js:752:20

This error originated in "src/lib/stores/auth.svelte.test.ts" test file. It doesn't mean the error was thrown inside the file itself, but while it was running.

тОптОптОптОп Unhandled Rejection тОптОптОптОптОп
Error: [vitest] No "getCachedGraph" export is defined on the "../api/graph" mock. Did you forget to return it from "vi.mock"?
If you need to partially mock a module, you can use "importOriginal" helper inside:

vi.mock(import("../api/graph"), async (importOriginal) => {
  const actual = await importOriginal()
  return {
    ...actual,
    // your mocked methods
  }
})

 тЭп VitestMocker.createError node_modules/vitest/dist/chunks/execute.B7h3T_Hc.js:284:17
 тЭп Object.get node_modules/vitest/dist/chunks/execute.B7h3T_Hc.js:330:16
 тЭп PreloadServiceClass.performAuthenticatedPreload src/lib/services/PreloadService.ts:130:9
    128|     try {
    129|       const [cachedResult, freshResult] = await Promise.allSettled([
    130|         getCachedGraph(),
       |         ^
    131|         getFreshGraph()
    132|       ]);
 тЭп PreloadServiceClass.preloadAuthenticatedGraph src/lib/services/PreloadService.ts:84:32
 тЭп preloadAuthenticatedGraph src/lib/services/PreloadService.ts:319:25
 тЭп Module.login src/lib/stores/auth.svelte.ts:96:10
 тЭп processTicksAndRejections node:internal/process/task_queues:105:5
 тЭп Module.track_reactivity_loss node_modules/svelte/src/internal/client/reactivity/async.js:179:14
 тЭп src/lib/stores/auth.svelte.test.ts:306:13

This error originated in "src/lib/stores/auth.svelte.test.ts" test file. It doesn't mean the error was thrown inside the file itself, but while it was running.
тОптОптОптОптОптОптОптОптОптОптОптОптОптОптОптОптОптОптОптОптОптОптОптОптОптОптОптОптОптОп


[2m Test Files [22m [1m[31m9 failed[39m[22m[2m | [22m[1m[32m29 passed[39m[22m[2m | [22m[33m3 skipped[39m[90m (41)[39m
[2m      Tests [22m [1m[31m26 failed[39m[22m[2m | [22m[1m[32m394 passed[39m[22m[2m | [22m[33m28 skipped[39m[90m (448)[39m
[2m     Errors [22m [1m[31m3 errors[39m[22m
[2m   Start at [22m 11:06:08
[2m   Duration [22m 27.00s[2m (transform 6.41s, setup 83.01s, collect 12.36s, tests 74.15s, environment 78.00s, prepare 13.69s)[22m

